Archive member included to satisfy reference by file (symbol)

/home/joao/Desktop/arm_tools/gcc-arm-none-eabi-7-2018-q2-update/bin/../lib/gcc/arm-none-eabi/7.3.1/thumb/v7e-m/fpv4-sp/hard/libgcc.a(_arm_addsubdf3.o)
                              bin/obj/printf/printf.o (__aeabi_dsub)
/home/joao/Desktop/arm_tools/gcc-arm-none-eabi-7-2018-q2-update/bin/../lib/gcc/arm-none-eabi/7.3.1/thumb/v7e-m/fpv4-sp/hard/libgcc.a(_arm_muldivdf3.o)
                              bin/obj/printf/printf.o (__aeabi_dmul)
/home/joao/Desktop/arm_tools/gcc-arm-none-eabi-7-2018-q2-update/bin/../lib/gcc/arm-none-eabi/7.3.1/thumb/v7e-m/fpv4-sp/hard/libgcc.a(_arm_cmpdf2.o)
                              bin/obj/printf/printf.o (__aeabi_dcmpeq)
/home/joao/Desktop/arm_tools/gcc-arm-none-eabi-7-2018-q2-update/bin/../lib/gcc/arm-none-eabi/7.3.1/thumb/v7e-m/fpv4-sp/hard/libgcc.a(_arm_fixdfsi.o)
                              bin/obj/printf/printf.o (__aeabi_d2iz)
/home/joao/Desktop/arm_tools/gcc-arm-none-eabi-7-2018-q2-update/bin/../lib/gcc/arm-none-eabi/7.3.1/thumb/v7e-m/fpv4-sp/hard/libgcc.a(_arm_fixunsdfsi.o)
                              bin/obj/printf/printf.o (__aeabi_d2uiz)
/home/joao/Desktop/arm_tools/gcc-arm-none-eabi-7-2018-q2-update/bin/../lib/gcc/arm-none-eabi/7.3.1/thumb/v7e-m/fpv4-sp/hard/libgcc.a(_aeabi_uldivmod.o)
                              bin/obj/printf/printf.o (__aeabi_uldivmod)
/home/joao/Desktop/arm_tools/gcc-arm-none-eabi-7-2018-q2-update/bin/../lib/gcc/arm-none-eabi/7.3.1/thumb/v7e-m/fpv4-sp/hard/libgcc.a(_udivmoddi4.o)
                              /home/joao/Desktop/arm_tools/gcc-arm-none-eabi-7-2018-q2-update/bin/../lib/gcc/arm-none-eabi/7.3.1/thumb/v7e-m/fpv4-sp/hard/libgcc.a(_aeabi_uldivmod.o) (__udivmoddi4)
/home/joao/Desktop/arm_tools/gcc-arm-none-eabi-7-2018-q2-update/bin/../lib/gcc/arm-none-eabi/7.3.1/thumb/v7e-m/fpv4-sp/hard/libgcc.a(_dvmd_tls.o)
                              /home/joao/Desktop/arm_tools/gcc-arm-none-eabi-7-2018-q2-update/bin/../lib/gcc/arm-none-eabi/7.3.1/thumb/v7e-m/fpv4-sp/hard/libgcc.a(_aeabi_uldivmod.o) (__aeabi_ldiv0)

Discarded input sections

 .text          0x0000000000000000        0x0 bin/obj/exc_handler.o
 .data          0x0000000000000000        0x0 bin/obj/exc_handler.o
 .bss           0x0000000000000000        0x0 bin/obj/exc_handler.o
 .text          0x0000000000000000        0x0 bin/obj/main.o
 .data          0x0000000000000000        0x0 bin/obj/main.o
 .bss           0x0000000000000000        0x0 bin/obj/main.o
 .text          0x0000000000000000        0x0 bin/obj/systick.o
 .data          0x0000000000000000        0x0 bin/obj/systick.o
 .bss           0x0000000000000000        0x0 bin/obj/systick.o
 .text.delay_ms
                0x0000000000000000       0x28 bin/obj/systick.o
 .text          0x0000000000000000        0x0 bin/obj/startup.o
 .data          0x0000000000000000        0x0 bin/obj/startup.o
 .bss           0x0000000000000000        0x0 bin/obj/startup.o
 .text          0x0000000000000000        0x0 bin/obj/printf/printf.o
 .data          0x0000000000000000        0x0 bin/obj/printf/printf.o
 .bss           0x0000000000000000        0x0 bin/obj/printf/printf.o
 .text._out_buffer
                0x0000000000000000        0x8 bin/obj/printf/printf.o
 .text._out_fct
                0x0000000000000000        0x6 bin/obj/printf/printf.o
 .text.sprintf  0x0000000000000000       0x28 bin/obj/printf/printf.o
 .text.snprintf
                0x0000000000000000       0x28 bin/obj/printf/printf.o
 .text.vsnprintf
                0x0000000000000000       0x1c bin/obj/printf/printf.o
 .text.fctprintf
                0x0000000000000000       0x2c bin/obj/printf/printf.o
 .data          0x0000000000000000        0x0 /home/joao/Desktop/arm_tools/gcc-arm-none-eabi-7-2018-q2-update/bin/../lib/gcc/arm-none-eabi/7.3.1/thumb/v7e-m/fpv4-sp/hard/libgcc.a(_arm_addsubdf3.o)
 .bss           0x0000000000000000        0x0 /home/joao/Desktop/arm_tools/gcc-arm-none-eabi-7-2018-q2-update/bin/../lib/gcc/arm-none-eabi/7.3.1/thumb/v7e-m/fpv4-sp/hard/libgcc.a(_arm_addsubdf3.o)
 .data          0x0000000000000000        0x0 /home/joao/Desktop/arm_tools/gcc-arm-none-eabi-7-2018-q2-update/bin/../lib/gcc/arm-none-eabi/7.3.1/thumb/v7e-m/fpv4-sp/hard/libgcc.a(_arm_muldivdf3.o)
 .bss           0x0000000000000000        0x0 /home/joao/Desktop/arm_tools/gcc-arm-none-eabi-7-2018-q2-update/bin/../lib/gcc/arm-none-eabi/7.3.1/thumb/v7e-m/fpv4-sp/hard/libgcc.a(_arm_muldivdf3.o)
 .data          0x0000000000000000        0x0 /home/joao/Desktop/arm_tools/gcc-arm-none-eabi-7-2018-q2-update/bin/../lib/gcc/arm-none-eabi/7.3.1/thumb/v7e-m/fpv4-sp/hard/libgcc.a(_arm_cmpdf2.o)
 .bss           0x0000000000000000        0x0 /home/joao/Desktop/arm_tools/gcc-arm-none-eabi-7-2018-q2-update/bin/../lib/gcc/arm-none-eabi/7.3.1/thumb/v7e-m/fpv4-sp/hard/libgcc.a(_arm_cmpdf2.o)
 .data          0x0000000000000000        0x0 /home/joao/Desktop/arm_tools/gcc-arm-none-eabi-7-2018-q2-update/bin/../lib/gcc/arm-none-eabi/7.3.1/thumb/v7e-m/fpv4-sp/hard/libgcc.a(_arm_fixdfsi.o)
 .bss           0x0000000000000000        0x0 /home/joao/Desktop/arm_tools/gcc-arm-none-eabi-7-2018-q2-update/bin/../lib/gcc/arm-none-eabi/7.3.1/thumb/v7e-m/fpv4-sp/hard/libgcc.a(_arm_fixdfsi.o)
 .data          0x0000000000000000        0x0 /home/joao/Desktop/arm_tools/gcc-arm-none-eabi-7-2018-q2-update/bin/../lib/gcc/arm-none-eabi/7.3.1/thumb/v7e-m/fpv4-sp/hard/libgcc.a(_arm_fixunsdfsi.o)
 .bss           0x0000000000000000        0x0 /home/joao/Desktop/arm_tools/gcc-arm-none-eabi-7-2018-q2-update/bin/../lib/gcc/arm-none-eabi/7.3.1/thumb/v7e-m/fpv4-sp/hard/libgcc.a(_arm_fixunsdfsi.o)
 .data          0x0000000000000000        0x0 /home/joao/Desktop/arm_tools/gcc-arm-none-eabi-7-2018-q2-update/bin/../lib/gcc/arm-none-eabi/7.3.1/thumb/v7e-m/fpv4-sp/hard/libgcc.a(_aeabi_uldivmod.o)
 .bss           0x0000000000000000        0x0 /home/joao/Desktop/arm_tools/gcc-arm-none-eabi-7-2018-q2-update/bin/../lib/gcc/arm-none-eabi/7.3.1/thumb/v7e-m/fpv4-sp/hard/libgcc.a(_aeabi_uldivmod.o)
 .data          0x0000000000000000        0x0 /home/joao/Desktop/arm_tools/gcc-arm-none-eabi-7-2018-q2-update/bin/../lib/gcc/arm-none-eabi/7.3.1/thumb/v7e-m/fpv4-sp/hard/libgcc.a(_udivmoddi4.o)
 .bss           0x0000000000000000        0x0 /home/joao/Desktop/arm_tools/gcc-arm-none-eabi-7-2018-q2-update/bin/../lib/gcc/arm-none-eabi/7.3.1/thumb/v7e-m/fpv4-sp/hard/libgcc.a(_udivmoddi4.o)
 .ARM.extab     0x0000000000000000        0x0 /home/joao/Desktop/arm_tools/gcc-arm-none-eabi-7-2018-q2-update/bin/../lib/gcc/arm-none-eabi/7.3.1/thumb/v7e-m/fpv4-sp/hard/libgcc.a(_udivmoddi4.o)
 .data          0x0000000000000000        0x0 /home/joao/Desktop/arm_tools/gcc-arm-none-eabi-7-2018-q2-update/bin/../lib/gcc/arm-none-eabi/7.3.1/thumb/v7e-m/fpv4-sp/hard/libgcc.a(_dvmd_tls.o)
 .bss           0x0000000000000000        0x0 /home/joao/Desktop/arm_tools/gcc-arm-none-eabi-7-2018-q2-update/bin/../lib/gcc/arm-none-eabi/7.3.1/thumb/v7e-m/fpv4-sp/hard/libgcc.a(_dvmd_tls.o)

Memory Configuration

Name             Origin             Length             Attributes
irom0            0x0000000000000000 0x0000000000200000 xr
irom1            0x0000000000004000 0x0000000000000000 xr
iram0            0x0000000010000000 0x0000000000080000 xrw
dram0            0x0000000020000000 0x0000000000080000 rw
*default*        0x0000000000000000 0xffffffffffffffff

Linker script and memory map

LOAD bin/obj/exc_handler.o
LOAD bin/obj/main.o
LOAD bin/obj/systick.o
LOAD bin/obj/startup.o
LOAD bin/obj/printf/printf.o
LOAD /home/joao/Desktop/arm_tools/gcc-arm-none-eabi-7-2018-q2-update/bin/../lib/gcc/arm-none-eabi/7.3.1/../../../../arm-none-eabi/lib/thumb/v7e-m/fpv4-sp/hard/libm.a
LOAD /home/joao/Desktop/arm_tools/gcc-arm-none-eabi-7-2018-q2-update/bin/../lib/gcc/arm-none-eabi/7.3.1/../../../../arm-none-eabi/lib/thumb/v7e-m/fpv4-sp/hard/libc_nano.a
LOAD /home/joao/Desktop/arm_tools/gcc-arm-none-eabi-7-2018-q2-update/bin/../lib/gcc/arm-none-eabi/7.3.1/thumb/v7e-m/fpv4-sp/hard/libgcc.a
LOAD /home/joao/Desktop/arm_tools/gcc-arm-none-eabi-7-2018-q2-update/bin/../lib/gcc/arm-none-eabi/7.3.1/../../../../arm-none-eabi/lib/thumb/v7e-m/fpv4-sp/hard/libnosys.a
                0x0000000000000800                _min_heap_size = 0x800
                0x0000000000000400                _min_stack_size = 0x400
                0x000000002007fff8                _estack = (((ORIGIN (dram0) + LENGTH (dram0)) - 0x1) & 0xfffffffffffffff8)
                [!provide]                        PROVIDE (_system_unique_id = 0xfe081d8)
                [!provide]                        PROVIDE (_system_memory = 0xfe08000)

.isr_vector     0x0000000000000000      0x150
                0x0000000000000000                . = ALIGN (0x4)
                0x0000000000000000                _svect = .
 *(.isr_vector)
 .isr_vector    0x0000000000000000      0x150 bin/obj/startup.o
                0x0000000000000000                g_pfnVectors
                0x0000000000000150                . = ALIGN (0x4)
                0x0000000000000150                _evect = .

.text           0x0000000000000150     0x19c8
                0x0000000000000150                . = ALIGN (0x4)
                0x0000000000000150                _stext = .
 *(.text)
 .text          0x0000000000000150      0x378 /home/joao/Desktop/arm_tools/gcc-arm-none-eabi-7-2018-q2-update/bin/../lib/gcc/arm-none-eabi/7.3.1/thumb/v7e-m/fpv4-sp/hard/libgcc.a(_arm_addsubdf3.o)
                0x0000000000000150                __aeabi_drsub
                0x0000000000000158                __aeabi_dsub
                0x0000000000000158                __subdf3
                0x000000000000015c                __adddf3
                0x000000000000015c                __aeabi_dadd
                0x00000000000003d4                __aeabi_ui2d
                0x00000000000003d4                __floatunsidf
                0x00000000000003f4                __floatsidf
                0x00000000000003f4                __aeabi_i2d
                0x0000000000000418                __extendsfdf2
                0x0000000000000418                __aeabi_f2d
                0x000000000000045c                __aeabi_ul2d
                0x000000000000045c                __floatundidf
                0x000000000000046c                __floatdidf
                0x000000000000046c                __aeabi_l2d
 .text          0x00000000000004c8      0x424 /home/joao/Desktop/arm_tools/gcc-arm-none-eabi-7-2018-q2-update/bin/../lib/gcc/arm-none-eabi/7.3.1/thumb/v7e-m/fpv4-sp/hard/libgcc.a(_arm_muldivdf3.o)
                0x00000000000004c8                __aeabi_dmul
                0x00000000000004c8                __muldf3
                0x000000000000071c                __aeabi_ddiv
                0x000000000000071c                __divdf3
 .text          0x00000000000008ec      0x110 /home/joao/Desktop/arm_tools/gcc-arm-none-eabi-7-2018-q2-update/bin/../lib/gcc/arm-none-eabi/7.3.1/thumb/v7e-m/fpv4-sp/hard/libgcc.a(_arm_cmpdf2.o)
                0x00000000000008ec                __gtdf2
                0x00000000000008ec                __gedf2
                0x00000000000008f4                __ltdf2
                0x00000000000008f4                __ledf2
                0x00000000000008fc                __cmpdf2
                0x00000000000008fc                __eqdf2
                0x00000000000008fc                __nedf2
                0x0000000000000978                __aeabi_cdrcmple
                0x0000000000000988                __aeabi_cdcmple
                0x0000000000000988                __aeabi_cdcmpeq
                0x0000000000000998                __aeabi_dcmpeq
                0x00000000000009ac                __aeabi_dcmplt
                0x00000000000009c0                __aeabi_dcmple
                0x00000000000009d4                __aeabi_dcmpge
                0x00000000000009e8                __aeabi_dcmpgt
 .text          0x00000000000009fc       0x50 /home/joao/Desktop/arm_tools/gcc-arm-none-eabi-7-2018-q2-update/bin/../lib/gcc/arm-none-eabi/7.3.1/thumb/v7e-m/fpv4-sp/hard/libgcc.a(_arm_fixdfsi.o)
                0x00000000000009fc                __fixdfsi
                0x00000000000009fc                __aeabi_d2iz
 .text          0x0000000000000a4c       0x40 /home/joao/Desktop/arm_tools/gcc-arm-none-eabi-7-2018-q2-update/bin/../lib/gcc/arm-none-eabi/7.3.1/thumb/v7e-m/fpv4-sp/hard/libgcc.a(_arm_fixunsdfsi.o)
                0x0000000000000a4c                __fixunsdfsi
                0x0000000000000a4c                __aeabi_d2uiz
 .text          0x0000000000000a8c       0x30 /home/joao/Desktop/arm_tools/gcc-arm-none-eabi-7-2018-q2-update/bin/../lib/gcc/arm-none-eabi/7.3.1/thumb/v7e-m/fpv4-sp/hard/libgcc.a(_aeabi_uldivmod.o)
                0x0000000000000a8c                __aeabi_uldivmod
 .text          0x0000000000000abc      0x2cc /home/joao/Desktop/arm_tools/gcc-arm-none-eabi-7-2018-q2-update/bin/../lib/gcc/arm-none-eabi/7.3.1/thumb/v7e-m/fpv4-sp/hard/libgcc.a(_udivmoddi4.o)
                0x0000000000000abc                __udivmoddi4
 .text          0x0000000000000d88        0x4 /home/joao/Desktop/arm_tools/gcc-arm-none-eabi-7-2018-q2-update/bin/../lib/gcc/arm-none-eabi/7.3.1/thumb/v7e-m/fpv4-sp/hard/libgcc.a(_dvmd_tls.o)
                0x0000000000000d88                __aeabi_ldiv0
                0x0000000000000d88                __aeabi_idiv0
 *(.text*)
 .text._hardfault_isr
                0x0000000000000d8c       0x18 bin/obj/exc_handler.o
                0x0000000000000d8c                _hardfault_isr
 .text.trace_stack
                0x0000000000000da4      0x104 bin/obj/exc_handler.o
                0x0000000000000da4                trace_stack
 .text._putchar
                0x0000000000000ea8        0x2 bin/obj/main.o
                0x0000000000000ea8                _putchar
 .text.init     0x0000000000000eaa        0xa bin/obj/main.o
                0x0000000000000eaa                init
 .text.startup.main
                0x0000000000000eb4        0x2 bin/obj/main.o
                0x0000000000000eb4                main
 *fill*         0x0000000000000eb6        0x2 
 .text._systick_isr
                0x0000000000000eb8       0x20 bin/obj/systick.o
                0x0000000000000eb8                _systick_isr
 .text.systick_init
                0x0000000000000ed8       0x1c bin/obj/systick.o
                0x0000000000000ed8                systick_init
 .text._default_isr
                0x0000000000000ef4        0x2 bin/obj/startup.o
                0x0000000000000ef4                _timer3_isr
                0x0000000000000ef4                _wtimer2_isr
                0x0000000000000ef4                _ebi_isr
                0x0000000000000ef4                _timer5_isr
                0x0000000000000ef4                _letimer0_isr
                0x0000000000000ef4                _emu_isr
                0x0000000000000ef4                _cmu_isr
                0x0000000000000ef4                _acmp2_3_isr
                0x0000000000000ef4                _msc_isr
                0x0000000000000ef4                _pcnt1_isr
                0x0000000000000ef4                _can1_isr
                0x0000000000000ef4                _eth_isr
                0x0000000000000ef4                _usart4_rx_isr
                0x0000000000000ef4                _uart0_tx_isr
                0x0000000000000ef4                _uart0_rx_isr
                0x0000000000000ef4                _wdog1_isr
                0x0000000000000ef4                _usart0_rx_isr
                0x0000000000000ef4                _gpio_event_isr
                0x0000000000000ef4                _csen_isr
                0x0000000000000ef4                _wtimer1_isr
                0x0000000000000ef4                _can0_isr
                0x0000000000000ef4                _usart4_tx_isr
                0x0000000000000ef4                _letimer1_isr
                0x0000000000000ef4                _usart2_rx_isr
                0x0000000000000ef4                _usart5_tx_isr
                0x0000000000000ef4                _lesense_isr
                0x0000000000000ef4                _uart1_tx_isr
                0x0000000000000ef4                _wdog0_isr
                0x0000000000000ef4                _smu_isr
                0x0000000000000ef4                _usart2_tx_isr
                0x0000000000000ef4                _usb_isr
                0x0000000000000ef4                _usart3_tx_isr
                0x0000000000000ef4                _crypto0_isr
                0x0000000000000ef4                _usart3_rx_isr
                0x0000000000000ef4                _pendsv_isr
                0x0000000000000ef4                _leuart1_isr
                0x0000000000000ef4                _usart0_tx_isr
                0x0000000000000ef4                _wtimer0_isr
                0x0000000000000ef4                _busfault_isr
                0x0000000000000ef4                _idac0_isr
                0x0000000000000ef4                _vdac0_isr
                0x0000000000000ef4                _timer4_isr
                0x0000000000000ef4                _debugmon_isr
                0x0000000000000ef4                _adc1_isr
                0x0000000000000ef4                _trng0_isr
                0x0000000000000ef4                _memmange_isr
                0x0000000000000ef4                _timer0_isr
                0x0000000000000ef4                _rtc_isr
                0x0000000000000ef4                _lcd_isr
                0x0000000000000ef4                _acmp0_1_isr
                0x0000000000000ef4                _uart1_rx_isr
                0x0000000000000ef4                _i2c0_isr
                0x0000000000000ef4                _timer2_isr
                0x0000000000000ef4                _timer6_isr
                0x0000000000000ef4                _nmi_isr
                0x0000000000000ef4                _i2c2_isr
                0x0000000000000ef4                _svc_isr
                0x0000000000000ef4                _rtcc_isr
                0x0000000000000ef4                _pcnt2_isr
                0x0000000000000ef4                _adc0_isr
                0x0000000000000ef4                _wtimer3_isr
                0x0000000000000ef4                _timer1_isr
                0x0000000000000ef4                _pcnt0_isr
                0x0000000000000ef4                _sdio_isr
                0x0000000000000ef4                _usart1_rx_isr
                0x0000000000000ef4                _ldma_isr
                0x0000000000000ef4                _usagefault_isr
                0x0000000000000ef4                _cryotimer_isr
                0x0000000000000ef4                _usart5_rx_isr
                0x0000000000000ef4                _leuart0_isr
                0x0000000000000ef4                _usart1_tx_isr
                0x0000000000000ef4                _fpueh_isr
                0x0000000000000ef4                _qspi0_isr
                0x0000000000000ef4                _i2c1_isr
                0x0000000000000ef4                _default_isr
                0x0000000000000ef4                _gpio_odd_isr
 .text.__libc_init_array
                0x0000000000000ef6        0x2 bin/obj/startup.o
                0x0000000000000ef6                __libc_init_array
 .text._reset_isr
                0x0000000000000ef8       0x8c bin/obj/startup.o
                0x0000000000000ef8                _reset_isr
 .text._out_null
                0x0000000000000f84        0x2 bin/obj/printf/printf.o
 .text._ntoa_format
                0x0000000000000f86      0x148 bin/obj/printf/printf.o
 .text._ntoa_long
                0x00000000000010ce       0x80 bin/obj/printf/printf.o
 .text._ntoa_long_long
                0x000000000000114e       0x94 bin/obj/printf/printf.o
 .text._out_char
                0x00000000000011e2        0x8 bin/obj/printf/printf.o
 *fill*         0x00000000000011ea        0x6 
 .text._vsnprintf
                0x00000000000011f0      0x70c bin/obj/printf/printf.o
 .text.printf   0x00000000000018fc       0x28 bin/obj/printf/printf.o
                0x00000000000018fc                printf
 *(.rodata)
 *(.rodata*)
 .rodata.__FUNCTION__.7505
                0x0000000000001924        0xc bin/obj/exc_handler.o
 .rodata.trace_stack.str1.1
                0x0000000000001930      0x196 bin/obj/exc_handler.o
 *fill*         0x0000000000001ac6        0x2 
 .rodata.pow10.5078
                0x0000000000001ac8       0x50 bin/obj/printf/printf.o
 *(.glue_7)
 .glue_7        0x0000000000001b18        0x0 linker stubs
 *(.glue_7t)
 .glue_7t       0x0000000000001b18        0x0 linker stubs
 *(.init)
 *(.fini)
                0x0000000000001b18                . = ALIGN (0x4)
                0x0000000000001b18                _etext = .

.vfp11_veneer   0x0000000000001b18        0x0
 .vfp11_veneer  0x0000000000001b18        0x0 linker stubs

.v4_bx          0x0000000000001b18        0x0
 .v4_bx         0x0000000000001b18        0x0 linker stubs

.iplt           0x0000000000001b18        0x0
 .iplt          0x0000000000001b18        0x0 bin/obj/exc_handler.o

.ARM.extab
 *(.ARM.extab* .gnu.linkonce.armextab.*)

.ARM            0x0000000000001b18        0x8
                0x0000000000001b18                __exidx_start = .
 *(.ARM.exidx*)
 .ARM.exidx     0x0000000000001b18        0x8 /home/joao/Desktop/arm_tools/gcc-arm-none-eabi-7-2018-q2-update/bin/../lib/gcc/arm-none-eabi/7.3.1/thumb/v7e-m/fpv4-sp/hard/libgcc.a(_udivmoddi4.o)
                0x0000000000001b20                __exidx_end = .

.rel.dyn        0x0000000000001b20        0x0
 .rel.iplt      0x0000000000001b20        0x0 bin/obj/exc_handler.o

.ARM.attributes
                0x0000000000001b20       0x39
 *(.ARM.attributes)
 .ARM.attributes
                0x0000000000001b20       0x39 bin/obj/exc_handler.o
 .ARM.attributes
                0x0000000000001b59       0x39 bin/obj/main.o
 .ARM.attributes
                0x0000000000001b92       0x39 bin/obj/systick.o
 .ARM.attributes
                0x0000000000001bcb       0x39 bin/obj/startup.o
 .ARM.attributes
                0x0000000000001c04       0x39 bin/obj/printf/printf.o
 .ARM.attributes
                0x0000000000001c3d       0x22 /home/joao/Desktop/arm_tools/gcc-arm-none-eabi-7-2018-q2-update/bin/../lib/gcc/arm-none-eabi/7.3.1/thumb/v7e-m/fpv4-sp/hard/libgcc.a(_arm_addsubdf3.o)
 .ARM.attributes
                0x0000000000001c5f       0x22 /home/joao/Desktop/arm_tools/gcc-arm-none-eabi-7-2018-q2-update/bin/../lib/gcc/arm-none-eabi/7.3.1/thumb/v7e-m/fpv4-sp/hard/libgcc.a(_arm_muldivdf3.o)
 .ARM.attributes
                0x0000000000001c81       0x22 /home/joao/Desktop/arm_tools/gcc-arm-none-eabi-7-2018-q2-update/bin/../lib/gcc/arm-none-eabi/7.3.1/thumb/v7e-m/fpv4-sp/hard/libgcc.a(_arm_cmpdf2.o)
 .ARM.attributes
                0x0000000000001ca3       0x22 /home/joao/Desktop/arm_tools/gcc-arm-none-eabi-7-2018-q2-update/bin/../lib/gcc/arm-none-eabi/7.3.1/thumb/v7e-m/fpv4-sp/hard/libgcc.a(_arm_fixdfsi.o)
 .ARM.attributes
                0x0000000000001cc5       0x22 /home/joao/Desktop/arm_tools/gcc-arm-none-eabi-7-2018-q2-update/bin/../lib/gcc/arm-none-eabi/7.3.1/thumb/v7e-m/fpv4-sp/hard/libgcc.a(_arm_fixunsdfsi.o)
 .ARM.attributes
                0x0000000000001ce7       0x22 /home/joao/Desktop/arm_tools/gcc-arm-none-eabi-7-2018-q2-update/bin/../lib/gcc/arm-none-eabi/7.3.1/thumb/v7e-m/fpv4-sp/hard/libgcc.a(_aeabi_uldivmod.o)
 .ARM.attributes
                0x0000000000001d09       0x34 /home/joao/Desktop/arm_tools/gcc-arm-none-eabi-7-2018-q2-update/bin/../lib/gcc/arm-none-eabi/7.3.1/thumb/v7e-m/fpv4-sp/hard/libgcc.a(_udivmoddi4.o)
 .ARM.attributes
                0x0000000000001d3d       0x22 /home/joao/Desktop/arm_tools/gcc-arm-none-eabi-7-2018-q2-update/bin/../lib/gcc/arm-none-eabi/7.3.1/thumb/v7e-m/fpv4-sp/hard/libgcc.a(_dvmd_tls.o)

.preinit_array  0x0000000000001b20        0x0
                [!provide]                        PROVIDE (__preinit_array_start = .)
 *(.preinit_array*)
                [!provide]                        PROVIDE (__preinit_array_end = .)

.init_array     0x0000000000001b20        0x0
                [!provide]                        PROVIDE (__init_array_start = .)
 *(SORT_BY_NAME(.init_array.*))
 *(.init_array*)
                [!provide]                        PROVIDE (__init_array_end = .)

.fini_array     0x0000000000001b20        0x0
                [!provide]                        PROVIDE (__fini_array_start = .)
 *(.fini_array*)
 *(SORT_BY_NAME(.fini_array.*))
                [!provide]                        PROVIDE (__fini_array_end = .)
                0x0000000000001b20                _siiram0 = LOADADDR (.iram0.text)

.iram0.text     0x0000000010000000        0x0 load address 0x0000000000001b20
                0x0000000010000000                . = ALIGN (0x4)
                0x0000000010000000                _siram0 = .
 *(.iram0.text)
 *(.iram0.text*)
                0x0000000010000000                . = ALIGN (0x4)
                0x0000000010000000                _eiram0 = .
                0x0000000000001b20                _sidata = LOADADDR (.data)

.data           0x0000000020000000        0x0 load address 0x0000000000001b20
                0x0000000020000000                . = ALIGN (0x4)
                0x0000000020000000                _sdata = .
 *(.data)
 *(.data*)
                0x0000000020000000                . = ALIGN (0x4)
                0x0000000020000000                _edata = .

.igot.plt       0x0000000020000000        0x0 load address 0x0000000000001b20
 .igot.plt      0x0000000020000000        0x0 bin/obj/exc_handler.o

.bss            0x0000000020000000        0x8 load address 0x0000000000001b20
                0x0000000020000000                . = ALIGN (0x4)
                0x0000000020000000                _sbss = .
                0x0000000020000000                __bss_start__ = _sbss
 *(.bss)
 *(.bss*)
 .bss.g_ullSystemTick
                0x0000000020000000        0x8 bin/obj/systick.o
                0x0000000020000000                g_ullSystemTick
 *(COMMON)
                0x0000000020000008                . = ALIGN (0x4)
                0x0000000020000008                _ebss = .
                0x0000000020000008                __bss_end__ = _ebss
                [!provide]                        PROVIDE (end = _ebss)
                [!provide]                        PROVIDE (_end = _ebss)

.min_heap_stack
                0x0000000020000008      0xc00 load address 0x0000000000001b20
                0x0000000020000008                . = ALIGN (0x4)
                0x0000000020000808                . = (. + _min_heap_size)
 *fill*         0x0000000020000008      0x800 
                0x0000000020000c08                . = (. + _min_stack_size)
 *fill*         0x0000000020000808      0x400 
                0x0000000020000c08                . = ALIGN (0x4)

/DISCARD/
 libc.a(*)
 libm.a(*)
 libgcc.a(*)
OUTPUT(bin/v1.node.elf elf32-littlearm)

.comment        0x0000000000000000       0x7f
 .comment       0x0000000000000000       0x7f bin/obj/exc_handler.o
                                         0x80 (size before relaxing)
 .comment       0x000000000000007f       0x80 bin/obj/main.o
 .comment       0x000000000000007f       0x80 bin/obj/systick.o
 .comment       0x000000000000007f       0x80 bin/obj/startup.o
 .comment       0x000000000000007f       0x80 bin/obj/printf/printf.o

.debug_frame    0x0000000000000000      0x268
 .debug_frame   0x0000000000000000       0xac /home/joao/Desktop/arm_tools/gcc-arm-none-eabi-7-2018-q2-update/bin/../lib/gcc/arm-none-eabi/7.3.1/thumb/v7e-m/fpv4-sp/hard/libgcc.a(_arm_addsubdf3.o)
 .debug_frame   0x00000000000000ac       0x50 /home/joao/Desktop/arm_tools/gcc-arm-none-eabi-7-2018-q2-update/bin/../lib/gcc/arm-none-eabi/7.3.1/thumb/v7e-m/fpv4-sp/hard/libgcc.a(_arm_muldivdf3.o)
 .debug_frame   0x00000000000000fc       0xc4 /home/joao/Desktop/arm_tools/gcc-arm-none-eabi-7-2018-q2-update/bin/../lib/gcc/arm-none-eabi/7.3.1/thumb/v7e-m/fpv4-sp/hard/libgcc.a(_arm_cmpdf2.o)
 .debug_frame   0x00000000000001c0       0x24 /home/joao/Desktop/arm_tools/gcc-arm-none-eabi-7-2018-q2-update/bin/../lib/gcc/arm-none-eabi/7.3.1/thumb/v7e-m/fpv4-sp/hard/libgcc.a(_arm_fixdfsi.o)
 .debug_frame   0x00000000000001e4       0x24 /home/joao/Desktop/arm_tools/gcc-arm-none-eabi-7-2018-q2-update/bin/../lib/gcc/arm-none-eabi/7.3.1/thumb/v7e-m/fpv4-sp/hard/libgcc.a(_arm_fixunsdfsi.o)
 .debug_frame   0x0000000000000208       0x2c /home/joao/Desktop/arm_tools/gcc-arm-none-eabi-7-2018-q2-update/bin/../lib/gcc/arm-none-eabi/7.3.1/thumb/v7e-m/fpv4-sp/hard/libgcc.a(_aeabi_uldivmod.o)
 .debug_frame   0x0000000000000234       0x34 /home/joao/Desktop/arm_tools/gcc-arm-none-eabi-7-2018-q2-update/bin/../lib/gcc/arm-none-eabi/7.3.1/thumb/v7e-m/fpv4-sp/hard/libgcc.a(_udivmoddi4.o)
