Archive member included to satisfy reference by file (symbol)

/opt/gcc-arm-none-eabi/bin/../lib/gcc/arm-none-eabi/8.2.1/../../../../arm-none-eabi/lib/thumb/v7e-m+fp/hard/libm.a(lib_a-sf_round.o)
                              bin/obj/emu.o (roundf)
/opt/gcc-arm-none-eabi/bin/../lib/gcc/arm-none-eabi/8.2.1/../../../../arm-none-eabi/lib/thumb/v7e-m+fp/hard/libc_nano.a(lib_a-malloc.o)
                              bin/obj/main.o (malloc)
/opt/gcc-arm-none-eabi/bin/../lib/gcc/arm-none-eabi/8.2.1/../../../../arm-none-eabi/lib/thumb/v7e-m+fp/hard/libc_nano.a(lib_a-memcpy-stub.o)
                              bin/obj/md5/md5.o (memcpy)
/opt/gcc-arm-none-eabi/bin/../lib/gcc/arm-none-eabi/8.2.1/../../../../arm-none-eabi/lib/thumb/v7e-m+fp/hard/libc_nano.a(lib_a-memset.o)
                              bin/obj/md5/md5.o (memset)
/opt/gcc-arm-none-eabi/bin/../lib/gcc/arm-none-eabi/8.2.1/../../../../arm-none-eabi/lib/thumb/v7e-m+fp/hard/libc_nano.a(lib_a-nano-freer.o)
                              /opt/gcc-arm-none-eabi/bin/../lib/gcc/arm-none-eabi/8.2.1/../../../../arm-none-eabi/lib/thumb/v7e-m+fp/hard/libc_nano.a(lib_a-malloc.o) (_free_r)
/opt/gcc-arm-none-eabi/bin/../lib/gcc/arm-none-eabi/8.2.1/../../../../arm-none-eabi/lib/thumb/v7e-m+fp/hard/libc_nano.a(lib_a-nano-mallocr.o)
                              /opt/gcc-arm-none-eabi/bin/../lib/gcc/arm-none-eabi/8.2.1/../../../../arm-none-eabi/lib/thumb/v7e-m+fp/hard/libc_nano.a(lib_a-malloc.o) (_malloc_r)
/opt/gcc-arm-none-eabi/bin/../lib/gcc/arm-none-eabi/8.2.1/../../../../arm-none-eabi/lib/thumb/v7e-m+fp/hard/libc_nano.a(lib_a-sbrkr.o)
                              /opt/gcc-arm-none-eabi/bin/../lib/gcc/arm-none-eabi/8.2.1/../../../../arm-none-eabi/lib/thumb/v7e-m+fp/hard/libc_nano.a(lib_a-nano-mallocr.o) (_sbrk_r)
/opt/gcc-arm-none-eabi/bin/../lib/gcc/arm-none-eabi/8.2.1/../../../../arm-none-eabi/lib/thumb/v7e-m+fp/hard/libc_nano.a(lib_a-impure.o)
                              /opt/gcc-arm-none-eabi/bin/../lib/gcc/arm-none-eabi/8.2.1/../../../../arm-none-eabi/lib/thumb/v7e-m+fp/hard/libc_nano.a(lib_a-malloc.o) (_impure_ptr)
/opt/gcc-arm-none-eabi/bin/../lib/gcc/arm-none-eabi/8.2.1/../../../../arm-none-eabi/lib/thumb/v7e-m+fp/hard/libc_nano.a(lib_a-mlock.o)
                              /opt/gcc-arm-none-eabi/bin/../lib/gcc/arm-none-eabi/8.2.1/../../../../arm-none-eabi/lib/thumb/v7e-m+fp/hard/libc_nano.a(lib_a-nano-freer.o) (__malloc_lock)
/opt/gcc-arm-none-eabi/bin/../lib/gcc/arm-none-eabi/8.2.1/../../../../arm-none-eabi/lib/thumb/v7e-m+fp/hard/libc_nano.a(lib_a-reent.o)
                              /opt/gcc-arm-none-eabi/bin/../lib/gcc/arm-none-eabi/8.2.1/../../../../arm-none-eabi/lib/thumb/v7e-m+fp/hard/libc_nano.a(lib_a-sbrkr.o) (errno)
/opt/gcc-arm-none-eabi/bin/../lib/gcc/arm-none-eabi/8.2.1/../../../../arm-none-eabi/lib/thumb/v7e-m+fp/hard/libc_nano.a(lib_a-lock.o)
                              /opt/gcc-arm-none-eabi/bin/../lib/gcc/arm-none-eabi/8.2.1/../../../../arm-none-eabi/lib/thumb/v7e-m+fp/hard/libc_nano.a(lib_a-mlock.o) (__retarget_lock_acquire_recursive)
/opt/gcc-arm-none-eabi/bin/../lib/gcc/arm-none-eabi/8.2.1/thumb/v7e-m+fp/hard/libgcc.a(_arm_addsubdf3.o)
                              bin/obj/printf/printf.o (__aeabi_dsub)
/opt/gcc-arm-none-eabi/bin/../lib/gcc/arm-none-eabi/8.2.1/thumb/v7e-m+fp/hard/libgcc.a(_arm_muldivdf3.o)
                              bin/obj/printf/printf.o (__aeabi_dmul)
/opt/gcc-arm-none-eabi/bin/../lib/gcc/arm-none-eabi/8.2.1/thumb/v7e-m+fp/hard/libgcc.a(_arm_cmpdf2.o)
                              bin/obj/printf/printf.o (__aeabi_dcmpeq)
/opt/gcc-arm-none-eabi/bin/../lib/gcc/arm-none-eabi/8.2.1/thumb/v7e-m+fp/hard/libgcc.a(_arm_fixdfsi.o)
                              bin/obj/printf/printf.o (__aeabi_d2iz)
/opt/gcc-arm-none-eabi/bin/../lib/gcc/arm-none-eabi/8.2.1/thumb/v7e-m+fp/hard/libgcc.a(_arm_fixunsdfsi.o)
                              bin/obj/printf/printf.o (__aeabi_d2uiz)
/opt/gcc-arm-none-eabi/bin/../lib/gcc/arm-none-eabi/8.2.1/thumb/v7e-m+fp/hard/libgcc.a(_aeabi_uldivmod.o)
                              bin/obj/printf/printf.o (__aeabi_uldivmod)
/opt/gcc-arm-none-eabi/bin/../lib/gcc/arm-none-eabi/8.2.1/thumb/v7e-m+fp/hard/libgcc.a(_udivmoddi4.o)
                              /opt/gcc-arm-none-eabi/bin/../lib/gcc/arm-none-eabi/8.2.1/thumb/v7e-m+fp/hard/libgcc.a(_aeabi_uldivmod.o) (__udivmoddi4)
/opt/gcc-arm-none-eabi/bin/../lib/gcc/arm-none-eabi/8.2.1/thumb/v7e-m+fp/hard/libgcc.a(_dvmd_tls.o)
                              /opt/gcc-arm-none-eabi/bin/../lib/gcc/arm-none-eabi/8.2.1/thumb/v7e-m+fp/hard/libgcc.a(_aeabi_uldivmod.o) (__aeabi_ldiv0)
/opt/gcc-arm-none-eabi/bin/../lib/gcc/arm-none-eabi/8.2.1/../../../../arm-none-eabi/lib/thumb/v7e-m+fp/hard/libnosys.a(sbrk.o)
                              /opt/gcc-arm-none-eabi/bin/../lib/gcc/arm-none-eabi/8.2.1/../../../../arm-none-eabi/lib/thumb/v7e-m+fp/hard/libc_nano.a(lib_a-sbrkr.o) (_sbrk)

Allocating common symbols
Common symbol       size              file

__lock___atexit_recursive_mutex
                    0x1               /opt/gcc-arm-none-eabi/bin/../lib/gcc/arm-none-eabi/8.2.1/../../../../arm-none-eabi/lib/thumb/v7e-m+fp/hard/libc_nano.a(lib_a-lock.o)
LETIMER0_CLOCK_FREQ
                    0x4               bin/obj/cmu.o
__lock___arc4random_mutex
                    0x1               /opt/gcc-arm-none-eabi/bin/../lib/gcc/arm-none-eabi/8.2.1/../../../../arm-none-eabi/lib/thumb/v7e-m+fp/hard/libc_nano.a(lib_a-lock.o)
USB_CLOCK_FREQ      0x4               bin/obj/cmu.o
errno               0x4               /opt/gcc-arm-none-eabi/bin/../lib/gcc/arm-none-eabi/8.2.1/../../../../arm-none-eabi/lib/thumb/v7e-m+fp/hard/libc_nano.a(lib_a-reent.o)
CSEN_CLOCK_FREQ     0x4               bin/obj/cmu.o
LFA_CLOCK_FREQ      0x4               bin/obj/cmu.o
HFLE_CLOCK_FREQ     0x4               bin/obj/cmu.o
SYSTICK_CLOCK_FREQ  0x4               bin/obj/cmu.o
__lock___env_recursive_mutex
                    0x1               /opt/gcc-arm-none-eabi/bin/../lib/gcc/arm-none-eabi/8.2.1/../../../../arm-none-eabi/lib/thumb/v7e-m+fp/hard/libc_nano.a(lib_a-lock.o)
__lock___sinit_recursive_mutex
                    0x1               /opt/gcc-arm-none-eabi/bin/../lib/gcc/arm-none-eabi/8.2.1/../../../../arm-none-eabi/lib/thumb/v7e-m+fp/hard/libc_nano.a(lib_a-lock.o)
LETIMER1_CLOCK_FREQ
                    0x4               bin/obj/cmu.o
ADC0_CLOCK_FREQ     0x4               bin/obj/cmu.o
LFB_CLOCK_FREQ      0x4               bin/obj/cmu.o
HFCORE_CLOCK_FREQ   0x4               bin/obj/cmu.o
__lock___malloc_recursive_mutex
                    0x1               /opt/gcc-arm-none-eabi/bin/../lib/gcc/arm-none-eabi/8.2.1/../../../../arm-none-eabi/lib/thumb/v7e-m+fp/hard/libc_nano.a(lib_a-lock.o)
ADC1_CLOCK_FREQ     0x4               bin/obj/cmu.o
RTCC_CLOCK_FREQ     0x4               bin/obj/cmu.o
LEUART1_CLOCK_FREQ  0x4               bin/obj/cmu.o
LFE_CLOCK_FREQ      0x4               bin/obj/cmu.o
HFSRC_CLOCK_FREQ    0x4               bin/obj/cmu.o
HFBUS_CLOCK_FREQ    0x4               bin/obj/cmu.o
QSPI_CLOCK_FREQ     0x4               bin/obj/cmu.o
HFPERC_CLOCK_FREQ   0x4               bin/obj/cmu.o
HFEXP_CLOCK_FREQ    0x4               bin/obj/cmu.o
HFPERB_CLOCK_FREQ   0x4               bin/obj/cmu.o
LFC_CLOCK_FREQ      0x4               bin/obj/cmu.o
AUX_CLOCK_FREQ      0x4               bin/obj/cmu.o
HFPER_CLOCK_FREQ    0x4               bin/obj/cmu.o
SDIO_CLOCK_FREQ     0x4               bin/obj/cmu.o
__lock___at_quick_exit_mutex
                    0x1               /opt/gcc-arm-none-eabi/bin/../lib/gcc/arm-none-eabi/8.2.1/../../../../arm-none-eabi/lib/thumb/v7e-m+fp/hard/libc_nano.a(lib_a-lock.o)
HF_CLOCK_FREQ       0x4               bin/obj/cmu.o
LESENSE_CLOCK_FREQ  0x4               bin/obj/cmu.o
RTC_CLOCK_FREQ      0x4               bin/obj/cmu.o
LCD_CLOCK_FREQ      0x4               bin/obj/cmu.o
__lock___dd_hash_mutex
                    0x1               /opt/gcc-arm-none-eabi/bin/../lib/gcc/arm-none-eabi/8.2.1/../../../../arm-none-eabi/lib/thumb/v7e-m+fp/hard/libc_nano.a(lib_a-lock.o)
__lock___tz_mutex   0x1               /opt/gcc-arm-none-eabi/bin/../lib/gcc/arm-none-eabi/8.2.1/../../../../arm-none-eabi/lib/thumb/v7e-m+fp/hard/libc_nano.a(lib_a-lock.o)
LEUART0_CLOCK_FREQ  0x4               bin/obj/cmu.o
DBG_CLOCK_FREQ      0x4               bin/obj/cmu.o
__lock___sfp_recursive_mutex
                    0x1               /opt/gcc-arm-none-eabi/bin/../lib/gcc/arm-none-eabi/8.2.1/../../../../arm-none-eabi/lib/thumb/v7e-m+fp/hard/libc_nano.a(lib_a-lock.o)

Discarded input sections

 .text          0x0000000000000000        0x0 bin/obj/cmu.o
 .data          0x0000000000000000        0x0 bin/obj/cmu.o
 .bss           0x0000000000000000        0x0 bin/obj/cmu.o
 .text.cmu_lfxo_calib
                0x0000000000000000       0x88 bin/obj/cmu.o
 .text.cmu_lfxo_get_cap
                0x0000000000000000       0x24 bin/obj/cmu.o
 .text          0x0000000000000000        0x0 bin/obj/crc.o
 .data          0x0000000000000000        0x0 bin/obj/crc.o
 .bss           0x0000000000000000        0x0 bin/obj/crc.o
 .text.calc_crc32
                0x0000000000000000       0x44 bin/obj/crc.o
 .text          0x0000000000000000        0x0 bin/obj/dbg.o
 .data          0x0000000000000000        0x0 bin/obj/dbg.o
 .bss           0x0000000000000000        0x0 bin/obj/dbg.o
 .text.dbg_swo_putc
                0x0000000000000000        0x4 bin/obj/dbg.o
 .text.dbg_swo_send_uint16
                0x0000000000000000       0x26 bin/obj/dbg.o
 .text.dbg_swo_send_uint32
                0x0000000000000000       0x26 bin/obj/dbg.o
 .text          0x0000000000000000        0x0 bin/obj/crypto.o
 .data          0x0000000000000000        0x0 bin/obj/crypto.o
 .bss           0x0000000000000000        0x0 bin/obj/crypto.o
 .text.crypto_sha256
                0x0000000000000000      0x16c bin/obj/crypto.o
 .text.crypto_sha1
                0x0000000000000000      0x168 bin/obj/crypto.o
 .text          0x0000000000000000        0x0 bin/obj/exc_handler.o
 .data          0x0000000000000000        0x0 bin/obj/exc_handler.o
 .bss           0x0000000000000000        0x0 bin/obj/exc_handler.o
 .text          0x0000000000000000        0x0 bin/obj/msc.o
 .data          0x0000000000000000        0x0 bin/obj/msc.o
 .bss           0x0000000000000000        0x0 bin/obj/msc.o
 .text.msc_flash_page_erase
                0x0000000000000000       0x50 bin/obj/msc.o
 .text.msc_flash_page_write
                0x0000000000000000       0x84 bin/obj/msc.o
 .text.msc_flash_word_write
                0x0000000000000000       0x56 bin/obj/msc.o
 .data.g_psLockBits
                0x0000000000000000        0x4 bin/obj/msc.o
 .text          0x0000000000000000        0x0 bin/obj/qspi.o
 .data          0x0000000000000000        0x0 bin/obj/qspi.o
 .bss           0x0000000000000000        0x0 bin/obj/qspi.o
 .text.qspi_enter_xip
                0x0000000000000000       0x24 bin/obj/qspi.o
 .text.qspi_exit_xip
                0x0000000000000000       0x34 bin/obj/qspi.o
 .text.qspi_flash_busy_wait
                0x0000000000000000       0x16 bin/obj/qspi.o
 .text.qspi_flash_write_disable
                0x0000000000000000       0x30 bin/obj/qspi.o
 .text.qspi_flash_block_erase
                0x0000000000000000       0x2a bin/obj/qspi.o
 .text.qspi_flash_sector_erase
                0x0000000000000000       0x2a bin/obj/qspi.o
 .text.qspi_flash_chip_erase
                0x0000000000000000       0x26 bin/obj/qspi.o
 .text.qspi_flash_write_security
                0x0000000000000000       0x28 bin/obj/qspi.o
 .text          0x0000000000000000        0x0 bin/obj/emu.o
 .data          0x0000000000000000        0x0 bin/obj/emu.o
 .bss           0x0000000000000000        0x0 bin/obj/emu.o
 .text.emu_vmon_altavdd_config
                0x0000000000000000       0x6c bin/obj/emu.o
 .text          0x0000000000000000        0x0 bin/obj/gpio.o
 .data          0x0000000000000000        0x0 bin/obj/gpio.o
 .bss           0x0000000000000000        0x0 bin/obj/gpio.o
 .text          0x0000000000000000        0x0 bin/obj/main.o
 .data          0x0000000000000000        0x0 bin/obj/main.o
 .bss           0x0000000000000000        0x0 bin/obj/main.o
 .text          0x0000000000000000        0x0 bin/obj/rtcc.o
 .data          0x0000000000000000        0x0 bin/obj/rtcc.o
 .bss           0x0000000000000000        0x0 bin/obj/rtcc.o
 .text.rtcc_set_time
                0x0000000000000000        0xc bin/obj/rtcc.o
 .text.rtcc_set_alarm
                0x0000000000000000       0x10 bin/obj/rtcc.o
 .text          0x0000000000000000        0x0 bin/obj/trng.o
 .data          0x0000000000000000        0x0 bin/obj/trng.o
 .bss           0x0000000000000000        0x0 bin/obj/trng.o
 .text.trng_init
                0x0000000000000000       0x50 bin/obj/trng.o
 .text.trng_pop_random
                0x0000000000000000       0x14 bin/obj/trng.o
 .debug_info    0x0000000000000000      0x67b bin/obj/trng.o
 .debug_abbrev  0x0000000000000000       0xf3 bin/obj/trng.o
 .debug_aranges
                0x0000000000000000       0x28 bin/obj/trng.o
 .debug_ranges  0x0000000000000000       0x18 bin/obj/trng.o
 .debug_line    0x0000000000000000      0x1fa bin/obj/trng.o
 .debug_str     0x0000000000000000      0x56c bin/obj/trng.o
 .comment       0x0000000000000000       0x76 bin/obj/trng.o
 .debug_frame   0x0000000000000000       0x30 bin/obj/trng.o
 .ARM.attributes
                0x0000000000000000       0x34 bin/obj/trng.o
 .text          0x0000000000000000        0x0 bin/obj/systick.o
 .data          0x0000000000000000        0x0 bin/obj/systick.o
 .bss           0x0000000000000000        0x0 bin/obj/systick.o
 .text          0x0000000000000000        0x0 bin/obj/i2c.o
 .data          0x0000000000000000        0x0 bin/obj/i2c.o
 .bss           0x0000000000000000        0x0 bin/obj/i2c.o
 .text.i2c0_init
                0x0000000000000000       0x74 bin/obj/i2c.o
 .text.i2c0_transmit
                0x0000000000000000       0xb4 bin/obj/i2c.o
 .text.i2c2_init
                0x0000000000000000       0x78 bin/obj/i2c.o
 .text.i2c2_transmit
                0x0000000000000000       0xac bin/obj/i2c.o
 .text          0x0000000000000000        0x0 bin/obj/startup.o
 .data          0x0000000000000000        0x0 bin/obj/startup.o
 .bss           0x0000000000000000        0x0 bin/obj/startup.o
 .text          0x0000000000000000        0x0 bin/obj/adc.o
 .data          0x0000000000000000        0x0 bin/obj/adc.o
 .bss           0x0000000000000000        0x0 bin/obj/adc.o
 .text          0x0000000000000000        0x0 bin/obj/printf/printf.o
 .data          0x0000000000000000        0x0 bin/obj/printf/printf.o
 .bss           0x0000000000000000        0x0 bin/obj/printf/printf.o
 .text._out_fct
                0x0000000000000000        0x6 bin/obj/printf/printf.o
 .text.sprintf  0x0000000000000000       0x28 bin/obj/printf/printf.o
 .text.vsnprintf
                0x0000000000000000       0x1c bin/obj/printf/printf.o
 .text.fctprintf
                0x0000000000000000       0x2c bin/obj/printf/printf.o
 .text          0x0000000000000000        0x0 bin/obj/md5/md5.o
 .data          0x0000000000000000        0x0 bin/obj/md5/md5.o
 .bss           0x0000000000000000        0x0 bin/obj/md5/md5.o
 .text.body     0x0000000000000000      0x770 bin/obj/md5/md5.o
 .text.md5_init
                0x0000000000000000       0x2c bin/obj/md5/md5.o
 .text.md5_update
                0x0000000000000000       0x7c bin/obj/md5/md5.o
 .text.md5_final
                0x0000000000000000       0xb2 bin/obj/md5/md5.o
 .debug_info    0x0000000000000000      0xcd4 bin/obj/md5/md5.o
 .debug_abbrev  0x0000000000000000      0x2a4 bin/obj/md5/md5.o
 .debug_loc     0x0000000000000000     0x121f bin/obj/md5/md5.o
 .debug_aranges
                0x0000000000000000       0x38 bin/obj/md5/md5.o
 .debug_ranges  0x0000000000000000       0x28 bin/obj/md5/md5.o
 .debug_line    0x0000000000000000      0x9bc bin/obj/md5/md5.o
 .debug_str     0x0000000000000000      0x610 bin/obj/md5/md5.o
 .comment       0x0000000000000000       0x76 bin/obj/md5/md5.o
 .debug_frame   0x0000000000000000       0xa0 bin/obj/md5/md5.o
 .ARM.attributes
                0x0000000000000000       0x34 bin/obj/md5/md5.o
 .text          0x0000000000000000        0x0 /opt/gcc-arm-none-eabi/bin/../lib/gcc/arm-none-eabi/8.2.1/../../../../arm-none-eabi/lib/thumb/v7e-m+fp/hard/libm.a(lib_a-sf_round.o)
 .data          0x0000000000000000        0x0 /opt/gcc-arm-none-eabi/bin/../lib/gcc/arm-none-eabi/8.2.1/../../../../arm-none-eabi/lib/thumb/v7e-m+fp/hard/libm.a(lib_a-sf_round.o)
 .bss           0x0000000000000000        0x0 /opt/gcc-arm-none-eabi/bin/../lib/gcc/arm-none-eabi/8.2.1/../../../../arm-none-eabi/lib/thumb/v7e-m+fp/hard/libm.a(lib_a-sf_round.o)
 .text          0x0000000000000000        0x0 /opt/gcc-arm-none-eabi/bin/../lib/gcc/arm-none-eabi/8.2.1/../../../../arm-none-eabi/lib/thumb/v7e-m+fp/hard/libc_nano.a(lib_a-malloc.o)
 .data          0x0000000000000000        0x0 /opt/gcc-arm-none-eabi/bin/../lib/gcc/arm-none-eabi/8.2.1/../../../../arm-none-eabi/lib/thumb/v7e-m+fp/hard/libc_nano.a(lib_a-malloc.o)
 .bss           0x0000000000000000        0x0 /opt/gcc-arm-none-eabi/bin/../lib/gcc/arm-none-eabi/8.2.1/../../../../arm-none-eabi/lib/thumb/v7e-m+fp/hard/libc_nano.a(lib_a-malloc.o)
 .text          0x0000000000000000        0x0 /opt/gcc-arm-none-eabi/bin/../lib/gcc/arm-none-eabi/8.2.1/../../../../arm-none-eabi/lib/thumb/v7e-m+fp/hard/libc_nano.a(lib_a-memcpy-stub.o)
 .data          0x0000000000000000        0x0 /opt/gcc-arm-none-eabi/bin/../lib/gcc/arm-none-eabi/8.2.1/../../../../arm-none-eabi/lib/thumb/v7e-m+fp/hard/libc_nano.a(lib_a-memcpy-stub.o)
 .bss           0x0000000000000000        0x0 /opt/gcc-arm-none-eabi/bin/../lib/gcc/arm-none-eabi/8.2.1/../../../../arm-none-eabi/lib/thumb/v7e-m+fp/hard/libc_nano.a(lib_a-memcpy-stub.o)
 .text.memcpy   0x0000000000000000       0x1c /opt/gcc-arm-none-eabi/bin/../lib/gcc/arm-none-eabi/8.2.1/../../../../arm-none-eabi/lib/thumb/v7e-m+fp/hard/libc_nano.a(lib_a-memcpy-stub.o)
 .debug_frame   0x0000000000000000       0x28 /opt/gcc-arm-none-eabi/bin/../lib/gcc/arm-none-eabi/8.2.1/../../../../arm-none-eabi/lib/thumb/v7e-m+fp/hard/libc_nano.a(lib_a-memcpy-stub.o)
 .ARM.attributes
                0x0000000000000000       0x34 /opt/gcc-arm-none-eabi/bin/../lib/gcc/arm-none-eabi/8.2.1/../../../../arm-none-eabi/lib/thumb/v7e-m+fp/hard/libc_nano.a(lib_a-memcpy-stub.o)
 .text          0x0000000000000000        0x0 /opt/gcc-arm-none-eabi/bin/../lib/gcc/arm-none-eabi/8.2.1/../../../../arm-none-eabi/lib/thumb/v7e-m+fp/hard/libc_nano.a(lib_a-memset.o)
 .data          0x0000000000000000        0x0 /opt/gcc-arm-none-eabi/bin/../lib/gcc/arm-none-eabi/8.2.1/../../../../arm-none-eabi/lib/thumb/v7e-m+fp/hard/libc_nano.a(lib_a-memset.o)
 .bss           0x0000000000000000        0x0 /opt/gcc-arm-none-eabi/bin/../lib/gcc/arm-none-eabi/8.2.1/../../../../arm-none-eabi/lib/thumb/v7e-m+fp/hard/libc_nano.a(lib_a-memset.o)
 .text.memset   0x0000000000000000       0x10 /opt/gcc-arm-none-eabi/bin/../lib/gcc/arm-none-eabi/8.2.1/../../../../arm-none-eabi/lib/thumb/v7e-m+fp/hard/libc_nano.a(lib_a-memset.o)
 .debug_frame   0x0000000000000000       0x20 /opt/gcc-arm-none-eabi/bin/../lib/gcc/arm-none-eabi/8.2.1/../../../../arm-none-eabi/lib/thumb/v7e-m+fp/hard/libc_nano.a(lib_a-memset.o)
 .ARM.attributes
                0x0000000000000000       0x34 /opt/gcc-arm-none-eabi/bin/../lib/gcc/arm-none-eabi/8.2.1/../../../../arm-none-eabi/lib/thumb/v7e-m+fp/hard/libc_nano.a(lib_a-memset.o)
 .text          0x0000000000000000        0x0 /opt/gcc-arm-none-eabi/bin/../lib/gcc/arm-none-eabi/8.2.1/../../../../arm-none-eabi/lib/thumb/v7e-m+fp/hard/libc_nano.a(lib_a-nano-freer.o)
 .data          0x0000000000000000        0x0 /opt/gcc-arm-none-eabi/bin/../lib/gcc/arm-none-eabi/8.2.1/../../../../arm-none-eabi/lib/thumb/v7e-m+fp/hard/libc_nano.a(lib_a-nano-freer.o)
 .bss           0x0000000000000000        0x0 /opt/gcc-arm-none-eabi/bin/../lib/gcc/arm-none-eabi/8.2.1/../../../../arm-none-eabi/lib/thumb/v7e-m+fp/hard/libc_nano.a(lib_a-nano-freer.o)
 .text          0x0000000000000000        0x0 /opt/gcc-arm-none-eabi/bin/../lib/gcc/arm-none-eabi/8.2.1/../../../../arm-none-eabi/lib/thumb/v7e-m+fp/hard/libc_nano.a(lib_a-nano-mallocr.o)
 .data          0x0000000000000000        0x0 /opt/gcc-arm-none-eabi/bin/../lib/gcc/arm-none-eabi/8.2.1/../../../../arm-none-eabi/lib/thumb/v7e-m+fp/hard/libc_nano.a(lib_a-nano-mallocr.o)
 .bss           0x0000000000000000        0x0 /opt/gcc-arm-none-eabi/bin/../lib/gcc/arm-none-eabi/8.2.1/../../../../arm-none-eabi/lib/thumb/v7e-m+fp/hard/libc_nano.a(lib_a-nano-mallocr.o)
 .text          0x0000000000000000        0x0 /opt/gcc-arm-none-eabi/bin/../lib/gcc/arm-none-eabi/8.2.1/../../../../arm-none-eabi/lib/thumb/v7e-m+fp/hard/libc_nano.a(lib_a-sbrkr.o)
 .data          0x0000000000000000        0x0 /opt/gcc-arm-none-eabi/bin/../lib/gcc/arm-none-eabi/8.2.1/../../../../arm-none-eabi/lib/thumb/v7e-m+fp/hard/libc_nano.a(lib_a-sbrkr.o)
 .bss           0x0000000000000000        0x0 /opt/gcc-arm-none-eabi/bin/../lib/gcc/arm-none-eabi/8.2.1/../../../../arm-none-eabi/lib/thumb/v7e-m+fp/hard/libc_nano.a(lib_a-sbrkr.o)
 .text          0x0000000000000000        0x0 /opt/gcc-arm-none-eabi/bin/../lib/gcc/arm-none-eabi/8.2.1/../../../../arm-none-eabi/lib/thumb/v7e-m+fp/hard/libc_nano.a(lib_a-impure.o)
 .data          0x0000000000000000        0x0 /opt/gcc-arm-none-eabi/bin/../lib/gcc/arm-none-eabi/8.2.1/../../../../arm-none-eabi/lib/thumb/v7e-m+fp/hard/libc_nano.a(lib_a-impure.o)
 .bss           0x0000000000000000        0x0 /opt/gcc-arm-none-eabi/bin/../lib/gcc/arm-none-eabi/8.2.1/../../../../arm-none-eabi/lib/thumb/v7e-m+fp/hard/libc_nano.a(lib_a-impure.o)
 .rodata._global_impure_ptr
                0x0000000000000000        0x4 /opt/gcc-arm-none-eabi/bin/../lib/gcc/arm-none-eabi/8.2.1/../../../../arm-none-eabi/lib/thumb/v7e-m+fp/hard/libc_nano.a(lib_a-impure.o)
 .text          0x0000000000000000        0x0 /opt/gcc-arm-none-eabi/bin/../lib/gcc/arm-none-eabi/8.2.1/../../../../arm-none-eabi/lib/thumb/v7e-m+fp/hard/libc_nano.a(lib_a-mlock.o)
 .data          0x0000000000000000        0x0 /opt/gcc-arm-none-eabi/bin/../lib/gcc/arm-none-eabi/8.2.1/../../../../arm-none-eabi/lib/thumb/v7e-m+fp/hard/libc_nano.a(lib_a-mlock.o)
 .bss           0x0000000000000000        0x0 /opt/gcc-arm-none-eabi/bin/../lib/gcc/arm-none-eabi/8.2.1/../../../../arm-none-eabi/lib/thumb/v7e-m+fp/hard/libc_nano.a(lib_a-mlock.o)
 .text          0x0000000000000000        0x0 /opt/gcc-arm-none-eabi/bin/../lib/gcc/arm-none-eabi/8.2.1/../../../../arm-none-eabi/lib/thumb/v7e-m+fp/hard/libc_nano.a(lib_a-reent.o)
 .data          0x0000000000000000        0x0 /opt/gcc-arm-none-eabi/bin/../lib/gcc/arm-none-eabi/8.2.1/../../../../arm-none-eabi/lib/thumb/v7e-m+fp/hard/libc_nano.a(lib_a-reent.o)
 .bss           0x0000000000000000        0x0 /opt/gcc-arm-none-eabi/bin/../lib/gcc/arm-none-eabi/8.2.1/../../../../arm-none-eabi/lib/thumb/v7e-m+fp/hard/libc_nano.a(lib_a-reent.o)
 .text.cleanup_glue
                0x0000000000000000       0x1a /opt/gcc-arm-none-eabi/bin/../lib/gcc/arm-none-eabi/8.2.1/../../../../arm-none-eabi/lib/thumb/v7e-m+fp/hard/libc_nano.a(lib_a-reent.o)
 .text._reclaim_reent
                0x0000000000000000       0xb8 /opt/gcc-arm-none-eabi/bin/../lib/gcc/arm-none-eabi/8.2.1/../../../../arm-none-eabi/lib/thumb/v7e-m+fp/hard/libc_nano.a(lib_a-reent.o)
 .text          0x0000000000000000        0x0 /opt/gcc-arm-none-eabi/bin/../lib/gcc/arm-none-eabi/8.2.1/../../../../arm-none-eabi/lib/thumb/v7e-m+fp/hard/libc_nano.a(lib_a-lock.o)
 .data          0x0000000000000000        0x0 /opt/gcc-arm-none-eabi/bin/../lib/gcc/arm-none-eabi/8.2.1/../../../../arm-none-eabi/lib/thumb/v7e-m+fp/hard/libc_nano.a(lib_a-lock.o)
 .bss           0x0000000000000000        0x0 /opt/gcc-arm-none-eabi/bin/../lib/gcc/arm-none-eabi/8.2.1/../../../../arm-none-eabi/lib/thumb/v7e-m+fp/hard/libc_nano.a(lib_a-lock.o)
 .text.__retarget_lock_init
                0x0000000000000000        0x2 /opt/gcc-arm-none-eabi/bin/../lib/gcc/arm-none-eabi/8.2.1/../../../../arm-none-eabi/lib/thumb/v7e-m+fp/hard/libc_nano.a(lib_a-lock.o)
 .text.__retarget_lock_init_recursive
                0x0000000000000000        0x2 /opt/gcc-arm-none-eabi/bin/../lib/gcc/arm-none-eabi/8.2.1/../../../../arm-none-eabi/lib/thumb/v7e-m+fp/hard/libc_nano.a(lib_a-lock.o)
 .text.__retarget_lock_close
                0x0000000000000000        0x2 /opt/gcc-arm-none-eabi/bin/../lib/gcc/arm-none-eabi/8.2.1/../../../../arm-none-eabi/lib/thumb/v7e-m+fp/hard/libc_nano.a(lib_a-lock.o)
 .text.__retarget_lock_close_recursive
                0x0000000000000000        0x2 /opt/gcc-arm-none-eabi/bin/../lib/gcc/arm-none-eabi/8.2.1/../../../../arm-none-eabi/lib/thumb/v7e-m+fp/hard/libc_nano.a(lib_a-lock.o)
 .text.__retarget_lock_acquire
                0x0000000000000000        0x2 /opt/gcc-arm-none-eabi/bin/../lib/gcc/arm-none-eabi/8.2.1/../../../../arm-none-eabi/lib/thumb/v7e-m+fp/hard/libc_nano.a(lib_a-lock.o)
 .text.__retarget_lock_try_acquire
                0x0000000000000000        0x4 /opt/gcc-arm-none-eabi/bin/../lib/gcc/arm-none-eabi/8.2.1/../../../../arm-none-eabi/lib/thumb/v7e-m+fp/hard/libc_nano.a(lib_a-lock.o)
 .text.__retarget_lock_try_acquire_recursive
                0x0000000000000000        0x4 /opt/gcc-arm-none-eabi/bin/../lib/gcc/arm-none-eabi/8.2.1/../../../../arm-none-eabi/lib/thumb/v7e-m+fp/hard/libc_nano.a(lib_a-lock.o)
 .text.__retarget_lock_release
                0x0000000000000000        0x2 /opt/gcc-arm-none-eabi/bin/../lib/gcc/arm-none-eabi/8.2.1/../../../../arm-none-eabi/lib/thumb/v7e-m+fp/hard/libc_nano.a(lib_a-lock.o)
 .data          0x0000000000000000        0x0 /opt/gcc-arm-none-eabi/bin/../lib/gcc/arm-none-eabi/8.2.1/thumb/v7e-m+fp/hard/libgcc.a(_arm_addsubdf3.o)
 .bss           0x0000000000000000        0x0 /opt/gcc-arm-none-eabi/bin/../lib/gcc/arm-none-eabi/8.2.1/thumb/v7e-m+fp/hard/libgcc.a(_arm_addsubdf3.o)
 .data          0x0000000000000000        0x0 /opt/gcc-arm-none-eabi/bin/../lib/gcc/arm-none-eabi/8.2.1/thumb/v7e-m+fp/hard/libgcc.a(_arm_muldivdf3.o)
 .bss           0x0000000000000000        0x0 /opt/gcc-arm-none-eabi/bin/../lib/gcc/arm-none-eabi/8.2.1/thumb/v7e-m+fp/hard/libgcc.a(_arm_muldivdf3.o)
 .data          0x0000000000000000        0x0 /opt/gcc-arm-none-eabi/bin/../lib/gcc/arm-none-eabi/8.2.1/thumb/v7e-m+fp/hard/libgcc.a(_arm_cmpdf2.o)
 .bss           0x0000000000000000        0x0 /opt/gcc-arm-none-eabi/bin/../lib/gcc/arm-none-eabi/8.2.1/thumb/v7e-m+fp/hard/libgcc.a(_arm_cmpdf2.o)
 .data          0x0000000000000000        0x0 /opt/gcc-arm-none-eabi/bin/../lib/gcc/arm-none-eabi/8.2.1/thumb/v7e-m+fp/hard/libgcc.a(_arm_fixdfsi.o)
 .bss           0x0000000000000000        0x0 /opt/gcc-arm-none-eabi/bin/../lib/gcc/arm-none-eabi/8.2.1/thumb/v7e-m+fp/hard/libgcc.a(_arm_fixdfsi.o)
 .data          0x0000000000000000        0x0 /opt/gcc-arm-none-eabi/bin/../lib/gcc/arm-none-eabi/8.2.1/thumb/v7e-m+fp/hard/libgcc.a(_arm_fixunsdfsi.o)
 .bss           0x0000000000000000        0x0 /opt/gcc-arm-none-eabi/bin/../lib/gcc/arm-none-eabi/8.2.1/thumb/v7e-m+fp/hard/libgcc.a(_arm_fixunsdfsi.o)
 .data          0x0000000000000000        0x0 /opt/gcc-arm-none-eabi/bin/../lib/gcc/arm-none-eabi/8.2.1/thumb/v7e-m+fp/hard/libgcc.a(_aeabi_uldivmod.o)
 .bss           0x0000000000000000        0x0 /opt/gcc-arm-none-eabi/bin/../lib/gcc/arm-none-eabi/8.2.1/thumb/v7e-m+fp/hard/libgcc.a(_aeabi_uldivmod.o)
 .data          0x0000000000000000        0x0 /opt/gcc-arm-none-eabi/bin/../lib/gcc/arm-none-eabi/8.2.1/thumb/v7e-m+fp/hard/libgcc.a(_udivmoddi4.o)
 .bss           0x0000000000000000        0x0 /opt/gcc-arm-none-eabi/bin/../lib/gcc/arm-none-eabi/8.2.1/thumb/v7e-m+fp/hard/libgcc.a(_udivmoddi4.o)
 .ARM.extab     0x0000000000000000        0x0 /opt/gcc-arm-none-eabi/bin/../lib/gcc/arm-none-eabi/8.2.1/thumb/v7e-m+fp/hard/libgcc.a(_udivmoddi4.o)
 .data          0x0000000000000000        0x0 /opt/gcc-arm-none-eabi/bin/../lib/gcc/arm-none-eabi/8.2.1/thumb/v7e-m+fp/hard/libgcc.a(_dvmd_tls.o)
 .bss           0x0000000000000000        0x0 /opt/gcc-arm-none-eabi/bin/../lib/gcc/arm-none-eabi/8.2.1/thumb/v7e-m+fp/hard/libgcc.a(_dvmd_tls.o)
 .text          0x0000000000000000        0x0 /opt/gcc-arm-none-eabi/bin/../lib/gcc/arm-none-eabi/8.2.1/../../../../arm-none-eabi/lib/thumb/v7e-m+fp/hard/libnosys.a(sbrk.o)
 .data          0x0000000000000000        0x0 /opt/gcc-arm-none-eabi/bin/../lib/gcc/arm-none-eabi/8.2.1/../../../../arm-none-eabi/lib/thumb/v7e-m+fp/hard/libnosys.a(sbrk.o)
 .bss           0x0000000000000000        0x0 /opt/gcc-arm-none-eabi/bin/../lib/gcc/arm-none-eabi/8.2.1/../../../../arm-none-eabi/lib/thumb/v7e-m+fp/hard/libnosys.a(sbrk.o)

Memory Configuration

Name             Origin             Length             Attributes
irom0            0x0000000000000000 0x0000000000200000 xr
irom1            0x000000000fe10000 0x0000000000008000 xr
irom2            0x0000000004000000 0x0000000000800000 xr
drom0            0x000000000fe00000 0x0000000000001000 r
drom1            0x00000000c0000000 0x0000000000800000 r
iram0            0x0000000010000000 0x0000000000080000 xrw
dram0            0x0000000020000000 0x0000000000080000 rw
*default*        0x0000000000000000 0xffffffffffffffff

Linker script and memory map

LOAD bin/obj/cmu.o
LOAD bin/obj/crc.o
LOAD bin/obj/dbg.o
LOAD bin/obj/crypto.o
LOAD bin/obj/exc_handler.o
LOAD bin/obj/msc.o
LOAD bin/obj/qspi.o
LOAD bin/obj/emu.o
LOAD bin/obj/gpio.o
LOAD bin/obj/main.o
LOAD bin/obj/rtcc.o
LOAD bin/obj/trng.o
LOAD bin/obj/systick.o
LOAD bin/obj/i2c.o
LOAD bin/obj/startup.o
LOAD bin/obj/adc.o
LOAD bin/obj/printf/printf.o
LOAD bin/obj/md5/md5.o
LOAD /opt/gcc-arm-none-eabi/bin/../lib/gcc/arm-none-eabi/8.2.1/../../../../arm-none-eabi/lib/thumb/v7e-m+fp/hard/libm.a
LOAD /opt/gcc-arm-none-eabi/bin/../lib/gcc/arm-none-eabi/8.2.1/../../../../arm-none-eabi/lib/thumb/v7e-m+fp/hard/libc_nano.a
LOAD /opt/gcc-arm-none-eabi/bin/../lib/gcc/arm-none-eabi/8.2.1/thumb/v7e-m+fp/hard/libgcc.a
LOAD /opt/gcc-arm-none-eabi/bin/../lib/gcc/arm-none-eabi/8.2.1/../../../../arm-none-eabi/lib/thumb/v7e-m+fp/hard/libnosys.a
                0x0000000000000800                _min_heap_size = 0x800
                0x0000000000000400                _min_stack_size = 0x400
                0x0000000020080000                _estack = ((ORIGIN (dram0) + LENGTH (dram0)) & 0xfffffffffffffff8)

.isr_vector     0x0000000000000000      0x150
                0x0000000000000000                . = ALIGN (0x4)
                0x0000000000000000                _svect = .
 *(.isr_vector)
 .isr_vector    0x0000000000000000      0x150 bin/obj/startup.o
                0x0000000000000000                g_pfnVectors
                0x0000000000000150                . = ALIGN (0x4)
                0x0000000000000150                _evect = .

.text           0x0000000000000150     0x53d8
                0x0000000000000150                . = ALIGN (0x4)
                0x0000000000000150                _stext = .
 *(.text)
 .text          0x0000000000000150      0x378 /opt/gcc-arm-none-eabi/bin/../lib/gcc/arm-none-eabi/8.2.1/thumb/v7e-m+fp/hard/libgcc.a(_arm_addsubdf3.o)
                0x0000000000000150                __aeabi_drsub
                0x0000000000000158                __aeabi_dsub
                0x0000000000000158                __subdf3
                0x000000000000015c                __adddf3
                0x000000000000015c                __aeabi_dadd
                0x00000000000003d4                __aeabi_ui2d
                0x00000000000003d4                __floatunsidf
                0x00000000000003f4                __floatsidf
                0x00000000000003f4                __aeabi_i2d
                0x0000000000000418                __extendsfdf2
                0x0000000000000418                __aeabi_f2d
                0x000000000000045c                __aeabi_ul2d
                0x000000000000045c                __floatundidf
                0x000000000000046c                __floatdidf
                0x000000000000046c                __aeabi_l2d
 .text          0x00000000000004c8      0x424 /opt/gcc-arm-none-eabi/bin/../lib/gcc/arm-none-eabi/8.2.1/thumb/v7e-m+fp/hard/libgcc.a(_arm_muldivdf3.o)
                0x00000000000004c8                __aeabi_dmul
                0x00000000000004c8                __muldf3
                0x000000000000071c                __aeabi_ddiv
                0x000000000000071c                __divdf3
 .text          0x00000000000008ec      0x110 /opt/gcc-arm-none-eabi/bin/../lib/gcc/arm-none-eabi/8.2.1/thumb/v7e-m+fp/hard/libgcc.a(_arm_cmpdf2.o)
                0x00000000000008ec                __gtdf2
                0x00000000000008ec                __gedf2
                0x00000000000008f4                __ltdf2
                0x00000000000008f4                __ledf2
                0x00000000000008fc                __cmpdf2
                0x00000000000008fc                __eqdf2
                0x00000000000008fc                __nedf2
                0x0000000000000978                __aeabi_cdrcmple
                0x0000000000000988                __aeabi_cdcmple
                0x0000000000000988                __aeabi_cdcmpeq
                0x0000000000000998                __aeabi_dcmpeq
                0x00000000000009ac                __aeabi_dcmplt
                0x00000000000009c0                __aeabi_dcmple
                0x00000000000009d4                __aeabi_dcmpge
                0x00000000000009e8                __aeabi_dcmpgt
 .text          0x00000000000009fc       0x50 /opt/gcc-arm-none-eabi/bin/../lib/gcc/arm-none-eabi/8.2.1/thumb/v7e-m+fp/hard/libgcc.a(_arm_fixdfsi.o)
                0x00000000000009fc                __fixdfsi
                0x00000000000009fc                __aeabi_d2iz
 .text          0x0000000000000a4c       0x40 /opt/gcc-arm-none-eabi/bin/../lib/gcc/arm-none-eabi/8.2.1/thumb/v7e-m+fp/hard/libgcc.a(_arm_fixunsdfsi.o)
                0x0000000000000a4c                __fixunsdfsi
                0x0000000000000a4c                __aeabi_d2uiz
 .text          0x0000000000000a8c       0x30 /opt/gcc-arm-none-eabi/bin/../lib/gcc/arm-none-eabi/8.2.1/thumb/v7e-m+fp/hard/libgcc.a(_aeabi_uldivmod.o)
                0x0000000000000a8c                __aeabi_uldivmod
 .text          0x0000000000000abc      0x2d0 /opt/gcc-arm-none-eabi/bin/../lib/gcc/arm-none-eabi/8.2.1/thumb/v7e-m+fp/hard/libgcc.a(_udivmoddi4.o)
                0x0000000000000abc                __udivmoddi4
 .text          0x0000000000000d8c        0x4 /opt/gcc-arm-none-eabi/bin/../lib/gcc/arm-none-eabi/8.2.1/thumb/v7e-m+fp/hard/libgcc.a(_dvmd_tls.o)
                0x0000000000000d8c                __aeabi_ldiv0
                0x0000000000000d8c                __aeabi_idiv0
 *(.text*)
 .text.cmu_update_clocks
                0x0000000000000d90      0x488 bin/obj/cmu.o
                0x0000000000000d90                cmu_update_clocks
 .text.cmu_config_waitstates
                0x0000000000001218       0x20 bin/obj/cmu.o
                0x0000000000001218                cmu_config_waitstates
 .text.cmu_hfrco_calib
                0x0000000000001238       0x2c bin/obj/cmu.o
                0x0000000000001238                cmu_hfrco_calib
 .text.cmu_init
                0x0000000000001264      0x19c bin/obj/cmu.o
                0x0000000000001264                cmu_init
 .text.cmu_ushfrco_calib
                0x0000000000001400       0x58 bin/obj/cmu.o
                0x0000000000001400                cmu_ushfrco_calib
 .text.cmu_auxhfrco_calib
                0x0000000000001458       0x48 bin/obj/cmu.o
                0x0000000000001458                cmu_auxhfrco_calib
 .text.cmu_hfxo_startup_calib
                0x00000000000014a0       0x2c bin/obj/cmu.o
                0x00000000000014a0                cmu_hfxo_startup_calib
 .text.cmu_hfxo_get_startup_current
                0x00000000000014cc       0x24 bin/obj/cmu.o
                0x00000000000014cc                cmu_hfxo_get_startup_current
 .text.cmu_hfxo_get_startup_cap
                0x00000000000014f0       0x2c bin/obj/cmu.o
                0x00000000000014f0                cmu_hfxo_get_startup_cap
 .text.cmu_hfxo_steady_calib
                0x000000000000151c       0x2c bin/obj/cmu.o
                0x000000000000151c                cmu_hfxo_steady_calib
 .text.cmu_hfxo_get_steady_current
                0x0000000000001548       0x24 bin/obj/cmu.o
                0x0000000000001548                cmu_hfxo_get_steady_current
 .text.cmu_hfxo_get_steady_cap
                0x000000000000156c       0x2c bin/obj/cmu.o
                0x000000000000156c                cmu_hfxo_get_steady_cap
 .text.cmu_hfxo_get_pda_ibtrim
                0x0000000000001598       0x2c bin/obj/cmu.o
                0x0000000000001598                cmu_hfxo_get_pda_ibtrim
 .text.cmu_hfxo_get_pda_current
                0x00000000000015c4       0x44 bin/obj/cmu.o
                0x00000000000015c4                cmu_hfxo_get_pda_current
 .text.cmu_hfxo_get_pma_ibtrim
                0x0000000000001608       0x1c bin/obj/cmu.o
                0x0000000000001608                cmu_hfxo_get_pma_ibtrim
 .text.cmu_hfxo_get_pma_current
                0x0000000000001624       0x40 bin/obj/cmu.o
                0x0000000000001624                cmu_hfxo_get_pma_current
 .text.crc_init
                0x0000000000001664       0x28 bin/obj/crc.o
                0x0000000000001664                crc_init
 .text.dbg_init
                0x000000000000168c       0x10 bin/obj/dbg.o
                0x000000000000168c                dbg_init
 .text.dbg_swo_config
                0x000000000000169c       0x60 bin/obj/dbg.o
                0x000000000000169c                dbg_swo_config
 .text.dbg_swo_send_uint8
                0x00000000000016fc       0x26 bin/obj/dbg.o
                0x00000000000016fc                dbg_swo_send_uint8
 .text._putchar
                0x0000000000001722        0x6 bin/obj/dbg.o
                0x0000000000001722                _putchar
 .text.crypto_init
                0x0000000000001728       0x14 bin/obj/crypto.o
                0x0000000000001728                crypto_init
 .text._hardfault_isr
                0x000000000000173c       0x18 bin/obj/exc_handler.o
                0x000000000000173c                _hardfault_isr
 .text._memmanage_isr
                0x0000000000001754       0x18 bin/obj/exc_handler.o
                0x0000000000001754                _memmanage_isr
 .text._busfault_isr
                0x000000000000176c       0x18 bin/obj/exc_handler.o
                0x000000000000176c                _busfault_isr
 .text._usagefault_isr
                0x0000000000001784       0x18 bin/obj/exc_handler.o
                0x0000000000001784                _usagefault_isr
 .text.hardfault_trace_stack
                0x000000000000179c       0xe4 bin/obj/exc_handler.o
                0x000000000000179c                hardfault_trace_stack
 .text.memmanage_trace_stack
                0x0000000000001880       0xf4 bin/obj/exc_handler.o
                0x0000000000001880                memmanage_trace_stack
 .text.busfault_trace_stack
                0x0000000000001974      0x100 bin/obj/exc_handler.o
                0x0000000000001974                busfault_trace_stack
 .text.usagefault_trace_stack
                0x0000000000001a74       0xe8 bin/obj/exc_handler.o
                0x0000000000001a74                usagefault_trace_stack
 .text.msc_flash_lock
                0x0000000000001b5c       0x16 bin/obj/msc.o
                0x0000000000001b5c                msc_flash_lock
 .text.msc_flash_unlock
                0x0000000000001b72       0x20 bin/obj/msc.o
                0x0000000000001b72                msc_flash_unlock
 .text.msc_init
                0x0000000000001b92       0x36 bin/obj/msc.o
                0x0000000000001b92                msc_init
 .text.msc_config_waitstates
                0x0000000000001bc8       0xa8 bin/obj/msc.o
                0x0000000000001bc8                msc_config_waitstates
 .text.qspi_flash_cmd.part.1
                0x0000000000001c70      0x16c bin/obj/qspi.o
 .text.qspi_flash_cmd
                0x0000000000001ddc       0x44 bin/obj/qspi.o
                0x0000000000001ddc                qspi_flash_cmd
 .text.qspi_flash_reset
                0x0000000000001e20       0x36 bin/obj/qspi.o
                0x0000000000001e20                qspi_flash_reset
 .text.qspi_flash_read_status
                0x0000000000001e56       0x2a bin/obj/qspi.o
                0x0000000000001e56                qspi_flash_read_status
 .text.qspi_flash_read_config
                0x0000000000001e80       0x2a bin/obj/qspi.o
                0x0000000000001e80                qspi_flash_read_config
 .text.qspi_flash_write_enable
                0x0000000000001eaa       0x30 bin/obj/qspi.o
                0x0000000000001eaa                qspi_flash_write_enable
 .text.qspi_flash_write_status_config
                0x0000000000001eda       0x30 bin/obj/qspi.o
                0x0000000000001eda                qspi_flash_write_status_config
 .text.qspi_flash_read_jedec_id
                0x0000000000001f0a       0x40 bin/obj/qspi.o
                0x0000000000001f0a                qspi_flash_read_jedec_id
 .text.qspi_flash_read_security
                0x0000000000001f4a       0x20 bin/obj/qspi.o
                0x0000000000001f4a                qspi_flash_read_security
 .text.qspi_flash_unprotect_all_blocks
                0x0000000000001f6a       0x22 bin/obj/qspi.o
                0x0000000000001f6a                qspi_flash_unprotect_all_blocks
 .text.qspi_flash_init
                0x0000000000001f8c       0x34 bin/obj/qspi.o
                0x0000000000001f8c                qspi_flash_init
 .text.qspi_init
                0x0000000000001fc0       0x98 bin/obj/qspi.o
                0x0000000000001fc0                qspi_init
 .text.emu_vmon_thresh_get
                0x0000000000002058       0x5c bin/obj/emu.o
 .text.emu_vmon_thresh_calc
                0x00000000000020b4       0x90 bin/obj/emu.o
 .text._emu_isr
                0x0000000000002144       0x6c bin/obj/emu.o
                0x0000000000002144                _emu_isr
 .text.emu_init
                0x00000000000021b0       0x2c bin/obj/emu.o
                0x00000000000021b0                emu_init
 .text.emu_get_temperature
                0x00000000000021dc       0x5c bin/obj/emu.o
                0x00000000000021dc                emu_get_temperature
 .text.emu_vmon_avdd_config
                0x0000000000002238       0xa8 bin/obj/emu.o
                0x0000000000002238                emu_vmon_avdd_config
 .text.emu_vmon_dvdd_config
                0x00000000000022e0       0x6c bin/obj/emu.o
                0x00000000000022e0                emu_vmon_dvdd_config
 .text.emu_vmon_iovdd_config
                0x000000000000234c       0x6c bin/obj/emu.o
                0x000000000000234c                emu_vmon_iovdd_config
 .text.gpio_init
                0x00000000000023b8       0xb4 bin/obj/gpio.o
                0x00000000000023b8                gpio_init
 .text.get_device_name
                0x000000000000246c      0x374 bin/obj/main.o
                0x000000000000246c                get_device_name
 .text.init     0x00000000000027e0      0x95c bin/obj/main.o
                0x00000000000027e0                init
 .text.startup.main
                0x000000000000313c      0x260 bin/obj/main.o
                0x000000000000313c                main
 .text.rtcc_init
                0x000000000000339c       0x64 bin/obj/rtcc.o
                0x000000000000339c                rtcc_init
 .text.rtcc_get_time
                0x0000000000003400        0xc bin/obj/rtcc.o
                0x0000000000003400                rtcc_get_time
 .text._systick_isr
                0x000000000000340c       0x18 bin/obj/systick.o
                0x000000000000340c                _systick_isr
 .text.systick_init
                0x0000000000003424       0x30 bin/obj/systick.o
                0x0000000000003424                systick_init
 .text.delay_ms
                0x0000000000003454       0x28 bin/obj/systick.o
                0x0000000000003454                delay_ms
 .text.i2c1_init
                0x000000000000347c       0x78 bin/obj/i2c.o
                0x000000000000347c                i2c1_init
 .text.i2c1_transmit
                0x00000000000034f4       0xac bin/obj/i2c.o
                0x00000000000034f4                i2c1_transmit
 .text._default_isr
                0x00000000000035a0        0x2 bin/obj/startup.o
                0x00000000000035a0                _timer3_isr
                0x00000000000035a0                _wtimer2_isr
                0x00000000000035a0                _ebi_isr
                0x00000000000035a0                _timer5_isr
                0x00000000000035a0                _letimer0_isr
                0x00000000000035a0                _cmu_isr
                0x00000000000035a0                _acmp2_3_isr
                0x00000000000035a0                _msc_isr
                0x00000000000035a0                _pcnt1_isr
                0x00000000000035a0                _can1_isr
                0x00000000000035a0                _eth_isr
                0x00000000000035a0                _usart4_rx_isr
                0x00000000000035a0                _uart0_tx_isr
                0x00000000000035a0                _uart0_rx_isr
                0x00000000000035a0                _wdog1_isr
                0x00000000000035a0                _usart0_rx_isr
                0x00000000000035a0                _csen_isr
                0x00000000000035a0                _wtimer1_isr
                0x00000000000035a0                _can0_isr
                0x00000000000035a0                _usart4_tx_isr
                0x00000000000035a0                _letimer1_isr
                0x00000000000035a0                _usart2_rx_isr
                0x00000000000035a0                _usart5_tx_isr
                0x00000000000035a0                _gpio_even_isr
                0x00000000000035a0                _lesense_isr
                0x00000000000035a0                _uart1_tx_isr
                0x00000000000035a0                _wdog0_isr
                0x00000000000035a0                _smu_isr
                0x00000000000035a0                _usart2_tx_isr
                0x00000000000035a0                _usb_isr
                0x00000000000035a0                _usart3_tx_isr
                0x00000000000035a0                _crypto0_isr
                0x00000000000035a0                _usart3_rx_isr
                0x00000000000035a0                _pendsv_isr
                0x00000000000035a0                _leuart1_isr
                0x00000000000035a0                _usart0_tx_isr
                0x00000000000035a0                _wtimer0_isr
                0x00000000000035a0                _idac0_isr
                0x00000000000035a0                _vdac0_isr
                0x00000000000035a0                _timer4_isr
                0x00000000000035a0                _debugmon_isr
                0x00000000000035a0                _adc1_isr
                0x00000000000035a0                _trng0_isr
                0x00000000000035a0                _timer0_isr
                0x00000000000035a0                _rtc_isr
                0x00000000000035a0                _lcd_isr
                0x00000000000035a0                _acmp0_1_isr
                0x00000000000035a0                _uart1_rx_isr
                0x00000000000035a0                _i2c0_isr
                0x00000000000035a0                _timer2_isr
                0x00000000000035a0                _timer6_isr
                0x00000000000035a0                _nmi_isr
                0x00000000000035a0                _i2c2_isr
                0x00000000000035a0                _svc_isr
                0x00000000000035a0                _rtcc_isr
                0x00000000000035a0                _pcnt2_isr
                0x00000000000035a0                _adc0_isr
                0x00000000000035a0                _wtimer3_isr
                0x00000000000035a0                _timer1_isr
                0x00000000000035a0                _pcnt0_isr
                0x00000000000035a0                _sdio_isr
                0x00000000000035a0                _usart1_rx_isr
                0x00000000000035a0                _ldma_isr
                0x00000000000035a0                _cryotimer_isr
                0x00000000000035a0                _usart5_rx_isr
                0x00000000000035a0                _leuart0_isr
                0x00000000000035a0                _usart1_tx_isr
                0x00000000000035a0                _fpueh_isr
                0x00000000000035a0                _qspi0_isr
                0x00000000000035a0                _i2c1_isr
                0x00000000000035a0                _default_isr
                0x00000000000035a0                _gpio_odd_isr
 .text.__libc_init_array
                0x00000000000035a2        0x2 bin/obj/startup.o
                0x00000000000035a2                __libc_init_array
 .text._reset_isr
                0x00000000000035a4       0xa4 bin/obj/startup.o
                0x00000000000035a4                _reset_isr
 .text.adc_init
                0x0000000000003648       0x40 bin/obj/adc.o
                0x0000000000003648                adc_init
 .text.adc_get_avdd
                0x0000000000003688       0x88 bin/obj/adc.o
                0x0000000000003688                adc_get_avdd
 .text.adc_get_dvdd
                0x0000000000003710       0x88 bin/obj/adc.o
                0x0000000000003710                adc_get_dvdd
 .text.adc_get_iovdd
                0x0000000000003798       0x88 bin/obj/adc.o
                0x0000000000003798                adc_get_iovdd
 .text.adc_get_corevdd
                0x0000000000003820       0x88 bin/obj/adc.o
                0x0000000000003820                adc_get_corevdd
 .text.adc_get_temperature
                0x00000000000038a8       0xb8 bin/obj/adc.o
                0x00000000000038a8                adc_get_temperature
 .text._out_buffer
                0x0000000000003960        0x8 bin/obj/printf/printf.o
 .text._out_null
                0x0000000000003968        0x2 bin/obj/printf/printf.o
 .text._ntoa_format
                0x000000000000396a      0x14a bin/obj/printf/printf.o
 .text._ntoa_long
                0x0000000000003ab4       0x84 bin/obj/printf/printf.o
 .text._ntoa_long_long
                0x0000000000003b38       0x98 bin/obj/printf/printf.o
 .text._out_char
                0x0000000000003bd0        0x8 bin/obj/printf/printf.o
 .text._vsnprintf
                0x0000000000003bd8      0x6dc bin/obj/printf/printf.o
 .text.printf   0x00000000000042b4       0x28 bin/obj/printf/printf.o
                0x00000000000042b4                printf
 .text.snprintf
                0x00000000000042dc       0x28 bin/obj/printf/printf.o
                0x00000000000042dc                snprintf
 .text.roundf   0x0000000000004304       0x60 /opt/gcc-arm-none-eabi/bin/../lib/gcc/arm-none-eabi/8.2.1/../../../../arm-none-eabi/lib/thumb/v7e-m+fp/hard/libm.a(lib_a-sf_round.o)
                0x0000000000004304                roundf
 .text.malloc   0x0000000000004364       0x10 /opt/gcc-arm-none-eabi/bin/../lib/gcc/arm-none-eabi/8.2.1/../../../../arm-none-eabi/lib/thumb/v7e-m+fp/hard/libc_nano.a(lib_a-malloc.o)
                0x0000000000004364                malloc
 .text.free     0x0000000000004374       0x10 /opt/gcc-arm-none-eabi/bin/../lib/gcc/arm-none-eabi/8.2.1/../../../../arm-none-eabi/lib/thumb/v7e-m+fp/hard/libc_nano.a(lib_a-malloc.o)
                0x0000000000004374                free
 .text._free_r  0x0000000000004384       0x9c /opt/gcc-arm-none-eabi/bin/../lib/gcc/arm-none-eabi/8.2.1/../../../../arm-none-eabi/lib/thumb/v7e-m+fp/hard/libc_nano.a(lib_a-nano-freer.o)
                0x0000000000004384                _free_r
 .text._malloc_r
                0x0000000000004420       0xb4 /opt/gcc-arm-none-eabi/bin/../lib/gcc/arm-none-eabi/8.2.1/../../../../arm-none-eabi/lib/thumb/v7e-m+fp/hard/libc_nano.a(lib_a-nano-mallocr.o)
                0x0000000000004420                _malloc_r
 .text._sbrk_r  0x00000000000044d4       0x20 /opt/gcc-arm-none-eabi/bin/../lib/gcc/arm-none-eabi/8.2.1/../../../../arm-none-eabi/lib/thumb/v7e-m+fp/hard/libc_nano.a(lib_a-sbrkr.o)
                0x00000000000044d4                _sbrk_r
 .text.__malloc_lock
                0x00000000000044f4        0xc /opt/gcc-arm-none-eabi/bin/../lib/gcc/arm-none-eabi/8.2.1/../../../../arm-none-eabi/lib/thumb/v7e-m+fp/hard/libc_nano.a(lib_a-mlock.o)
                0x00000000000044f4                __malloc_lock
 .text.__malloc_unlock
                0x0000000000004500        0xc /opt/gcc-arm-none-eabi/bin/../lib/gcc/arm-none-eabi/8.2.1/../../../../arm-none-eabi/lib/thumb/v7e-m+fp/hard/libc_nano.a(lib_a-mlock.o)
                0x0000000000004500                __malloc_unlock
 .text.__retarget_lock_acquire_recursive
                0x000000000000450c        0x2 /opt/gcc-arm-none-eabi/bin/../lib/gcc/arm-none-eabi/8.2.1/../../../../arm-none-eabi/lib/thumb/v7e-m+fp/hard/libc_nano.a(lib_a-lock.o)
                0x000000000000450c                __retarget_lock_acquire_recursive
 .text.__retarget_lock_release_recursive
                0x000000000000450e        0x2 /opt/gcc-arm-none-eabi/bin/../lib/gcc/arm-none-eabi/8.2.1/../../../../arm-none-eabi/lib/thumb/v7e-m+fp/hard/libc_nano.a(lib_a-lock.o)
                0x000000000000450e                __retarget_lock_release_recursive
 .text._sbrk    0x0000000000004510       0x1c /opt/gcc-arm-none-eabi/bin/../lib/gcc/arm-none-eabi/8.2.1/../../../../arm-none-eabi/lib/thumb/v7e-m+fp/hard/libnosys.a(sbrk.o)
                0x0000000000004510                _sbrk
 *(.rodata)
 *(.rodata*)
 .rodata.__FUNCTION__.7587
                0x000000000000452c       0x16 bin/obj/exc_handler.o
 .rodata.__FUNCTION__.7600
                0x0000000000004542       0x16 bin/obj/exc_handler.o
 .rodata.__FUNCTION__.7613
                0x0000000000004558       0x15 bin/obj/exc_handler.o
 .rodata.__FUNCTION__.7626
                0x000000000000456d       0x17 bin/obj/exc_handler.o
 .rodata.busfault_trace_stack.str1.1
                0x0000000000004584       0x4f bin/obj/exc_handler.o
 .rodata.hardfault_trace_stack.str1.1
                0x00000000000045d3      0x178 bin/obj/exc_handler.o
 .rodata.memmanage_trace_stack.str1.1
                0x000000000000474b       0x5f bin/obj/exc_handler.o
 .rodata.usagefault_trace_stack.str1.1
                0x00000000000047aa       0x3a bin/obj/exc_handler.o
 .rodata.__FUNCTION__.9055
                0x00000000000047e4        0x5 bin/obj/main.o
 .rodata.__FUNCTION__.9062
                0x00000000000047e9        0x5 bin/obj/main.o
 .rodata.get_device_name.str1.1
                0x00000000000047ee      0x235 bin/obj/main.o
                                        0x238 (size before relaxing)
 .rodata.init.str1.1
                0x0000000000004a23      0x88c bin/obj/main.o
 .rodata.main.str1.1
                0x00000000000052af      0x223 bin/obj/main.o
 *fill*         0x00000000000054d2        0x6 
 .rodata.pow10.5152
                0x00000000000054d8       0x50 bin/obj/printf/printf.o
 *(.glue_7)
 .glue_7        0x0000000000005528        0x0 linker stubs
 *(.glue_7t)
 .glue_7t       0x0000000000005528        0x0 linker stubs
 *(.init)
 *(.fini)
                0x0000000000005528                . = ALIGN (0x4)
                0x0000000000005528                _etext = .

.vfp11_veneer   0x0000000000005528        0x0
 .vfp11_veneer  0x0000000000005528        0x0 linker stubs

.v4_bx          0x0000000000005528        0x0
 .v4_bx         0x0000000000005528        0x0 linker stubs

.iplt           0x0000000000005528        0x0
 .iplt          0x0000000000005528        0x0 bin/obj/cmu.o

.ARM.extab
 *(.ARM.extab* .gnu.linkonce.armextab.*)

.ARM            0x0000000000005528        0x8
                0x0000000000005528                __exidx_start = .
 *(.ARM.exidx*)
 .ARM.exidx     0x0000000000005528        0x8 /opt/gcc-arm-none-eabi/bin/../lib/gcc/arm-none-eabi/8.2.1/thumb/v7e-m+fp/hard/libgcc.a(_udivmoddi4.o)
                0x0000000000005530                __exidx_end = .

.rel.dyn        0x0000000000005530        0x0
 .rel.iplt      0x0000000000005530        0x0 bin/obj/cmu.o

.ARM.attributes
                0x0000000000005530       0x34
 *(.ARM.attributes)
 .ARM.attributes
                0x0000000000005530       0x34 bin/obj/cmu.o
 .ARM.attributes
                0x0000000000005564       0x34 bin/obj/crc.o
 .ARM.attributes
                0x0000000000005598       0x34 bin/obj/dbg.o
 .ARM.attributes
                0x00000000000055cc       0x34 bin/obj/crypto.o
 .ARM.attributes
                0x0000000000005600       0x34 bin/obj/exc_handler.o
 .ARM.attributes
                0x0000000000005634       0x34 bin/obj/msc.o
 .ARM.attributes
                0x0000000000005668       0x34 bin/obj/qspi.o
 .ARM.attributes
                0x000000000000569c       0x34 bin/obj/emu.o
 .ARM.attributes
                0x00000000000056d0       0x34 bin/obj/gpio.o
 .ARM.attributes
                0x0000000000005704       0x34 bin/obj/main.o
 .ARM.attributes
                0x0000000000005738       0x34 bin/obj/rtcc.o
 .ARM.attributes
                0x000000000000576c       0x34 bin/obj/systick.o
 .ARM.attributes
                0x00000000000057a0       0x34 bin/obj/i2c.o
 .ARM.attributes
                0x00000000000057d4       0x34 bin/obj/startup.o
 .ARM.attributes
                0x0000000000005808       0x34 bin/obj/adc.o
 .ARM.attributes
                0x000000000000583c       0x34 bin/obj/printf/printf.o
 .ARM.attributes
                0x0000000000005870       0x34 /opt/gcc-arm-none-eabi/bin/../lib/gcc/arm-none-eabi/8.2.1/../../../../arm-none-eabi/lib/thumb/v7e-m+fp/hard/libm.a(lib_a-sf_round.o)
 .ARM.attributes
                0x00000000000058a4       0x34 /opt/gcc-arm-none-eabi/bin/../lib/gcc/arm-none-eabi/8.2.1/../../../../arm-none-eabi/lib/thumb/v7e-m+fp/hard/libc_nano.a(lib_a-malloc.o)
 .ARM.attributes
                0x00000000000058d8       0x34 /opt/gcc-arm-none-eabi/bin/../lib/gcc/arm-none-eabi/8.2.1/../../../../arm-none-eabi/lib/thumb/v7e-m+fp/hard/libc_nano.a(lib_a-nano-freer.o)
 .ARM.attributes
                0x000000000000590c       0x34 /opt/gcc-arm-none-eabi/bin/../lib/gcc/arm-none-eabi/8.2.1/../../../../arm-none-eabi/lib/thumb/v7e-m+fp/hard/libc_nano.a(lib_a-nano-mallocr.o)
 .ARM.attributes
                0x0000000000005940       0x34 /opt/gcc-arm-none-eabi/bin/../lib/gcc/arm-none-eabi/8.2.1/../../../../arm-none-eabi/lib/thumb/v7e-m+fp/hard/libc_nano.a(lib_a-sbrkr.o)
 .ARM.attributes
                0x0000000000005974       0x32 /opt/gcc-arm-none-eabi/bin/../lib/gcc/arm-none-eabi/8.2.1/../../../../arm-none-eabi/lib/thumb/v7e-m+fp/hard/libc_nano.a(lib_a-impure.o)
 .ARM.attributes
                0x00000000000059a6       0x34 /opt/gcc-arm-none-eabi/bin/../lib/gcc/arm-none-eabi/8.2.1/../../../../arm-none-eabi/lib/thumb/v7e-m+fp/hard/libc_nano.a(lib_a-mlock.o)
 .ARM.attributes
                0x00000000000059da       0x34 /opt/gcc-arm-none-eabi/bin/../lib/gcc/arm-none-eabi/8.2.1/../../../../arm-none-eabi/lib/thumb/v7e-m+fp/hard/libc_nano.a(lib_a-reent.o)
 .ARM.attributes
                0x0000000000005a0e       0x34 /opt/gcc-arm-none-eabi/bin/../lib/gcc/arm-none-eabi/8.2.1/../../../../arm-none-eabi/lib/thumb/v7e-m+fp/hard/libc_nano.a(lib_a-lock.o)
 .ARM.attributes
                0x0000000000005a42       0x1e /opt/gcc-arm-none-eabi/bin/../lib/gcc/arm-none-eabi/8.2.1/thumb/v7e-m+fp/hard/libgcc.a(_arm_addsubdf3.o)
 .ARM.attributes
                0x0000000000005a60       0x1e /opt/gcc-arm-none-eabi/bin/../lib/gcc/arm-none-eabi/8.2.1/thumb/v7e-m+fp/hard/libgcc.a(_arm_muldivdf3.o)
 .ARM.attributes
                0x0000000000005a7e       0x1e /opt/gcc-arm-none-eabi/bin/../lib/gcc/arm-none-eabi/8.2.1/thumb/v7e-m+fp/hard/libgcc.a(_arm_cmpdf2.o)
 .ARM.attributes
                0x0000000000005a9c       0x1e /opt/gcc-arm-none-eabi/bin/../lib/gcc/arm-none-eabi/8.2.1/thumb/v7e-m+fp/hard/libgcc.a(_arm_fixdfsi.o)
 .ARM.attributes
                0x0000000000005aba       0x1e /opt/gcc-arm-none-eabi/bin/../lib/gcc/arm-none-eabi/8.2.1/thumb/v7e-m+fp/hard/libgcc.a(_arm_fixunsdfsi.o)
 .ARM.attributes
                0x0000000000005ad8       0x1e /opt/gcc-arm-none-eabi/bin/../lib/gcc/arm-none-eabi/8.2.1/thumb/v7e-m+fp/hard/libgcc.a(_aeabi_uldivmod.o)
 .ARM.attributes
                0x0000000000005af6       0x34 /opt/gcc-arm-none-eabi/bin/../lib/gcc/arm-none-eabi/8.2.1/thumb/v7e-m+fp/hard/libgcc.a(_udivmoddi4.o)
 .ARM.attributes
                0x0000000000005b2a       0x1e /opt/gcc-arm-none-eabi/bin/../lib/gcc/arm-none-eabi/8.2.1/thumb/v7e-m+fp/hard/libgcc.a(_dvmd_tls.o)
 .ARM.attributes
                0x0000000000005b48       0x34 /opt/gcc-arm-none-eabi/bin/../lib/gcc/arm-none-eabi/8.2.1/../../../../arm-none-eabi/lib/thumb/v7e-m+fp/hard/libnosys.a(sbrk.o)

.preinit_array  0x0000000000005530        0x0
                [!provide]                        PROVIDE (__preinit_array_start = .)
 *(.preinit_array*)
                [!provide]                        PROVIDE (__preinit_array_end = .)

.init_array     0x0000000000005530        0x0
                [!provide]                        PROVIDE (__init_array_start = .)
 *(SORT_BY_NAME(.init_array.*))
 *(.init_array*)
                [!provide]                        PROVIDE (__init_array_end = .)

.fini_array     0x0000000000005530        0x0
                [!provide]                        PROVIDE (__fini_array_start = .)
 *(.fini_array*)
 *(SORT_BY_NAME(.fini_array.*))
                [!provide]                        PROVIDE (__fini_array_end = .)
                0x0000000000005530                _siiram0 = LOADADDR (.iram0.text)

.iram0.text     0x0000000010000000        0x0 load address 0x0000000000005530
                0x0000000010000000                . = ALIGN (0x4)
                0x0000000010000000                _siram0 = .
 *(.iram0.text)
 *(.iram0.text*)
                0x0000000010000000                . = ALIGN (0x4)
                0x0000000010000000                _eiram0 = .

.irom1.text     0x000000000fe10000        0x0
                0x000000000fe10000                . = ALIGN (0x4)
                0x000000000fe10000                _sirom1 = .
 *(.irom1.text)
 *(.irom1.text*)
                0x000000000fe10000                . = ALIGN (0x4)
                0x000000000fe10000                _eirom1 = .

.irom2.text     0x0000000004000000        0x0
                0x0000000004000000                . = ALIGN (0x4)
                0x0000000004000000                _sirom2 = .
 *(.irom2.text)
 *(.irom2.text*)
                0x0000000004000000                . = ALIGN (0x4)
                0x0000000004000000                _eirom2 = .
                0x0000000000005530                _sidata = LOADADDR (.data)

.data           0x0000000020000000       0x7c load address 0x0000000000005530
                0x0000000020000000                . = ALIGN (0x4)
                0x0000000020000000                _sdata = .
 *(.data)
 *(.data*)
 .data.AUXHFRCO_VALUE
                0x0000000020000000        0x4 bin/obj/cmu.o
                0x0000000020000000                AUXHFRCO_VALUE
 .data.HFRCO_VALUE
                0x0000000020000004        0x4 bin/obj/cmu.o
                0x0000000020000004                HFRCO_VALUE
 .data.LFRCO_VALUE
                0x0000000020000008        0x4 bin/obj/cmu.o
                0x0000000020000008                LFRCO_VALUE
 .data.ULFRCO_VALUE
                0x000000002000000c        0x4 bin/obj/cmu.o
                0x000000002000000c                ULFRCO_VALUE
 .data.USHFRCO_VALUE
                0x0000000020000010        0x4 bin/obj/cmu.o
                0x0000000020000010                USHFRCO_VALUE
 .data.g_psInitCalibrationTable
                0x0000000020000014        0x4 bin/obj/msc.o
                0x0000000020000014                g_psInitCalibrationTable
 .data._impure_ptr
                0x0000000020000018        0x4 /opt/gcc-arm-none-eabi/bin/../lib/gcc/arm-none-eabi/8.2.1/../../../../arm-none-eabi/lib/thumb/v7e-m+fp/hard/libc_nano.a(lib_a-impure.o)
                0x0000000020000018                _impure_ptr
 .data.impure_data
                0x000000002000001c       0x60 /opt/gcc-arm-none-eabi/bin/../lib/gcc/arm-none-eabi/8.2.1/../../../../arm-none-eabi/lib/thumb/v7e-m+fp/hard/libc_nano.a(lib_a-impure.o)
                0x000000002000007c                . = ALIGN (0x4)
                0x000000002000007c                _edata = .

.igot.plt       0x000000002000007c        0x0 load address 0x00000000000055ac
 .igot.plt      0x000000002000007c        0x0 bin/obj/cmu.o

.drom0.data     0x000000000fe00000        0x0
                0x000000000fe00000                . = ALIGN (0x4)
                0x000000000fe00000                _sdrom0 = .
 *(.drom0.data)
 *(.drom0.data*)
                0x000000000fe00000                . = ALIGN (0x4)
                0x000000000fe00000                _edrom0 = .

.drom1.data     0x00000000c0000000        0x0
                0x00000000c0000000                . = ALIGN (0x4)
                0x00000000c0000000                _sdrom1 = .
 *(.drom1.data)
 *(.drom1.data*)
                0x00000000c0000000                . = ALIGN (0x4)
                0x00000000c0000000                _edrom1 = .

.bss            0x0000000020000080       0xa4
                0x0000000020000080                . = ALIGN (0x4)
                0x0000000020000080                _sbss = .
                0x0000000020000080                __bss_start__ = _sbss
 *(.bss)
 *(.bss*)
 .bss.g_ubAVDDLow
                0x0000000020000080        0x1 bin/obj/emu.o
                0x0000000020000080                g_ubAVDDLow
 .bss.g_ubAltAVDDLow
                0x0000000020000081        0x1 bin/obj/emu.o
                0x0000000020000081                g_ubAltAVDDLow
 .bss.g_ubDVDDLow
                0x0000000020000082        0x1 bin/obj/emu.o
                0x0000000020000082                g_ubDVDDLow
 .bss.g_ubIOVDDLow
                0x0000000020000083        0x1 bin/obj/emu.o
                0x0000000020000083                g_ubIOVDDLow
 *fill*         0x0000000020000084        0x4 
 .bss.g_ullSystemTick
                0x0000000020000088        0x8 bin/obj/systick.o
                0x0000000020000088                g_ullSystemTick
 .bss.__malloc_free_list
                0x0000000020000090        0x4 /opt/gcc-arm-none-eabi/bin/../lib/gcc/arm-none-eabi/8.2.1/../../../../arm-none-eabi/lib/thumb/v7e-m+fp/hard/libc_nano.a(lib_a-nano-mallocr.o)
                0x0000000020000090                __malloc_free_list
 .bss.__malloc_sbrk_start
                0x0000000020000094        0x4 /opt/gcc-arm-none-eabi/bin/../lib/gcc/arm-none-eabi/8.2.1/../../../../arm-none-eabi/lib/thumb/v7e-m+fp/hard/libc_nano.a(lib_a-nano-mallocr.o)
                0x0000000020000094                __malloc_sbrk_start
 .bss.heap_end.5501
                0x0000000020000098        0x4 /opt/gcc-arm-none-eabi/bin/../lib/gcc/arm-none-eabi/8.2.1/../../../../arm-none-eabi/lib/thumb/v7e-m+fp/hard/libnosys.a(sbrk.o)
 *(COMMON)
 COMMON         0x000000002000009c       0x78 bin/obj/cmu.o
                0x000000002000009c                LETIMER0_CLOCK_FREQ
                0x00000000200000a0                USB_CLOCK_FREQ
                0x00000000200000a4                CSEN_CLOCK_FREQ
                0x00000000200000a8                LFA_CLOCK_FREQ
                0x00000000200000ac                HFLE_CLOCK_FREQ
                0x00000000200000b0                SYSTICK_CLOCK_FREQ
                0x00000000200000b4                LETIMER1_CLOCK_FREQ
                0x00000000200000b8                ADC0_CLOCK_FREQ
                0x00000000200000bc                LFB_CLOCK_FREQ
                0x00000000200000c0                HFCORE_CLOCK_FREQ
                0x00000000200000c4                ADC1_CLOCK_FREQ
                0x00000000200000c8                RTCC_CLOCK_FREQ
                0x00000000200000cc                LEUART1_CLOCK_FREQ
                0x00000000200000d0                LFE_CLOCK_FREQ
                0x00000000200000d4                HFSRC_CLOCK_FREQ
                0x00000000200000d8                HFBUS_CLOCK_FREQ
                0x00000000200000dc                QSPI_CLOCK_FREQ
                0x00000000200000e0                HFPERC_CLOCK_FREQ
                0x00000000200000e4                HFEXP_CLOCK_FREQ
                0x00000000200000e8                HFPERB_CLOCK_FREQ
                0x00000000200000ec                LFC_CLOCK_FREQ
                0x00000000200000f0                AUX_CLOCK_FREQ
                0x00000000200000f4                HFPER_CLOCK_FREQ
                0x00000000200000f8                SDIO_CLOCK_FREQ
                0x00000000200000fc                HF_CLOCK_FREQ
                0x0000000020000100                LESENSE_CLOCK_FREQ
                0x0000000020000104                RTC_CLOCK_FREQ
                0x0000000020000108                LCD_CLOCK_FREQ
                0x000000002000010c                LEUART0_CLOCK_FREQ
                0x0000000020000110                DBG_CLOCK_FREQ
 COMMON         0x0000000020000114        0x4 /opt/gcc-arm-none-eabi/bin/../lib/gcc/arm-none-eabi/8.2.1/../../../../arm-none-eabi/lib/thumb/v7e-m+fp/hard/libc_nano.a(lib_a-reent.o)
                0x0000000020000114                errno
 COMMON         0x0000000020000118        0x9 /opt/gcc-arm-none-eabi/bin/../lib/gcc/arm-none-eabi/8.2.1/../../../../arm-none-eabi/lib/thumb/v7e-m+fp/hard/libc_nano.a(lib_a-lock.o)
                0x0000000020000118                __lock___atexit_recursive_mutex
                0x0000000020000119                __lock___arc4random_mutex
                0x000000002000011a                __lock___env_recursive_mutex
                0x000000002000011b                __lock___sinit_recursive_mutex
                0x000000002000011c                __lock___malloc_recursive_mutex
                0x000000002000011d                __lock___at_quick_exit_mutex
                0x000000002000011e                __lock___dd_hash_mutex
                0x000000002000011f                __lock___tz_mutex
                0x0000000020000120                __lock___sfp_recursive_mutex
                0x0000000020000124                . = ALIGN (0x4)
 *fill*         0x0000000020000121        0x3 
                0x0000000020000124                _ebss = .
                0x0000000020000124                __bss_end__ = _ebss
                0x0000000020000124                PROVIDE (end = _ebss)
                [!provide]                        PROVIDE (_end = _ebss)

.min_heap_stack
                0x0000000020000124      0xc00
                0x0000000020000124                . = ALIGN (0x4)
                0x0000000020000924                . = (. + _min_heap_size)
 *fill*         0x0000000020000124      0x800 
                0x0000000020000d24                . = (. + _min_stack_size)
 *fill*         0x0000000020000924      0x400 
                0x0000000020000d24                . = ALIGN (0x4)

/DISCARD/
 libc.a(*)
 libm.a(*)
 libgcc.a(*)
OUTPUT(bin/v1.test.elf elf32-littlearm)

.debug_info     0x0000000000000000    0x10440
 .debug_info    0x0000000000000000     0x1530 bin/obj/cmu.o
 .debug_info    0x0000000000001530      0x6b8 bin/obj/crc.o
 .debug_info    0x0000000000001be8      0xfef bin/obj/dbg.o
 .debug_info    0x0000000000002bd7      0xc2b bin/obj/crypto.o
 .debug_info    0x0000000000003802      0xf6a bin/obj/exc_handler.o
 .debug_info    0x000000000000476c      0x587 bin/obj/msc.o
 .debug_info    0x0000000000004cf3     0x24ae bin/obj/qspi.o
 .debug_info    0x00000000000071a1     0x1cb3 bin/obj/emu.o
 .debug_info    0x0000000000008e54      0x787 bin/obj/gpio.o
 .debug_info    0x00000000000095db     0x29d1 bin/obj/main.o
 .debug_info    0x000000000000bfac      0xa5a bin/obj/rtcc.o
 .debug_info    0x000000000000ca06      0x606 bin/obj/systick.o
 .debug_info    0x000000000000d00c      0xba8 bin/obj/i2c.o
 .debug_info    0x000000000000dbb4      0x409 bin/obj/startup.o
 .debug_info    0x000000000000dfbd     0x1211 bin/obj/adc.o
 .debug_info    0x000000000000f1ce     0x1272 bin/obj/printf/printf.o

.debug_abbrev   0x0000000000000000     0x23b5
 .debug_abbrev  0x0000000000000000      0x2d2 bin/obj/cmu.o
 .debug_abbrev  0x00000000000002d2      0x154 bin/obj/crc.o
 .debug_abbrev  0x0000000000000426      0x291 bin/obj/dbg.o
 .debug_abbrev  0x00000000000006b7      0x1cf bin/obj/crypto.o
 .debug_abbrev  0x0000000000000886      0x1f8 bin/obj/exc_handler.o
 .debug_abbrev  0x0000000000000a7e      0x1a0 bin/obj/msc.o
 .debug_abbrev  0x0000000000000c1e      0x45c bin/obj/qspi.o
 .debug_abbrev  0x000000000000107a      0x33e bin/obj/emu.o
 .debug_abbrev  0x00000000000013b8       0xf9 bin/obj/gpio.o
 .debug_abbrev  0x00000000000014b1      0x3f1 bin/obj/main.o
 .debug_abbrev  0x00000000000018a2      0x169 bin/obj/rtcc.o
 .debug_abbrev  0x0000000000001a0b      0x181 bin/obj/systick.o
 .debug_abbrev  0x0000000000001b8c      0x167 bin/obj/i2c.o
 .debug_abbrev  0x0000000000001cf3      0x172 bin/obj/startup.o
 .debug_abbrev  0x0000000000001e65      0x152 bin/obj/adc.o
 .debug_abbrev  0x0000000000001fb7      0x3fe bin/obj/printf/printf.o

.debug_loc      0x0000000000000000     0x4356
 .debug_loc     0x0000000000000000      0x333 bin/obj/cmu.o
 .debug_loc     0x0000000000000333       0xd7 bin/obj/crc.o
 .debug_loc     0x000000000000040a       0x64 bin/obj/dbg.o
 .debug_loc     0x000000000000046e      0x500 bin/obj/crypto.o
 .debug_loc     0x000000000000096e       0xe8 bin/obj/exc_handler.o
 .debug_loc     0x0000000000000a56       0xfb bin/obj/msc.o
 .debug_loc     0x0000000000000b51      0x970 bin/obj/qspi.o
 .debug_loc     0x00000000000014c1      0x72c bin/obj/emu.o
 .debug_loc     0x0000000000001bed      0x37c bin/obj/main.o
 .debug_loc     0x0000000000001f69       0x1a bin/obj/systick.o
 .debug_loc     0x0000000000001f83      0x40d bin/obj/i2c.o
 .debug_loc     0x0000000000002390       0xdd bin/obj/startup.o
 .debug_loc     0x000000000000246d      0x25f bin/obj/adc.o
 .debug_loc     0x00000000000026cc     0x1c8a bin/obj/printf/printf.o

.debug_aranges  0x0000000000000000      0x508
 .debug_aranges
                0x0000000000000000       0xa8 bin/obj/cmu.o
 .debug_aranges
                0x00000000000000a8       0x28 bin/obj/crc.o
 .debug_aranges
                0x00000000000000d0       0x50 bin/obj/dbg.o
 .debug_aranges
                0x0000000000000120       0x30 bin/obj/crypto.o
 .debug_aranges
                0x0000000000000150       0x58 bin/obj/exc_handler.o
 .debug_aranges
                0x00000000000001a8       0x50 bin/obj/msc.o
 .debug_aranges
                0x00000000000001f8       0xb8 bin/obj/qspi.o
 .debug_aranges
                0x00000000000002b0       0x60 bin/obj/emu.o
 .debug_aranges
                0x0000000000000310       0x20 bin/obj/gpio.o
 .debug_aranges
                0x0000000000000330       0x30 bin/obj/main.o
 .debug_aranges
                0x0000000000000360       0x38 bin/obj/rtcc.o
 .debug_aranges
                0x0000000000000398       0x30 bin/obj/systick.o
 .debug_aranges
                0x00000000000003c8       0x48 bin/obj/i2c.o
 .debug_aranges
                0x0000000000000410       0x30 bin/obj/startup.o
 .debug_aranges
                0x0000000000000440       0x48 bin/obj/adc.o
 .debug_aranges
                0x0000000000000488       0x80 bin/obj/printf/printf.o

.debug_ranges   0x0000000000000000      0x858
 .debug_ranges  0x0000000000000000       0xb0 bin/obj/cmu.o
 .debug_ranges  0x00000000000000b0       0x18 bin/obj/crc.o
 .debug_ranges  0x00000000000000c8       0x40 bin/obj/dbg.o
 .debug_ranges  0x0000000000000108      0x120 bin/obj/crypto.o
 .debug_ranges  0x0000000000000228       0x48 bin/obj/exc_handler.o
 .debug_ranges  0x0000000000000270       0x58 bin/obj/msc.o
 .debug_ranges  0x00000000000002c8      0x188 bin/obj/qspi.o
 .debug_ranges  0x0000000000000450       0x50 bin/obj/emu.o
 .debug_ranges  0x00000000000004a0       0x10 bin/obj/gpio.o
 .debug_ranges  0x00000000000004b0       0x98 bin/obj/main.o
 .debug_ranges  0x0000000000000548       0x28 bin/obj/rtcc.o
 .debug_ranges  0x0000000000000570       0x20 bin/obj/systick.o
 .debug_ranges  0x0000000000000590       0x38 bin/obj/i2c.o
 .debug_ranges  0x00000000000005c8       0x20 bin/obj/startup.o
 .debug_ranges  0x00000000000005e8       0x38 bin/obj/adc.o
 .debug_ranges  0x0000000000000620      0x238 bin/obj/printf/printf.o

.debug_line     0x0000000000000000     0x5bc3
 .debug_line    0x0000000000000000      0xdb9 bin/obj/cmu.o
 .debug_line    0x0000000000000db9      0x216 bin/obj/crc.o
 .debug_line    0x0000000000000fcf      0x2e8 bin/obj/dbg.o
 .debug_line    0x00000000000012b7      0x5c3 bin/obj/crypto.o
 .debug_line    0x000000000000187a      0x441 bin/obj/exc_handler.o
 .debug_line    0x0000000000001cbb      0x50c bin/obj/msc.o
 .debug_line    0x00000000000021c7      0x95a bin/obj/qspi.o
 .debug_line    0x0000000000002b21      0x682 bin/obj/emu.o
 .debug_line    0x00000000000031a3      0x293 bin/obj/gpio.o
 .debug_line    0x0000000000003436      0x7fa bin/obj/main.o
 .debug_line    0x0000000000003c30      0x26a bin/obj/rtcc.o
 .debug_line    0x0000000000003e9a      0x1e5 bin/obj/systick.o
 .debug_line    0x000000000000407f      0x772 bin/obj/i2c.o
 .debug_line    0x00000000000047f1      0x211 bin/obj/startup.o
 .debug_line    0x0000000000004a02      0x594 bin/obj/adc.o
 .debug_line    0x0000000000004f96      0xc2d bin/obj/printf/printf.o

.debug_str      0x0000000000000000     0x2c20
 .debug_str     0x0000000000000000      0xcd9 bin/obj/cmu.o
                                        0xdb9 (size before relaxing)
 .debug_str     0x0000000000000cd9       0x7e bin/obj/crc.o
                                        0x580 (size before relaxing)
 .debug_str     0x0000000000000d57      0x217 bin/obj/dbg.o
                                        0x9df (size before relaxing)
 .debug_str     0x0000000000000f6e      0x1b3 bin/obj/crypto.o
                                        0x6dd (size before relaxing)
 .debug_str     0x0000000000001121      0x1e9 bin/obj/exc_handler.o
                                        0x41c (size before relaxing)
 .debug_str     0x000000000000130a       0x7c bin/obj/msc.o
                                        0x400 (size before relaxing)
 .debug_str     0x0000000000001386      0x8f3 bin/obj/qspi.o
                                       0x10ed (size before relaxing)
 .debug_str     0x0000000000001c79      0x7dc bin/obj/emu.o
                                       0x129c (size before relaxing)
 .debug_str     0x0000000000002455       0xb2 bin/obj/gpio.o
                                        0x5a2 (size before relaxing)
 .debug_str     0x0000000000002507      0x236 bin/obj/main.o
                                       0x1339 (size before relaxing)
 .debug_str     0x000000000000273d       0x88 bin/obj/rtcc.o
                                        0x83f (size before relaxing)
 .debug_str     0x00000000000027c5       0x49 bin/obj/systick.o
                                        0x539 (size before relaxing)
 .debug_str     0x000000000000280e       0xb8 bin/obj/i2c.o
                                        0x89f (size before relaxing)
 .debug_str     0x00000000000028c6       0xaf bin/obj/startup.o
                                        0x2e0 (size before relaxing)
 .debug_str     0x0000000000002975      0x155 bin/obj/adc.o
                                        0xd41 (size before relaxing)
 .debug_str     0x0000000000002aca      0x156 bin/obj/printf/printf.o
                                        0x33b (size before relaxing)

.comment        0x0000000000000000       0x75
 .comment       0x0000000000000000       0x75 bin/obj/cmu.o
                                         0x76 (size before relaxing)
 .comment       0x0000000000000075       0x76 bin/obj/crc.o
 .comment       0x0000000000000075       0x76 bin/obj/dbg.o
 .comment       0x0000000000000075       0x76 bin/obj/crypto.o
 .comment       0x0000000000000075       0x76 bin/obj/exc_handler.o
 .comment       0x0000000000000075       0x76 bin/obj/msc.o
 .comment       0x0000000000000075       0x76 bin/obj/qspi.o
 .comment       0x0000000000000075       0x76 bin/obj/emu.o
 .comment       0x0000000000000075       0x76 bin/obj/gpio.o
 .comment       0x0000000000000075       0x76 bin/obj/main.o
 .comment       0x0000000000000075       0x76 bin/obj/rtcc.o
 .comment       0x0000000000000075       0x76 bin/obj/systick.o
 .comment       0x0000000000000075       0x76 bin/obj/i2c.o
 .comment       0x0000000000000075       0x76 bin/obj/startup.o
 .comment       0x0000000000000075       0x76 bin/obj/adc.o
 .comment       0x0000000000000075       0x76 bin/obj/printf/printf.o

.debug_frame    0x0000000000000000     0x110c
 .debug_frame   0x0000000000000000      0x160 bin/obj/cmu.o
 .debug_frame   0x0000000000000160       0x3c bin/obj/crc.o
 .debug_frame   0x000000000000019c       0x98 bin/obj/dbg.o
 .debug_frame   0x0000000000000234       0x78 bin/obj/crypto.o
 .debug_frame   0x00000000000002ac       0xb0 bin/obj/exc_handler.o
 .debug_frame   0x000000000000035c       0xcc bin/obj/msc.o
 .debug_frame   0x0000000000000428      0x254 bin/obj/qspi.o
 .debug_frame   0x000000000000067c      0x10c bin/obj/emu.o
 .debug_frame   0x0000000000000788       0x20 bin/obj/gpio.o
 .debug_frame   0x00000000000007a8       0x98 bin/obj/main.o
 .debug_frame   0x0000000000000840       0x58 bin/obj/rtcc.o
 .debug_frame   0x0000000000000898       0x60 bin/obj/systick.o
 .debug_frame   0x00000000000008f8       0xc4 bin/obj/i2c.o
 .debug_frame   0x00000000000009bc       0x48 bin/obj/startup.o
 .debug_frame   0x0000000000000a04       0x80 bin/obj/adc.o
 .debug_frame   0x0000000000000a84      0x1cc bin/obj/printf/printf.o
 .debug_frame   0x0000000000000c50       0x34 /opt/gcc-arm-none-eabi/bin/../lib/gcc/arm-none-eabi/8.2.1/../../../../arm-none-eabi/lib/thumb/v7e-m+fp/hard/libm.a(lib_a-sf_round.o)
 .debug_frame   0x0000000000000c84       0x30 /opt/gcc-arm-none-eabi/bin/../lib/gcc/arm-none-eabi/8.2.1/../../../../arm-none-eabi/lib/thumb/v7e-m+fp/hard/libc_nano.a(lib_a-malloc.o)
 .debug_frame   0x0000000000000cb4       0x38 /opt/gcc-arm-none-eabi/bin/../lib/gcc/arm-none-eabi/8.2.1/../../../../arm-none-eabi/lib/thumb/v7e-m+fp/hard/libc_nano.a(lib_a-nano-freer.o)
 .debug_frame   0x0000000000000cec       0x30 /opt/gcc-arm-none-eabi/bin/../lib/gcc/arm-none-eabi/8.2.1/../../../../arm-none-eabi/lib/thumb/v7e-m+fp/hard/libc_nano.a(lib_a-nano-mallocr.o)
 .debug_frame   0x0000000000000d1c       0x2c /opt/gcc-arm-none-eabi/bin/../lib/gcc/arm-none-eabi/8.2.1/../../../../arm-none-eabi/lib/thumb/v7e-m+fp/hard/libc_nano.a(lib_a-sbrkr.o)
 .debug_frame   0x0000000000000d48       0x30 /opt/gcc-arm-none-eabi/bin/../lib/gcc/arm-none-eabi/8.2.1/../../../../arm-none-eabi/lib/thumb/v7e-m+fp/hard/libc_nano.a(lib_a-mlock.o)
 .debug_frame   0x0000000000000d78       0x5c /opt/gcc-arm-none-eabi/bin/../lib/gcc/arm-none-eabi/8.2.1/../../../../arm-none-eabi/lib/thumb/v7e-m+fp/hard/libc_nano.a(lib_a-reent.o)
 .debug_frame   0x0000000000000dd4       0xb0 /opt/gcc-arm-none-eabi/bin/../lib/gcc/arm-none-eabi/8.2.1/../../../../arm-none-eabi/lib/thumb/v7e-m+fp/hard/libc_nano.a(lib_a-lock.o)
 .debug_frame   0x0000000000000e84       0xac /opt/gcc-arm-none-eabi/bin/../lib/gcc/arm-none-eabi/8.2.1/thumb/v7e-m+fp/hard/libgcc.a(_arm_addsubdf3.o)
 .debug_frame   0x0000000000000f30       0x50 /opt/gcc-arm-none-eabi/bin/../lib/gcc/arm-none-eabi/8.2.1/thumb/v7e-m+fp/hard/libgcc.a(_arm_muldivdf3.o)
 .debug_frame   0x0000000000000f80       0xc4 /opt/gcc-arm-none-eabi/bin/../lib/gcc/arm-none-eabi/8.2.1/thumb/v7e-m+fp/hard/libgcc.a(_arm_cmpdf2.o)
 .debug_frame   0x0000000000001044       0x24 /opt/gcc-arm-none-eabi/bin/../lib/gcc/arm-none-eabi/8.2.1/thumb/v7e-m+fp/hard/libgcc.a(_arm_fixdfsi.o)
 .debug_frame   0x0000000000001068       0x24 /opt/gcc-arm-none-eabi/bin/../lib/gcc/arm-none-eabi/8.2.1/thumb/v7e-m+fp/hard/libgcc.a(_arm_fixunsdfsi.o)
 .debug_frame   0x000000000000108c       0x2c /opt/gcc-arm-none-eabi/bin/../lib/gcc/arm-none-eabi/8.2.1/thumb/v7e-m+fp/hard/libgcc.a(_aeabi_uldivmod.o)
 .debug_frame   0x00000000000010b8       0x34 /opt/gcc-arm-none-eabi/bin/../lib/gcc/arm-none-eabi/8.2.1/thumb/v7e-m+fp/hard/libgcc.a(_udivmoddi4.o)
 .debug_frame   0x00000000000010ec       0x20 /opt/gcc-arm-none-eabi/bin/../lib/gcc/arm-none-eabi/8.2.1/../../../../arm-none-eabi/lib/thumb/v7e-m+fp/hard/libnosys.a(sbrk.o)
