Archive member included to satisfy reference by file (symbol)

/etc/gcc-arm-none-eabi-8-2018-q4-major/bin/../lib/gcc/arm-none-eabi/8.2.1/../../../../arm-none-eabi/lib/thumb/v7e-m+fp/hard/libm.a(lib_a-sf_round.o)
                              bin/obj/emu.o (roundf)
/etc/gcc-arm-none-eabi-8-2018-q4-major/bin/../lib/gcc/arm-none-eabi/8.2.1/../../../../arm-none-eabi/lib/thumb/v7e-m+fp/hard/libc_nano.a(lib_a-malloc.o)
                              bin/obj/main.o (malloc)
/etc/gcc-arm-none-eabi-8-2018-q4-major/bin/../lib/gcc/arm-none-eabi/8.2.1/../../../../arm-none-eabi/lib/thumb/v7e-m+fp/hard/libc_nano.a(lib_a-memcpy-stub.o)
                              bin/obj/md5/md5.o (memcpy)
/etc/gcc-arm-none-eabi-8-2018-q4-major/bin/../lib/gcc/arm-none-eabi/8.2.1/../../../../arm-none-eabi/lib/thumb/v7e-m+fp/hard/libc_nano.a(lib_a-memset.o)
                              bin/obj/md5/md5.o (memset)
/etc/gcc-arm-none-eabi-8-2018-q4-major/bin/../lib/gcc/arm-none-eabi/8.2.1/../../../../arm-none-eabi/lib/thumb/v7e-m+fp/hard/libc_nano.a(lib_a-nano-freer.o)
                              /etc/gcc-arm-none-eabi-8-2018-q4-major/bin/../lib/gcc/arm-none-eabi/8.2.1/../../../../arm-none-eabi/lib/thumb/v7e-m+fp/hard/libc_nano.a(lib_a-malloc.o) (_free_r)
/etc/gcc-arm-none-eabi-8-2018-q4-major/bin/../lib/gcc/arm-none-eabi/8.2.1/../../../../arm-none-eabi/lib/thumb/v7e-m+fp/hard/libc_nano.a(lib_a-nano-mallocr.o)
                              /etc/gcc-arm-none-eabi-8-2018-q4-major/bin/../lib/gcc/arm-none-eabi/8.2.1/../../../../arm-none-eabi/lib/thumb/v7e-m+fp/hard/libc_nano.a(lib_a-malloc.o) (_malloc_r)
/etc/gcc-arm-none-eabi-8-2018-q4-major/bin/../lib/gcc/arm-none-eabi/8.2.1/../../../../arm-none-eabi/lib/thumb/v7e-m+fp/hard/libc_nano.a(lib_a-sbrkr.o)
                              /etc/gcc-arm-none-eabi-8-2018-q4-major/bin/../lib/gcc/arm-none-eabi/8.2.1/../../../../arm-none-eabi/lib/thumb/v7e-m+fp/hard/libc_nano.a(lib_a-nano-mallocr.o) (_sbrk_r)
/etc/gcc-arm-none-eabi-8-2018-q4-major/bin/../lib/gcc/arm-none-eabi/8.2.1/../../../../arm-none-eabi/lib/thumb/v7e-m+fp/hard/libc_nano.a(lib_a-impure.o)
                              /etc/gcc-arm-none-eabi-8-2018-q4-major/bin/../lib/gcc/arm-none-eabi/8.2.1/../../../../arm-none-eabi/lib/thumb/v7e-m+fp/hard/libc_nano.a(lib_a-malloc.o) (_impure_ptr)
/etc/gcc-arm-none-eabi-8-2018-q4-major/bin/../lib/gcc/arm-none-eabi/8.2.1/../../../../arm-none-eabi/lib/thumb/v7e-m+fp/hard/libc_nano.a(lib_a-mlock.o)
                              /etc/gcc-arm-none-eabi-8-2018-q4-major/bin/../lib/gcc/arm-none-eabi/8.2.1/../../../../arm-none-eabi/lib/thumb/v7e-m+fp/hard/libc_nano.a(lib_a-nano-freer.o) (__malloc_lock)
/etc/gcc-arm-none-eabi-8-2018-q4-major/bin/../lib/gcc/arm-none-eabi/8.2.1/../../../../arm-none-eabi/lib/thumb/v7e-m+fp/hard/libc_nano.a(lib_a-reent.o)
                              /etc/gcc-arm-none-eabi-8-2018-q4-major/bin/../lib/gcc/arm-none-eabi/8.2.1/../../../../arm-none-eabi/lib/thumb/v7e-m+fp/hard/libc_nano.a(lib_a-sbrkr.o) (errno)
/etc/gcc-arm-none-eabi-8-2018-q4-major/bin/../lib/gcc/arm-none-eabi/8.2.1/../../../../arm-none-eabi/lib/thumb/v7e-m+fp/hard/libc_nano.a(lib_a-lock.o)
                              /etc/gcc-arm-none-eabi-8-2018-q4-major/bin/../lib/gcc/arm-none-eabi/8.2.1/../../../../arm-none-eabi/lib/thumb/v7e-m+fp/hard/libc_nano.a(lib_a-mlock.o) (__retarget_lock_acquire_recursive)
/etc/gcc-arm-none-eabi-8-2018-q4-major/bin/../lib/gcc/arm-none-eabi/8.2.1/thumb/v7e-m+fp/hard/libgcc.a(_arm_addsubdf3.o)
                              bin/obj/printf/printf.o (__aeabi_dsub)
/etc/gcc-arm-none-eabi-8-2018-q4-major/bin/../lib/gcc/arm-none-eabi/8.2.1/thumb/v7e-m+fp/hard/libgcc.a(_arm_muldivdf3.o)
                              bin/obj/printf/printf.o (__aeabi_dmul)
/etc/gcc-arm-none-eabi-8-2018-q4-major/bin/../lib/gcc/arm-none-eabi/8.2.1/thumb/v7e-m+fp/hard/libgcc.a(_arm_cmpdf2.o)
                              bin/obj/printf/printf.o (__aeabi_dcmpeq)
/etc/gcc-arm-none-eabi-8-2018-q4-major/bin/../lib/gcc/arm-none-eabi/8.2.1/thumb/v7e-m+fp/hard/libgcc.a(_arm_fixdfsi.o)
                              bin/obj/printf/printf.o (__aeabi_d2iz)
/etc/gcc-arm-none-eabi-8-2018-q4-major/bin/../lib/gcc/arm-none-eabi/8.2.1/thumb/v7e-m+fp/hard/libgcc.a(_arm_fixunsdfsi.o)
                              bin/obj/printf/printf.o (__aeabi_d2uiz)
/etc/gcc-arm-none-eabi-8-2018-q4-major/bin/../lib/gcc/arm-none-eabi/8.2.1/thumb/v7e-m+fp/hard/libgcc.a(_aeabi_uldivmod.o)
                              bin/obj/printf/printf.o (__aeabi_uldivmod)
/etc/gcc-arm-none-eabi-8-2018-q4-major/bin/../lib/gcc/arm-none-eabi/8.2.1/thumb/v7e-m+fp/hard/libgcc.a(_udivmoddi4.o)
                              /etc/gcc-arm-none-eabi-8-2018-q4-major/bin/../lib/gcc/arm-none-eabi/8.2.1/thumb/v7e-m+fp/hard/libgcc.a(_aeabi_uldivmod.o) (__udivmoddi4)
/etc/gcc-arm-none-eabi-8-2018-q4-major/bin/../lib/gcc/arm-none-eabi/8.2.1/thumb/v7e-m+fp/hard/libgcc.a(_dvmd_tls.o)
                              /etc/gcc-arm-none-eabi-8-2018-q4-major/bin/../lib/gcc/arm-none-eabi/8.2.1/thumb/v7e-m+fp/hard/libgcc.a(_aeabi_uldivmod.o) (__aeabi_ldiv0)
/etc/gcc-arm-none-eabi-8-2018-q4-major/bin/../lib/gcc/arm-none-eabi/8.2.1/../../../../arm-none-eabi/lib/thumb/v7e-m+fp/hard/libnosys.a(sbrk.o)
                              /etc/gcc-arm-none-eabi-8-2018-q4-major/bin/../lib/gcc/arm-none-eabi/8.2.1/../../../../arm-none-eabi/lib/thumb/v7e-m+fp/hard/libc_nano.a(lib_a-sbrkr.o) (_sbrk)

Allocating common symbols
Common symbol       size              file

__lock___atexit_recursive_mutex
                    0x1               /etc/gcc-arm-none-eabi-8-2018-q4-major/bin/../lib/gcc/arm-none-eabi/8.2.1/../../../../arm-none-eabi/lib/thumb/v7e-m+fp/hard/libc_nano.a(lib_a-lock.o)
LETIMER0_CLOCK_FREQ
                    0x4               bin/obj/cmu.o
__lock___arc4random_mutex
                    0x1               /etc/gcc-arm-none-eabi-8-2018-q4-major/bin/../lib/gcc/arm-none-eabi/8.2.1/../../../../arm-none-eabi/lib/thumb/v7e-m+fp/hard/libc_nano.a(lib_a-lock.o)
USB_CLOCK_FREQ      0x4               bin/obj/cmu.o
errno               0x4               /etc/gcc-arm-none-eabi-8-2018-q4-major/bin/../lib/gcc/arm-none-eabi/8.2.1/../../../../arm-none-eabi/lib/thumb/v7e-m+fp/hard/libc_nano.a(lib_a-reent.o)
CSEN_CLOCK_FREQ     0x4               bin/obj/cmu.o
LFA_CLOCK_FREQ      0x4               bin/obj/cmu.o
HFLE_CLOCK_FREQ     0x4               bin/obj/cmu.o
SYSTICK_CLOCK_FREQ  0x4               bin/obj/cmu.o
__lock___env_recursive_mutex
                    0x1               /etc/gcc-arm-none-eabi-8-2018-q4-major/bin/../lib/gcc/arm-none-eabi/8.2.1/../../../../arm-none-eabi/lib/thumb/v7e-m+fp/hard/libc_nano.a(lib_a-lock.o)
__lock___sinit_recursive_mutex
                    0x1               /etc/gcc-arm-none-eabi-8-2018-q4-major/bin/../lib/gcc/arm-none-eabi/8.2.1/../../../../arm-none-eabi/lib/thumb/v7e-m+fp/hard/libc_nano.a(lib_a-lock.o)
LETIMER1_CLOCK_FREQ
                    0x4               bin/obj/cmu.o
ADC0_CLOCK_FREQ     0x4               bin/obj/cmu.o
LFB_CLOCK_FREQ      0x4               bin/obj/cmu.o
HFCORE_CLOCK_FREQ   0x4               bin/obj/cmu.o
__lock___malloc_recursive_mutex
                    0x1               /etc/gcc-arm-none-eabi-8-2018-q4-major/bin/../lib/gcc/arm-none-eabi/8.2.1/../../../../arm-none-eabi/lib/thumb/v7e-m+fp/hard/libc_nano.a(lib_a-lock.o)
ADC1_CLOCK_FREQ     0x4               bin/obj/cmu.o
RTCC_CLOCK_FREQ     0x4               bin/obj/cmu.o
LEUART1_CLOCK_FREQ  0x4               bin/obj/cmu.o
LFE_CLOCK_FREQ      0x4               bin/obj/cmu.o
HFSRC_CLOCK_FREQ    0x4               bin/obj/cmu.o
HFBUS_CLOCK_FREQ    0x4               bin/obj/cmu.o
QSPI_CLOCK_FREQ     0x4               bin/obj/cmu.o
HFPERC_CLOCK_FREQ   0x4               bin/obj/cmu.o
HFEXP_CLOCK_FREQ    0x4               bin/obj/cmu.o
HFPERB_CLOCK_FREQ   0x4               bin/obj/cmu.o
LFC_CLOCK_FREQ      0x4               bin/obj/cmu.o
AUX_CLOCK_FREQ      0x4               bin/obj/cmu.o
HFPER_CLOCK_FREQ    0x4               bin/obj/cmu.o
SDIO_CLOCK_FREQ     0x4               bin/obj/cmu.o
__lock___at_quick_exit_mutex
                    0x1               /etc/gcc-arm-none-eabi-8-2018-q4-major/bin/../lib/gcc/arm-none-eabi/8.2.1/../../../../arm-none-eabi/lib/thumb/v7e-m+fp/hard/libc_nano.a(lib_a-lock.o)
HF_CLOCK_FREQ       0x4               bin/obj/cmu.o
LESENSE_CLOCK_FREQ  0x4               bin/obj/cmu.o
RTC_CLOCK_FREQ      0x4               bin/obj/cmu.o
LCD_CLOCK_FREQ      0x4               bin/obj/cmu.o
__lock___dd_hash_mutex
                    0x1               /etc/gcc-arm-none-eabi-8-2018-q4-major/bin/../lib/gcc/arm-none-eabi/8.2.1/../../../../arm-none-eabi/lib/thumb/v7e-m+fp/hard/libc_nano.a(lib_a-lock.o)
__lock___tz_mutex   0x1               /etc/gcc-arm-none-eabi-8-2018-q4-major/bin/../lib/gcc/arm-none-eabi/8.2.1/../../../../arm-none-eabi/lib/thumb/v7e-m+fp/hard/libc_nano.a(lib_a-lock.o)
LEUART0_CLOCK_FREQ  0x4               bin/obj/cmu.o
DBG_CLOCK_FREQ      0x4               bin/obj/cmu.o
__lock___sfp_recursive_mutex
                    0x1               /etc/gcc-arm-none-eabi-8-2018-q4-major/bin/../lib/gcc/arm-none-eabi/8.2.1/../../../../arm-none-eabi/lib/thumb/v7e-m+fp/hard/libc_nano.a(lib_a-lock.o)

Discarded input sections

 .text          0x0000000000000000        0x0 bin/obj/cmu.o
 .data          0x0000000000000000        0x0 bin/obj/cmu.o
 .bss           0x0000000000000000        0x0 bin/obj/cmu.o
 .text.cmu_lfxo_calib
                0x0000000000000000       0x88 bin/obj/cmu.o
 .text.cmu_lfxo_get_cap
                0x0000000000000000       0x24 bin/obj/cmu.o
 .text          0x0000000000000000        0x0 bin/obj/crc.o
 .data          0x0000000000000000        0x0 bin/obj/crc.o
 .bss           0x0000000000000000        0x0 bin/obj/crc.o
 .text.calc_crc32
                0x0000000000000000       0x44 bin/obj/crc.o
 .text          0x0000000000000000        0x0 bin/obj/dbg.o
 .data          0x0000000000000000        0x0 bin/obj/dbg.o
 .bss           0x0000000000000000        0x0 bin/obj/dbg.o
 .text.dbg_swo_putc
                0x0000000000000000        0x4 bin/obj/dbg.o
 .text.dbg_swo_send_uint16
                0x0000000000000000       0x26 bin/obj/dbg.o
 .text.dbg_swo_send_uint32
                0x0000000000000000       0x26 bin/obj/dbg.o
 .text          0x0000000000000000        0x0 bin/obj/crypto.o
 .data          0x0000000000000000        0x0 bin/obj/crypto.o
 .bss           0x0000000000000000        0x0 bin/obj/crypto.o
 .text.crypto_sha256
                0x0000000000000000      0x16c bin/obj/crypto.o
 .text.crypto_sha1
                0x0000000000000000      0x168 bin/obj/crypto.o
 .text          0x0000000000000000        0x0 bin/obj/exc_handler.o
 .data          0x0000000000000000        0x0 bin/obj/exc_handler.o
 .bss           0x0000000000000000        0x0 bin/obj/exc_handler.o
 .text          0x0000000000000000        0x0 bin/obj/msc.o
 .data          0x0000000000000000        0x0 bin/obj/msc.o
 .bss           0x0000000000000000        0x0 bin/obj/msc.o
 .text.msc_flash_lock
                0x0000000000000000        0x2 bin/obj/msc.o
 .text.msc_flash_unlock
                0x0000000000000000        0x2 bin/obj/msc.o
 .text.msc_flash_page_erase
                0x0000000000000000        0x2 bin/obj/msc.o
 .text.msc_flash_page_write
                0x0000000000000000        0x2 bin/obj/msc.o
 .text          0x0000000000000000        0x0 bin/obj/qspi.o
 .data          0x0000000000000000        0x0 bin/obj/qspi.o
 .bss           0x0000000000000000        0x0 bin/obj/qspi.o
 .text.qspi_enter_xip
                0x0000000000000000       0x24 bin/obj/qspi.o
 .text.qspi_exit_xip
                0x0000000000000000       0x34 bin/obj/qspi.o
 .text.qspi_flash_busy_wait
                0x0000000000000000       0x16 bin/obj/qspi.o
 .text.qspi_flash_write_disable
                0x0000000000000000       0x30 bin/obj/qspi.o
 .text.qspi_flash_block_erase
                0x0000000000000000       0x2a bin/obj/qspi.o
 .text.qspi_flash_sector_erase
                0x0000000000000000       0x2a bin/obj/qspi.o
 .text.qspi_flash_chip_erase
                0x0000000000000000       0x26 bin/obj/qspi.o
 .text.qspi_flash_write_security
                0x0000000000000000       0x28 bin/obj/qspi.o
 .text          0x0000000000000000        0x0 bin/obj/emu.o
 .data          0x0000000000000000        0x0 bin/obj/emu.o
 .bss           0x0000000000000000        0x0 bin/obj/emu.o
 .text.emu_vmon_altavdd_config
                0x0000000000000000       0x6c bin/obj/emu.o
 .text          0x0000000000000000        0x0 bin/obj/main.o
 .data          0x0000000000000000        0x0 bin/obj/main.o
 .bss           0x0000000000000000        0x0 bin/obj/main.o
 .text          0x0000000000000000        0x0 bin/obj/rtcc.o
 .data          0x0000000000000000        0x0 bin/obj/rtcc.o
 .bss           0x0000000000000000        0x0 bin/obj/rtcc.o
 .text.rtcc_set_time
                0x0000000000000000        0xc bin/obj/rtcc.o
 .text.rtcc_set_alarm
                0x0000000000000000       0x10 bin/obj/rtcc.o
 .text          0x0000000000000000        0x0 bin/obj/trng.o
 .data          0x0000000000000000        0x0 bin/obj/trng.o
 .bss           0x0000000000000000        0x0 bin/obj/trng.o
 .text.trng_init
                0x0000000000000000       0x50 bin/obj/trng.o
 .text.trng_pop_random
                0x0000000000000000       0x14 bin/obj/trng.o
 .debug_info    0x0000000000000000      0x67b bin/obj/trng.o
 .debug_abbrev  0x0000000000000000       0xf3 bin/obj/trng.o
 .debug_aranges
                0x0000000000000000       0x28 bin/obj/trng.o
 .debug_ranges  0x0000000000000000       0x18 bin/obj/trng.o
 .debug_line    0x0000000000000000      0x22a bin/obj/trng.o
 .debug_str     0x0000000000000000      0x578 bin/obj/trng.o
 .comment       0x0000000000000000       0x76 bin/obj/trng.o
 .debug_frame   0x0000000000000000       0x30 bin/obj/trng.o
 .ARM.attributes
                0x0000000000000000       0x34 bin/obj/trng.o
 .text          0x0000000000000000        0x0 bin/obj/systick.o
 .data          0x0000000000000000        0x0 bin/obj/systick.o
 .bss           0x0000000000000000        0x0 bin/obj/systick.o
 .text          0x0000000000000000        0x0 bin/obj/i2c.o
 .data          0x0000000000000000        0x0 bin/obj/i2c.o
 .bss           0x0000000000000000        0x0 bin/obj/i2c.o
 .text.i2c0_init
                0x0000000000000000       0x78 bin/obj/i2c.o
 .text.i2c0_transmit
                0x0000000000000000       0x90 bin/obj/i2c.o
 .text.i2c1_transmit
                0x0000000000000000       0x8c bin/obj/i2c.o
 .text.i2c2_init
                0x0000000000000000       0x7c bin/obj/i2c.o
 .text.i2c2_transmit
                0x0000000000000000       0x8c bin/obj/i2c.o
 .text          0x0000000000000000        0x0 bin/obj/startup.o
 .data          0x0000000000000000        0x0 bin/obj/startup.o
 .bss           0x0000000000000000        0x0 bin/obj/startup.o
 .text          0x0000000000000000        0x0 bin/obj/adc.o
 .data          0x0000000000000000        0x0 bin/obj/adc.o
 .bss           0x0000000000000000        0x0 bin/obj/adc.o
 .text          0x0000000000000000        0x0 bin/obj/md5/md5.o
 .data          0x0000000000000000        0x0 bin/obj/md5/md5.o
 .bss           0x0000000000000000        0x0 bin/obj/md5/md5.o
 .text.body     0x0000000000000000      0x770 bin/obj/md5/md5.o
 .text.md5_init
                0x0000000000000000       0x2c bin/obj/md5/md5.o
 .text.md5_update
                0x0000000000000000       0x7c bin/obj/md5/md5.o
 .text.md5_final
                0x0000000000000000       0xb2 bin/obj/md5/md5.o
 .debug_info    0x0000000000000000      0xcd4 bin/obj/md5/md5.o
 .debug_abbrev  0x0000000000000000      0x2a4 bin/obj/md5/md5.o
 .debug_loc     0x0000000000000000     0x121f bin/obj/md5/md5.o
 .debug_aranges
                0x0000000000000000       0x38 bin/obj/md5/md5.o
 .debug_ranges  0x0000000000000000       0x28 bin/obj/md5/md5.o
 .debug_line    0x0000000000000000      0x9ec bin/obj/md5/md5.o
 .debug_str     0x0000000000000000      0x61c bin/obj/md5/md5.o
 .comment       0x0000000000000000       0x76 bin/obj/md5/md5.o
 .debug_frame   0x0000000000000000       0xa0 bin/obj/md5/md5.o
 .ARM.attributes
                0x0000000000000000       0x34 bin/obj/md5/md5.o
 .text          0x0000000000000000        0x0 bin/obj/printf/printf.o
 .data          0x0000000000000000        0x0 bin/obj/printf/printf.o
 .bss           0x0000000000000000        0x0 bin/obj/printf/printf.o
 .text._out_fct
                0x0000000000000000        0x6 bin/obj/printf/printf.o
 .text.sprintf  0x0000000000000000       0x28 bin/obj/printf/printf.o
 .text.vsnprintf
                0x0000000000000000       0x1c bin/obj/printf/printf.o
 .text.fctprintf
                0x0000000000000000       0x2c bin/obj/printf/printf.o
 .text          0x0000000000000000        0x0 /etc/gcc-arm-none-eabi-8-2018-q4-major/bin/../lib/gcc/arm-none-eabi/8.2.1/../../../../arm-none-eabi/lib/thumb/v7e-m+fp/hard/libm.a(lib_a-sf_round.o)
 .data          0x0000000000000000        0x0 /etc/gcc-arm-none-eabi-8-2018-q4-major/bin/../lib/gcc/arm-none-eabi/8.2.1/../../../../arm-none-eabi/lib/thumb/v7e-m+fp/hard/libm.a(lib_a-sf_round.o)
 .bss           0x0000000000000000        0x0 /etc/gcc-arm-none-eabi-8-2018-q4-major/bin/../lib/gcc/arm-none-eabi/8.2.1/../../../../arm-none-eabi/lib/thumb/v7e-m+fp/hard/libm.a(lib_a-sf_round.o)
 .text          0x0000000000000000        0x0 /etc/gcc-arm-none-eabi-8-2018-q4-major/bin/../lib/gcc/arm-none-eabi/8.2.1/../../../../arm-none-eabi/lib/thumb/v7e-m+fp/hard/libc_nano.a(lib_a-malloc.o)
 .data          0x0000000000000000        0x0 /etc/gcc-arm-none-eabi-8-2018-q4-major/bin/../lib/gcc/arm-none-eabi/8.2.1/../../../../arm-none-eabi/lib/thumb/v7e-m+fp/hard/libc_nano.a(lib_a-malloc.o)
 .bss           0x0000000000000000        0x0 /etc/gcc-arm-none-eabi-8-2018-q4-major/bin/../lib/gcc/arm-none-eabi/8.2.1/../../../../arm-none-eabi/lib/thumb/v7e-m+fp/hard/libc_nano.a(lib_a-malloc.o)
 .text          0x0000000000000000        0x0 /etc/gcc-arm-none-eabi-8-2018-q4-major/bin/../lib/gcc/arm-none-eabi/8.2.1/../../../../arm-none-eabi/lib/thumb/v7e-m+fp/hard/libc_nano.a(lib_a-memcpy-stub.o)
 .data          0x0000000000000000        0x0 /etc/gcc-arm-none-eabi-8-2018-q4-major/bin/../lib/gcc/arm-none-eabi/8.2.1/../../../../arm-none-eabi/lib/thumb/v7e-m+fp/hard/libc_nano.a(lib_a-memcpy-stub.o)
 .bss           0x0000000000000000        0x0 /etc/gcc-arm-none-eabi-8-2018-q4-major/bin/../lib/gcc/arm-none-eabi/8.2.1/../../../../arm-none-eabi/lib/thumb/v7e-m+fp/hard/libc_nano.a(lib_a-memcpy-stub.o)
 .text.memcpy   0x0000000000000000       0x1c /etc/gcc-arm-none-eabi-8-2018-q4-major/bin/../lib/gcc/arm-none-eabi/8.2.1/../../../../arm-none-eabi/lib/thumb/v7e-m+fp/hard/libc_nano.a(lib_a-memcpy-stub.o)
 .debug_frame   0x0000000000000000       0x28 /etc/gcc-arm-none-eabi-8-2018-q4-major/bin/../lib/gcc/arm-none-eabi/8.2.1/../../../../arm-none-eabi/lib/thumb/v7e-m+fp/hard/libc_nano.a(lib_a-memcpy-stub.o)
 .ARM.attributes
                0x0000000000000000       0x34 /etc/gcc-arm-none-eabi-8-2018-q4-major/bin/../lib/gcc/arm-none-eabi/8.2.1/../../../../arm-none-eabi/lib/thumb/v7e-m+fp/hard/libc_nano.a(lib_a-memcpy-stub.o)
 .text          0x0000000000000000        0x0 /etc/gcc-arm-none-eabi-8-2018-q4-major/bin/../lib/gcc/arm-none-eabi/8.2.1/../../../../arm-none-eabi/lib/thumb/v7e-m+fp/hard/libc_nano.a(lib_a-memset.o)
 .data          0x0000000000000000        0x0 /etc/gcc-arm-none-eabi-8-2018-q4-major/bin/../lib/gcc/arm-none-eabi/8.2.1/../../../../arm-none-eabi/lib/thumb/v7e-m+fp/hard/libc_nano.a(lib_a-memset.o)
 .bss           0x0000000000000000        0x0 /etc/gcc-arm-none-eabi-8-2018-q4-major/bin/../lib/gcc/arm-none-eabi/8.2.1/../../../../arm-none-eabi/lib/thumb/v7e-m+fp/hard/libc_nano.a(lib_a-memset.o)
 .text.memset   0x0000000000000000       0x10 /etc/gcc-arm-none-eabi-8-2018-q4-major/bin/../lib/gcc/arm-none-eabi/8.2.1/../../../../arm-none-eabi/lib/thumb/v7e-m+fp/hard/libc_nano.a(lib_a-memset.o)
 .debug_frame   0x0000000000000000       0x20 /etc/gcc-arm-none-eabi-8-2018-q4-major/bin/../lib/gcc/arm-none-eabi/8.2.1/../../../../arm-none-eabi/lib/thumb/v7e-m+fp/hard/libc_nano.a(lib_a-memset.o)
 .ARM.attributes
                0x0000000000000000       0x34 /etc/gcc-arm-none-eabi-8-2018-q4-major/bin/../lib/gcc/arm-none-eabi/8.2.1/../../../../arm-none-eabi/lib/thumb/v7e-m+fp/hard/libc_nano.a(lib_a-memset.o)
 .text          0x0000000000000000        0x0 /etc/gcc-arm-none-eabi-8-2018-q4-major/bin/../lib/gcc/arm-none-eabi/8.2.1/../../../../arm-none-eabi/lib/thumb/v7e-m+fp/hard/libc_nano.a(lib_a-nano-freer.o)
 .data          0x0000000000000000        0x0 /etc/gcc-arm-none-eabi-8-2018-q4-major/bin/../lib/gcc/arm-none-eabi/8.2.1/../../../../arm-none-eabi/lib/thumb/v7e-m+fp/hard/libc_nano.a(lib_a-nano-freer.o)
 .bss           0x0000000000000000        0x0 /etc/gcc-arm-none-eabi-8-2018-q4-major/bin/../lib/gcc/arm-none-eabi/8.2.1/../../../../arm-none-eabi/lib/thumb/v7e-m+fp/hard/libc_nano.a(lib_a-nano-freer.o)
 .text          0x0000000000000000        0x0 /etc/gcc-arm-none-eabi-8-2018-q4-major/bin/../lib/gcc/arm-none-eabi/8.2.1/../../../../arm-none-eabi/lib/thumb/v7e-m+fp/hard/libc_nano.a(lib_a-nano-mallocr.o)
 .data          0x0000000000000000        0x0 /etc/gcc-arm-none-eabi-8-2018-q4-major/bin/../lib/gcc/arm-none-eabi/8.2.1/../../../../arm-none-eabi/lib/thumb/v7e-m+fp/hard/libc_nano.a(lib_a-nano-mallocr.o)
 .bss           0x0000000000000000        0x0 /etc/gcc-arm-none-eabi-8-2018-q4-major/bin/../lib/gcc/arm-none-eabi/8.2.1/../../../../arm-none-eabi/lib/thumb/v7e-m+fp/hard/libc_nano.a(lib_a-nano-mallocr.o)
 .text          0x0000000000000000        0x0 /etc/gcc-arm-none-eabi-8-2018-q4-major/bin/../lib/gcc/arm-none-eabi/8.2.1/../../../../arm-none-eabi/lib/thumb/v7e-m+fp/hard/libc_nano.a(lib_a-sbrkr.o)
 .data          0x0000000000000000        0x0 /etc/gcc-arm-none-eabi-8-2018-q4-major/bin/../lib/gcc/arm-none-eabi/8.2.1/../../../../arm-none-eabi/lib/thumb/v7e-m+fp/hard/libc_nano.a(lib_a-sbrkr.o)
 .bss           0x0000000000000000        0x0 /etc/gcc-arm-none-eabi-8-2018-q4-major/bin/../lib/gcc/arm-none-eabi/8.2.1/../../../../arm-none-eabi/lib/thumb/v7e-m+fp/hard/libc_nano.a(lib_a-sbrkr.o)
 .text          0x0000000000000000        0x0 /etc/gcc-arm-none-eabi-8-2018-q4-major/bin/../lib/gcc/arm-none-eabi/8.2.1/../../../../arm-none-eabi/lib/thumb/v7e-m+fp/hard/libc_nano.a(lib_a-impure.o)
 .data          0x0000000000000000        0x0 /etc/gcc-arm-none-eabi-8-2018-q4-major/bin/../lib/gcc/arm-none-eabi/8.2.1/../../../../arm-none-eabi/lib/thumb/v7e-m+fp/hard/libc_nano.a(lib_a-impure.o)
 .bss           0x0000000000000000        0x0 /etc/gcc-arm-none-eabi-8-2018-q4-major/bin/../lib/gcc/arm-none-eabi/8.2.1/../../../../arm-none-eabi/lib/thumb/v7e-m+fp/hard/libc_nano.a(lib_a-impure.o)
 .rodata._global_impure_ptr
                0x0000000000000000        0x4 /etc/gcc-arm-none-eabi-8-2018-q4-major/bin/../lib/gcc/arm-none-eabi/8.2.1/../../../../arm-none-eabi/lib/thumb/v7e-m+fp/hard/libc_nano.a(lib_a-impure.o)
 .text          0x0000000000000000        0x0 /etc/gcc-arm-none-eabi-8-2018-q4-major/bin/../lib/gcc/arm-none-eabi/8.2.1/../../../../arm-none-eabi/lib/thumb/v7e-m+fp/hard/libc_nano.a(lib_a-mlock.o)
 .data          0x0000000000000000        0x0 /etc/gcc-arm-none-eabi-8-2018-q4-major/bin/../lib/gcc/arm-none-eabi/8.2.1/../../../../arm-none-eabi/lib/thumb/v7e-m+fp/hard/libc_nano.a(lib_a-mlock.o)
 .bss           0x0000000000000000        0x0 /etc/gcc-arm-none-eabi-8-2018-q4-major/bin/../lib/gcc/arm-none-eabi/8.2.1/../../../../arm-none-eabi/lib/thumb/v7e-m+fp/hard/libc_nano.a(lib_a-mlock.o)
 .text          0x0000000000000000        0x0 /etc/gcc-arm-none-eabi-8-2018-q4-major/bin/../lib/gcc/arm-none-eabi/8.2.1/../../../../arm-none-eabi/lib/thumb/v7e-m+fp/hard/libc_nano.a(lib_a-reent.o)
 .data          0x0000000000000000        0x0 /etc/gcc-arm-none-eabi-8-2018-q4-major/bin/../lib/gcc/arm-none-eabi/8.2.1/../../../../arm-none-eabi/lib/thumb/v7e-m+fp/hard/libc_nano.a(lib_a-reent.o)
 .bss           0x0000000000000000        0x0 /etc/gcc-arm-none-eabi-8-2018-q4-major/bin/../lib/gcc/arm-none-eabi/8.2.1/../../../../arm-none-eabi/lib/thumb/v7e-m+fp/hard/libc_nano.a(lib_a-reent.o)
 .text.cleanup_glue
                0x0000000000000000       0x1a /etc/gcc-arm-none-eabi-8-2018-q4-major/bin/../lib/gcc/arm-none-eabi/8.2.1/../../../../arm-none-eabi/lib/thumb/v7e-m+fp/hard/libc_nano.a(lib_a-reent.o)
 .text._reclaim_reent
                0x0000000000000000       0xb8 /etc/gcc-arm-none-eabi-8-2018-q4-major/bin/../lib/gcc/arm-none-eabi/8.2.1/../../../../arm-none-eabi/lib/thumb/v7e-m+fp/hard/libc_nano.a(lib_a-reent.o)
 .text          0x0000000000000000        0x0 /etc/gcc-arm-none-eabi-8-2018-q4-major/bin/../lib/gcc/arm-none-eabi/8.2.1/../../../../arm-none-eabi/lib/thumb/v7e-m+fp/hard/libc_nano.a(lib_a-lock.o)
 .data          0x0000000000000000        0x0 /etc/gcc-arm-none-eabi-8-2018-q4-major/bin/../lib/gcc/arm-none-eabi/8.2.1/../../../../arm-none-eabi/lib/thumb/v7e-m+fp/hard/libc_nano.a(lib_a-lock.o)
 .bss           0x0000000000000000        0x0 /etc/gcc-arm-none-eabi-8-2018-q4-major/bin/../lib/gcc/arm-none-eabi/8.2.1/../../../../arm-none-eabi/lib/thumb/v7e-m+fp/hard/libc_nano.a(lib_a-lock.o)
 .text.__retarget_lock_init
                0x0000000000000000        0x2 /etc/gcc-arm-none-eabi-8-2018-q4-major/bin/../lib/gcc/arm-none-eabi/8.2.1/../../../../arm-none-eabi/lib/thumb/v7e-m+fp/hard/libc_nano.a(lib_a-lock.o)
 .text.__retarget_lock_init_recursive
                0x0000000000000000        0x2 /etc/gcc-arm-none-eabi-8-2018-q4-major/bin/../lib/gcc/arm-none-eabi/8.2.1/../../../../arm-none-eabi/lib/thumb/v7e-m+fp/hard/libc_nano.a(lib_a-lock.o)
 .text.__retarget_lock_close
                0x0000000000000000        0x2 /etc/gcc-arm-none-eabi-8-2018-q4-major/bin/../lib/gcc/arm-none-eabi/8.2.1/../../../../arm-none-eabi/lib/thumb/v7e-m+fp/hard/libc_nano.a(lib_a-lock.o)
 .text.__retarget_lock_close_recursive
                0x0000000000000000        0x2 /etc/gcc-arm-none-eabi-8-2018-q4-major/bin/../lib/gcc/arm-none-eabi/8.2.1/../../../../arm-none-eabi/lib/thumb/v7e-m+fp/hard/libc_nano.a(lib_a-lock.o)
 .text.__retarget_lock_acquire
                0x0000000000000000        0x2 /etc/gcc-arm-none-eabi-8-2018-q4-major/bin/../lib/gcc/arm-none-eabi/8.2.1/../../../../arm-none-eabi/lib/thumb/v7e-m+fp/hard/libc_nano.a(lib_a-lock.o)
 .text.__retarget_lock_try_acquire
                0x0000000000000000        0x4 /etc/gcc-arm-none-eabi-8-2018-q4-major/bin/../lib/gcc/arm-none-eabi/8.2.1/../../../../arm-none-eabi/lib/thumb/v7e-m+fp/hard/libc_nano.a(lib_a-lock.o)
 .text.__retarget_lock_try_acquire_recursive
                0x0000000000000000        0x4 /etc/gcc-arm-none-eabi-8-2018-q4-major/bin/../lib/gcc/arm-none-eabi/8.2.1/../../../../arm-none-eabi/lib/thumb/v7e-m+fp/hard/libc_nano.a(lib_a-lock.o)
 .text.__retarget_lock_release
                0x0000000000000000        0x2 /etc/gcc-arm-none-eabi-8-2018-q4-major/bin/../lib/gcc/arm-none-eabi/8.2.1/../../../../arm-none-eabi/lib/thumb/v7e-m+fp/hard/libc_nano.a(lib_a-lock.o)
 .data          0x0000000000000000        0x0 /etc/gcc-arm-none-eabi-8-2018-q4-major/bin/../lib/gcc/arm-none-eabi/8.2.1/thumb/v7e-m+fp/hard/libgcc.a(_arm_addsubdf3.o)
 .bss           0x0000000000000000        0x0 /etc/gcc-arm-none-eabi-8-2018-q4-major/bin/../lib/gcc/arm-none-eabi/8.2.1/thumb/v7e-m+fp/hard/libgcc.a(_arm_addsubdf3.o)
 .data          0x0000000000000000        0x0 /etc/gcc-arm-none-eabi-8-2018-q4-major/bin/../lib/gcc/arm-none-eabi/8.2.1/thumb/v7e-m+fp/hard/libgcc.a(_arm_muldivdf3.o)
 .bss           0x0000000000000000        0x0 /etc/gcc-arm-none-eabi-8-2018-q4-major/bin/../lib/gcc/arm-none-eabi/8.2.1/thumb/v7e-m+fp/hard/libgcc.a(_arm_muldivdf3.o)
 .data          0x0000000000000000        0x0 /etc/gcc-arm-none-eabi-8-2018-q4-major/bin/../lib/gcc/arm-none-eabi/8.2.1/thumb/v7e-m+fp/hard/libgcc.a(_arm_cmpdf2.o)
 .bss           0x0000000000000000        0x0 /etc/gcc-arm-none-eabi-8-2018-q4-major/bin/../lib/gcc/arm-none-eabi/8.2.1/thumb/v7e-m+fp/hard/libgcc.a(_arm_cmpdf2.o)
 .data          0x0000000000000000        0x0 /etc/gcc-arm-none-eabi-8-2018-q4-major/bin/../lib/gcc/arm-none-eabi/8.2.1/thumb/v7e-m+fp/hard/libgcc.a(_arm_fixdfsi.o)
 .bss           0x0000000000000000        0x0 /etc/gcc-arm-none-eabi-8-2018-q4-major/bin/../lib/gcc/arm-none-eabi/8.2.1/thumb/v7e-m+fp/hard/libgcc.a(_arm_fixdfsi.o)
 .data          0x0000000000000000        0x0 /etc/gcc-arm-none-eabi-8-2018-q4-major/bin/../lib/gcc/arm-none-eabi/8.2.1/thumb/v7e-m+fp/hard/libgcc.a(_arm_fixunsdfsi.o)
 .bss           0x0000000000000000        0x0 /etc/gcc-arm-none-eabi-8-2018-q4-major/bin/../lib/gcc/arm-none-eabi/8.2.1/thumb/v7e-m+fp/hard/libgcc.a(_arm_fixunsdfsi.o)
 .data          0x0000000000000000        0x0 /etc/gcc-arm-none-eabi-8-2018-q4-major/bin/../lib/gcc/arm-none-eabi/8.2.1/thumb/v7e-m+fp/hard/libgcc.a(_aeabi_uldivmod.o)
 .bss           0x0000000000000000        0x0 /etc/gcc-arm-none-eabi-8-2018-q4-major/bin/../lib/gcc/arm-none-eabi/8.2.1/thumb/v7e-m+fp/hard/libgcc.a(_aeabi_uldivmod.o)
 .data          0x0000000000000000        0x0 /etc/gcc-arm-none-eabi-8-2018-q4-major/bin/../lib/gcc/arm-none-eabi/8.2.1/thumb/v7e-m+fp/hard/libgcc.a(_udivmoddi4.o)
 .bss           0x0000000000000000        0x0 /etc/gcc-arm-none-eabi-8-2018-q4-major/bin/../lib/gcc/arm-none-eabi/8.2.1/thumb/v7e-m+fp/hard/libgcc.a(_udivmoddi4.o)
 .ARM.extab     0x0000000000000000        0x0 /etc/gcc-arm-none-eabi-8-2018-q4-major/bin/../lib/gcc/arm-none-eabi/8.2.1/thumb/v7e-m+fp/hard/libgcc.a(_udivmoddi4.o)
 .data          0x0000000000000000        0x0 /etc/gcc-arm-none-eabi-8-2018-q4-major/bin/../lib/gcc/arm-none-eabi/8.2.1/thumb/v7e-m+fp/hard/libgcc.a(_dvmd_tls.o)
 .bss           0x0000000000000000        0x0 /etc/gcc-arm-none-eabi-8-2018-q4-major/bin/../lib/gcc/arm-none-eabi/8.2.1/thumb/v7e-m+fp/hard/libgcc.a(_dvmd_tls.o)
 .text          0x0000000000000000        0x0 /etc/gcc-arm-none-eabi-8-2018-q4-major/bin/../lib/gcc/arm-none-eabi/8.2.1/../../../../arm-none-eabi/lib/thumb/v7e-m+fp/hard/libnosys.a(sbrk.o)
 .data          0x0000000000000000        0x0 /etc/gcc-arm-none-eabi-8-2018-q4-major/bin/../lib/gcc/arm-none-eabi/8.2.1/../../../../arm-none-eabi/lib/thumb/v7e-m+fp/hard/libnosys.a(sbrk.o)
 .bss           0x0000000000000000        0x0 /etc/gcc-arm-none-eabi-8-2018-q4-major/bin/../lib/gcc/arm-none-eabi/8.2.1/../../../../arm-none-eabi/lib/thumb/v7e-m+fp/hard/libnosys.a(sbrk.o)

Memory Configuration

Name             Origin             Length             Attributes
irom0            0x0000000000000000 0x0000000000200000 xr
irom1            0x000000000fe10000 0x0000000000008000 xr
irom2            0x0000000004000000 0x0000000000800000 xr
drom0            0x000000000fe00000 0x0000000000001000 r
drom1            0x00000000c0000000 0x0000000000800000 r
iram0            0x0000000010000000 0x0000000000080000 xrw
dram0            0x0000000020000000 0x0000000000080000 rw
*default*        0x0000000000000000 0xffffffffffffffff

Linker script and memory map

LOAD bin/obj/cmu.o
LOAD bin/obj/crc.o
LOAD bin/obj/dbg.o
LOAD bin/obj/crypto.o
LOAD bin/obj/exc_handler.o
LOAD bin/obj/msc.o
LOAD bin/obj/qspi.o
LOAD bin/obj/emu.o
LOAD bin/obj/main.o
LOAD bin/obj/rtcc.o
LOAD bin/obj/trng.o
LOAD bin/obj/systick.o
LOAD bin/obj/i2c.o
LOAD bin/obj/startup.o
LOAD bin/obj/adc.o
LOAD bin/obj/md5/md5.o
LOAD bin/obj/printf/printf.o
LOAD /etc/gcc-arm-none-eabi-8-2018-q4-major/bin/../lib/gcc/arm-none-eabi/8.2.1/../../../../arm-none-eabi/lib/thumb/v7e-m+fp/hard/libm.a
LOAD /etc/gcc-arm-none-eabi-8-2018-q4-major/bin/../lib/gcc/arm-none-eabi/8.2.1/../../../../arm-none-eabi/lib/thumb/v7e-m+fp/hard/libc_nano.a
LOAD /etc/gcc-arm-none-eabi-8-2018-q4-major/bin/../lib/gcc/arm-none-eabi/8.2.1/thumb/v7e-m+fp/hard/libgcc.a
LOAD /etc/gcc-arm-none-eabi-8-2018-q4-major/bin/../lib/gcc/arm-none-eabi/8.2.1/../../../../arm-none-eabi/lib/thumb/v7e-m+fp/hard/libnosys.a
                0x0000000000000800                _min_heap_size = 0x800
                0x0000000000000400                _min_stack_size = 0x400
                0x0000000020080000                _estack = ((ORIGIN (dram0) + LENGTH (dram0)) & 0xfffffffffffffff8)

.isr_vector     0x0000000000000000      0x150
                0x0000000000000000                . = ALIGN (0x4)
                0x0000000000000000                _svect = .
 *(.isr_vector)
 .isr_vector    0x0000000000000000      0x150 bin/obj/startup.o
                0x0000000000000000                g_pfnVectors
                0x0000000000000150                . = ALIGN (0x4)
                0x0000000000000150                _evect = .

.text           0x0000000000000150     0x5168
                0x0000000000000150                . = ALIGN (0x4)
                0x0000000000000150                _stext = .
 *(.text)
 .text          0x0000000000000150      0x378 /etc/gcc-arm-none-eabi-8-2018-q4-major/bin/../lib/gcc/arm-none-eabi/8.2.1/thumb/v7e-m+fp/hard/libgcc.a(_arm_addsubdf3.o)
                0x0000000000000150                __aeabi_drsub
                0x0000000000000158                __aeabi_dsub
                0x0000000000000158                __subdf3
                0x000000000000015c                __adddf3
                0x000000000000015c                __aeabi_dadd
                0x00000000000003d4                __aeabi_ui2d
                0x00000000000003d4                __floatunsidf
                0x00000000000003f4                __floatsidf
                0x00000000000003f4                __aeabi_i2d
                0x0000000000000418                __extendsfdf2
                0x0000000000000418                __aeabi_f2d
                0x000000000000045c                __aeabi_ul2d
                0x000000000000045c                __floatundidf
                0x000000000000046c                __floatdidf
                0x000000000000046c                __aeabi_l2d
 .text          0x00000000000004c8      0x424 /etc/gcc-arm-none-eabi-8-2018-q4-major/bin/../lib/gcc/arm-none-eabi/8.2.1/thumb/v7e-m+fp/hard/libgcc.a(_arm_muldivdf3.o)
                0x00000000000004c8                __aeabi_dmul
                0x00000000000004c8                __muldf3
                0x000000000000071c                __aeabi_ddiv
                0x000000000000071c                __divdf3
 .text          0x00000000000008ec      0x110 /etc/gcc-arm-none-eabi-8-2018-q4-major/bin/../lib/gcc/arm-none-eabi/8.2.1/thumb/v7e-m+fp/hard/libgcc.a(_arm_cmpdf2.o)
                0x00000000000008ec                __gtdf2
                0x00000000000008ec                __gedf2
                0x00000000000008f4                __ltdf2
                0x00000000000008f4                __ledf2
                0x00000000000008fc                __cmpdf2
                0x00000000000008fc                __eqdf2
                0x00000000000008fc                __nedf2
                0x0000000000000978                __aeabi_cdrcmple
                0x0000000000000988                __aeabi_cdcmple
                0x0000000000000988                __aeabi_cdcmpeq
                0x0000000000000998                __aeabi_dcmpeq
                0x00000000000009ac                __aeabi_dcmplt
                0x00000000000009c0                __aeabi_dcmple
                0x00000000000009d4                __aeabi_dcmpge
                0x00000000000009e8                __aeabi_dcmpgt
 .text          0x00000000000009fc       0x50 /etc/gcc-arm-none-eabi-8-2018-q4-major/bin/../lib/gcc/arm-none-eabi/8.2.1/thumb/v7e-m+fp/hard/libgcc.a(_arm_fixdfsi.o)
                0x00000000000009fc                __fixdfsi
                0x00000000000009fc                __aeabi_d2iz
 .text          0x0000000000000a4c       0x40 /etc/gcc-arm-none-eabi-8-2018-q4-major/bin/../lib/gcc/arm-none-eabi/8.2.1/thumb/v7e-m+fp/hard/libgcc.a(_arm_fixunsdfsi.o)
                0x0000000000000a4c                __fixunsdfsi
                0x0000000000000a4c                __aeabi_d2uiz
 .text          0x0000000000000a8c       0x30 /etc/gcc-arm-none-eabi-8-2018-q4-major/bin/../lib/gcc/arm-none-eabi/8.2.1/thumb/v7e-m+fp/hard/libgcc.a(_aeabi_uldivmod.o)
                0x0000000000000a8c                __aeabi_uldivmod
 .text          0x0000000000000abc      0x2d0 /etc/gcc-arm-none-eabi-8-2018-q4-major/bin/../lib/gcc/arm-none-eabi/8.2.1/thumb/v7e-m+fp/hard/libgcc.a(_udivmoddi4.o)
                0x0000000000000abc                __udivmoddi4
 .text          0x0000000000000d8c        0x4 /etc/gcc-arm-none-eabi-8-2018-q4-major/bin/../lib/gcc/arm-none-eabi/8.2.1/thumb/v7e-m+fp/hard/libgcc.a(_dvmd_tls.o)
                0x0000000000000d8c                __aeabi_ldiv0
                0x0000000000000d8c                __aeabi_idiv0
 *(.text*)
 .text.cmu_update_clocks
                0x0000000000000d90      0x488 bin/obj/cmu.o
                0x0000000000000d90                cmu_update_clocks
 .text.cmu_config_waitstates
                0x0000000000001218       0x20 bin/obj/cmu.o
                0x0000000000001218                cmu_config_waitstates
 .text.cmu_hfrco_calib
                0x0000000000001238       0x2c bin/obj/cmu.o
                0x0000000000001238                cmu_hfrco_calib
 .text.cmu_init
                0x0000000000001264      0x194 bin/obj/cmu.o
                0x0000000000001264                cmu_init
 .text.cmu_ushfrco_calib
                0x00000000000013f8       0x58 bin/obj/cmu.o
                0x00000000000013f8                cmu_ushfrco_calib
 .text.cmu_auxhfrco_calib
                0x0000000000001450       0x48 bin/obj/cmu.o
                0x0000000000001450                cmu_auxhfrco_calib
 .text.cmu_hfxo_startup_calib
                0x0000000000001498       0x2c bin/obj/cmu.o
                0x0000000000001498                cmu_hfxo_startup_calib
 .text.cmu_hfxo_get_startup_current
                0x00000000000014c4       0x24 bin/obj/cmu.o
                0x00000000000014c4                cmu_hfxo_get_startup_current
 .text.cmu_hfxo_get_startup_cap
                0x00000000000014e8       0x2c bin/obj/cmu.o
                0x00000000000014e8                cmu_hfxo_get_startup_cap
 .text.cmu_hfxo_steady_calib
                0x0000000000001514       0x2c bin/obj/cmu.o
                0x0000000000001514                cmu_hfxo_steady_calib
 .text.cmu_hfxo_get_steady_current
                0x0000000000001540       0x24 bin/obj/cmu.o
                0x0000000000001540                cmu_hfxo_get_steady_current
 .text.cmu_hfxo_get_steady_cap
                0x0000000000001564       0x2c bin/obj/cmu.o
                0x0000000000001564                cmu_hfxo_get_steady_cap
 .text.cmu_hfxo_get_pda_ibtrim
                0x0000000000001590       0x2c bin/obj/cmu.o
                0x0000000000001590                cmu_hfxo_get_pda_ibtrim
 .text.cmu_hfxo_get_pda_current
                0x00000000000015bc       0x44 bin/obj/cmu.o
                0x00000000000015bc                cmu_hfxo_get_pda_current
 .text.cmu_hfxo_get_pma_ibtrim
                0x0000000000001600       0x1c bin/obj/cmu.o
                0x0000000000001600                cmu_hfxo_get_pma_ibtrim
 .text.cmu_hfxo_get_pma_current
                0x000000000000161c       0x40 bin/obj/cmu.o
                0x000000000000161c                cmu_hfxo_get_pma_current
 .text.crc_init
                0x000000000000165c       0x28 bin/obj/crc.o
                0x000000000000165c                crc_init
 .text.dbg_init
                0x0000000000001684       0x10 bin/obj/dbg.o
                0x0000000000001684                dbg_init
 .text.dbg_swo_config
                0x0000000000001694       0x60 bin/obj/dbg.o
                0x0000000000001694                dbg_swo_config
 .text.dbg_swo_send_uint8
                0x00000000000016f4       0x26 bin/obj/dbg.o
                0x00000000000016f4                dbg_swo_send_uint8
 .text._putchar
                0x000000000000171a        0x6 bin/obj/dbg.o
                0x000000000000171a                _putchar
 .text.crypto_init
                0x0000000000001720       0x14 bin/obj/crypto.o
                0x0000000000001720                crypto_init
 .text._hardfault_isr
                0x0000000000001734       0x18 bin/obj/exc_handler.o
                0x0000000000001734                _hardfault_isr
 .text._memmanage_isr
                0x000000000000174c       0x18 bin/obj/exc_handler.o
                0x000000000000174c                _memmanage_isr
 .text._busfault_isr
                0x0000000000001764       0x18 bin/obj/exc_handler.o
                0x0000000000001764                _busfault_isr
 .text._usagefault_isr
                0x000000000000177c       0x18 bin/obj/exc_handler.o
                0x000000000000177c                _usagefault_isr
 .text.hardfault_trace_stack
                0x0000000000001794       0xe4 bin/obj/exc_handler.o
                0x0000000000001794                hardfault_trace_stack
 .text.memmanage_trace_stack
                0x0000000000001878       0xf4 bin/obj/exc_handler.o
                0x0000000000001878                memmanage_trace_stack
 .text.busfault_trace_stack
                0x000000000000196c      0x100 bin/obj/exc_handler.o
                0x000000000000196c                busfault_trace_stack
 .text.usagefault_trace_stack
                0x0000000000001a6c       0xe8 bin/obj/exc_handler.o
                0x0000000000001a6c                usagefault_trace_stack
 .text.msc_init
                0x0000000000001b54       0x24 bin/obj/msc.o
                0x0000000000001b54                msc_init
 .text.msc_config_waitstates
                0x0000000000001b78       0x9c bin/obj/msc.o
                0x0000000000001b78                msc_config_waitstates
 .text.qspi_flash_cmd.part.1
                0x0000000000001c14      0x16c bin/obj/qspi.o
 .text.qspi_flash_cmd
                0x0000000000001d80       0x44 bin/obj/qspi.o
                0x0000000000001d80                qspi_flash_cmd
 .text.qspi_flash_reset
                0x0000000000001dc4       0x36 bin/obj/qspi.o
                0x0000000000001dc4                qspi_flash_reset
 .text.qspi_flash_read_status
                0x0000000000001dfa       0x2a bin/obj/qspi.o
                0x0000000000001dfa                qspi_flash_read_status
 .text.qspi_flash_read_config
                0x0000000000001e24       0x2a bin/obj/qspi.o
                0x0000000000001e24                qspi_flash_read_config
 .text.qspi_flash_write_enable
                0x0000000000001e4e       0x30 bin/obj/qspi.o
                0x0000000000001e4e                qspi_flash_write_enable
 .text.qspi_flash_write_status_config
                0x0000000000001e7e       0x30 bin/obj/qspi.o
                0x0000000000001e7e                qspi_flash_write_status_config
 .text.qspi_flash_read_jedec_id
                0x0000000000001eae       0x40 bin/obj/qspi.o
                0x0000000000001eae                qspi_flash_read_jedec_id
 .text.qspi_flash_read_security
                0x0000000000001eee       0x20 bin/obj/qspi.o
                0x0000000000001eee                qspi_flash_read_security
 .text.qspi_flash_unprotect_all_blocks
                0x0000000000001f0e       0x22 bin/obj/qspi.o
                0x0000000000001f0e                qspi_flash_unprotect_all_blocks
 .text.qspi_flash_init
                0x0000000000001f30       0x34 bin/obj/qspi.o
                0x0000000000001f30                qspi_flash_init
 .text.qspi_init
                0x0000000000001f64       0x98 bin/obj/qspi.o
                0x0000000000001f64                qspi_init
 .text.emu_vmon_thresh_get
                0x0000000000001ffc       0x5c bin/obj/emu.o
 .text.emu_vmon_thresh_calc
                0x0000000000002058       0x90 bin/obj/emu.o
 .text._emu_isr
                0x00000000000020e8       0x6c bin/obj/emu.o
                0x00000000000020e8                _emu_isr
 .text.emu_init
                0x0000000000002154       0x2c bin/obj/emu.o
                0x0000000000002154                emu_init
 .text.emu_get_temperature
                0x0000000000002180       0x5c bin/obj/emu.o
                0x0000000000002180                emu_get_temperature
 .text.emu_vmon_avdd_config
                0x00000000000021dc       0xa8 bin/obj/emu.o
                0x00000000000021dc                emu_vmon_avdd_config
 .text.emu_vmon_dvdd_config
                0x0000000000002284       0x6c bin/obj/emu.o
                0x0000000000002284                emu_vmon_dvdd_config
 .text.emu_vmon_iovdd_config
                0x00000000000022f0       0x6c bin/obj/emu.o
                0x00000000000022f0                emu_vmon_iovdd_config
 .text.get_device_name
                0x000000000000235c      0x374 bin/obj/main.o
                0x000000000000235c                get_device_name
 .text.init     0x00000000000026d0      0x98c bin/obj/main.o
                0x00000000000026d0                init
 .text.startup.main
                0x000000000000305c      0x1f4 bin/obj/main.o
                0x000000000000305c                main
 .text.rtcc_init
                0x0000000000003250       0x64 bin/obj/rtcc.o
                0x0000000000003250                rtcc_init
 .text.rtcc_get_time
                0x00000000000032b4        0xc bin/obj/rtcc.o
                0x00000000000032b4                rtcc_get_time
 .text._systick_isr
                0x00000000000032c0       0x18 bin/obj/systick.o
                0x00000000000032c0                _systick_isr
 .text.systick_init
                0x00000000000032d8       0x30 bin/obj/systick.o
                0x00000000000032d8                systick_init
 .text.delay_ms
                0x0000000000003308       0x28 bin/obj/systick.o
                0x0000000000003308                delay_ms
 .text.i2c1_init
                0x0000000000003330       0x7c bin/obj/i2c.o
                0x0000000000003330                i2c1_init
 .text._default_isr
                0x00000000000033ac        0x2 bin/obj/startup.o
                0x00000000000033ac                _timer3_isr
                0x00000000000033ac                _wtimer2_isr
                0x00000000000033ac                _ebi_isr
                0x00000000000033ac                _timer5_isr
                0x00000000000033ac                _letimer0_isr
                0x00000000000033ac                _cmu_isr
                0x00000000000033ac                _acmp2_3_isr
                0x00000000000033ac                _msc_isr
                0x00000000000033ac                _pcnt1_isr
                0x00000000000033ac                _can1_isr
                0x00000000000033ac                _eth_isr
                0x00000000000033ac                _usart4_rx_isr
                0x00000000000033ac                _uart0_tx_isr
                0x00000000000033ac                _uart0_rx_isr
                0x00000000000033ac                _wdog1_isr
                0x00000000000033ac                _usart0_rx_isr
                0x00000000000033ac                _csen_isr
                0x00000000000033ac                _wtimer1_isr
                0x00000000000033ac                _can0_isr
                0x00000000000033ac                _usart4_tx_isr
                0x00000000000033ac                _letimer1_isr
                0x00000000000033ac                _usart2_rx_isr
                0x00000000000033ac                _usart5_tx_isr
                0x00000000000033ac                _gpio_even_isr
                0x00000000000033ac                _lesense_isr
                0x00000000000033ac                _uart1_tx_isr
                0x00000000000033ac                _wdog0_isr
                0x00000000000033ac                _smu_isr
                0x00000000000033ac                _usart2_tx_isr
                0x00000000000033ac                _usb_isr
                0x00000000000033ac                _usart3_tx_isr
                0x00000000000033ac                _crypto0_isr
                0x00000000000033ac                _usart3_rx_isr
                0x00000000000033ac                _pendsv_isr
                0x00000000000033ac                _leuart1_isr
                0x00000000000033ac                _usart0_tx_isr
                0x00000000000033ac                _wtimer0_isr
                0x00000000000033ac                _idac0_isr
                0x00000000000033ac                _vdac0_isr
                0x00000000000033ac                _timer4_isr
                0x00000000000033ac                _debugmon_isr
                0x00000000000033ac                _adc1_isr
                0x00000000000033ac                _trng0_isr
                0x00000000000033ac                _timer0_isr
                0x00000000000033ac                _rtc_isr
                0x00000000000033ac                _lcd_isr
                0x00000000000033ac                _acmp0_1_isr
                0x00000000000033ac                _uart1_rx_isr
                0x00000000000033ac                _i2c0_isr
                0x00000000000033ac                _timer2_isr
                0x00000000000033ac                _timer6_isr
                0x00000000000033ac                _nmi_isr
                0x00000000000033ac                _i2c2_isr
                0x00000000000033ac                _svc_isr
                0x00000000000033ac                _rtcc_isr
                0x00000000000033ac                _pcnt2_isr
                0x00000000000033ac                _adc0_isr
                0x00000000000033ac                _wtimer3_isr
                0x00000000000033ac                _timer1_isr
                0x00000000000033ac                _pcnt0_isr
                0x00000000000033ac                _sdio_isr
                0x00000000000033ac                _usart1_rx_isr
                0x00000000000033ac                _ldma_isr
                0x00000000000033ac                _cryotimer_isr
                0x00000000000033ac                _usart5_rx_isr
                0x00000000000033ac                _leuart0_isr
                0x00000000000033ac                _usart1_tx_isr
                0x00000000000033ac                _fpueh_isr
                0x00000000000033ac                _qspi0_isr
                0x00000000000033ac                _i2c1_isr
                0x00000000000033ac                _default_isr
                0x00000000000033ac                _gpio_odd_isr
 .text.__libc_init_array
                0x00000000000033ae        0x2 bin/obj/startup.o
                0x00000000000033ae                __libc_init_array
 .text._reset_isr
                0x00000000000033b0       0xa4 bin/obj/startup.o
                0x00000000000033b0                _reset_isr
 .text.adc_init
                0x0000000000003454       0x38 bin/obj/adc.o
                0x0000000000003454                adc_init
 .text.adc_get_avdd
                0x000000000000348c       0x88 bin/obj/adc.o
                0x000000000000348c                adc_get_avdd
 .text.adc_get_dvdd
                0x0000000000003514       0x88 bin/obj/adc.o
                0x0000000000003514                adc_get_dvdd
 .text.adc_get_iovdd
                0x000000000000359c       0x88 bin/obj/adc.o
                0x000000000000359c                adc_get_iovdd
 .text.adc_get_corevdd
                0x0000000000003624       0x88 bin/obj/adc.o
                0x0000000000003624                adc_get_corevdd
 .text.adc_get_temperature
                0x00000000000036ac       0xb8 bin/obj/adc.o
                0x00000000000036ac                adc_get_temperature
 .text._out_buffer
                0x0000000000003764        0x8 bin/obj/printf/printf.o
 .text._out_null
                0x000000000000376c        0x2 bin/obj/printf/printf.o
 .text._ntoa_format
                0x000000000000376e      0x14a bin/obj/printf/printf.o
 .text._ntoa_long
                0x00000000000038b8       0x84 bin/obj/printf/printf.o
 .text._ntoa_long_long
                0x000000000000393c       0x98 bin/obj/printf/printf.o
 .text._out_char
                0x00000000000039d4        0x8 bin/obj/printf/printf.o
 *fill*         0x00000000000039dc        0x4 
 .text._vsnprintf
                0x00000000000039e0      0x6dc bin/obj/printf/printf.o
 .text.printf   0x00000000000040bc       0x28 bin/obj/printf/printf.o
                0x00000000000040bc                printf
 .text.snprintf
                0x00000000000040e4       0x28 bin/obj/printf/printf.o
                0x00000000000040e4                snprintf
 .text.roundf   0x000000000000410c       0x60 /etc/gcc-arm-none-eabi-8-2018-q4-major/bin/../lib/gcc/arm-none-eabi/8.2.1/../../../../arm-none-eabi/lib/thumb/v7e-m+fp/hard/libm.a(lib_a-sf_round.o)
                0x000000000000410c                roundf
 .text.malloc   0x000000000000416c       0x10 /etc/gcc-arm-none-eabi-8-2018-q4-major/bin/../lib/gcc/arm-none-eabi/8.2.1/../../../../arm-none-eabi/lib/thumb/v7e-m+fp/hard/libc_nano.a(lib_a-malloc.o)
                0x000000000000416c                malloc
 .text.free     0x000000000000417c       0x10 /etc/gcc-arm-none-eabi-8-2018-q4-major/bin/../lib/gcc/arm-none-eabi/8.2.1/../../../../arm-none-eabi/lib/thumb/v7e-m+fp/hard/libc_nano.a(lib_a-malloc.o)
                0x000000000000417c                free
 .text._free_r  0x000000000000418c       0x9c /etc/gcc-arm-none-eabi-8-2018-q4-major/bin/../lib/gcc/arm-none-eabi/8.2.1/../../../../arm-none-eabi/lib/thumb/v7e-m+fp/hard/libc_nano.a(lib_a-nano-freer.o)
                0x000000000000418c                _free_r
 .text._malloc_r
                0x0000000000004228       0xb4 /etc/gcc-arm-none-eabi-8-2018-q4-major/bin/../lib/gcc/arm-none-eabi/8.2.1/../../../../arm-none-eabi/lib/thumb/v7e-m+fp/hard/libc_nano.a(lib_a-nano-mallocr.o)
                0x0000000000004228                _malloc_r
 .text._sbrk_r  0x00000000000042dc       0x20 /etc/gcc-arm-none-eabi-8-2018-q4-major/bin/../lib/gcc/arm-none-eabi/8.2.1/../../../../arm-none-eabi/lib/thumb/v7e-m+fp/hard/libc_nano.a(lib_a-sbrkr.o)
                0x00000000000042dc                _sbrk_r
 .text.__malloc_lock
                0x00000000000042fc        0xc /etc/gcc-arm-none-eabi-8-2018-q4-major/bin/../lib/gcc/arm-none-eabi/8.2.1/../../../../arm-none-eabi/lib/thumb/v7e-m+fp/hard/libc_nano.a(lib_a-mlock.o)
                0x00000000000042fc                __malloc_lock
 .text.__malloc_unlock
                0x0000000000004308        0xc /etc/gcc-arm-none-eabi-8-2018-q4-major/bin/../lib/gcc/arm-none-eabi/8.2.1/../../../../arm-none-eabi/lib/thumb/v7e-m+fp/hard/libc_nano.a(lib_a-mlock.o)
                0x0000000000004308                __malloc_unlock
 .text.__retarget_lock_acquire_recursive
                0x0000000000004314        0x2 /etc/gcc-arm-none-eabi-8-2018-q4-major/bin/../lib/gcc/arm-none-eabi/8.2.1/../../../../arm-none-eabi/lib/thumb/v7e-m+fp/hard/libc_nano.a(lib_a-lock.o)
                0x0000000000004314                __retarget_lock_acquire_recursive
 .text.__retarget_lock_release_recursive
                0x0000000000004316        0x2 /etc/gcc-arm-none-eabi-8-2018-q4-major/bin/../lib/gcc/arm-none-eabi/8.2.1/../../../../arm-none-eabi/lib/thumb/v7e-m+fp/hard/libc_nano.a(lib_a-lock.o)
                0x0000000000004316                __retarget_lock_release_recursive
 .text._sbrk    0x0000000000004318       0x1c /etc/gcc-arm-none-eabi-8-2018-q4-major/bin/../lib/gcc/arm-none-eabi/8.2.1/../../../../arm-none-eabi/lib/thumb/v7e-m+fp/hard/libnosys.a(sbrk.o)
                0x0000000000004318                _sbrk
 *(.rodata)
 *(.rodata*)
 .rodata.__FUNCTION__.7587
                0x0000000000004334       0x16 bin/obj/exc_handler.o
 .rodata.__FUNCTION__.7600
                0x000000000000434a       0x16 bin/obj/exc_handler.o
 .rodata.__FUNCTION__.7613
                0x0000000000004360       0x15 bin/obj/exc_handler.o
 .rodata.__FUNCTION__.7626
                0x0000000000004375       0x17 bin/obj/exc_handler.o
 .rodata.busfault_trace_stack.str1.1
                0x000000000000438c       0x4f bin/obj/exc_handler.o
 .rodata.hardfault_trace_stack.str1.1
                0x00000000000043db      0x178 bin/obj/exc_handler.o
 .rodata.memmanage_trace_stack.str1.1
                0x0000000000004553       0x5f bin/obj/exc_handler.o
 .rodata.usagefault_trace_stack.str1.1
                0x00000000000045b2       0x3a bin/obj/exc_handler.o
 .rodata.__FUNCTION__.9048
                0x00000000000045ec        0x5 bin/obj/main.o
 .rodata.__FUNCTION__.9055
                0x00000000000045f1        0x5 bin/obj/main.o
 .rodata.get_device_name.str1.1
                0x00000000000045f6      0x235 bin/obj/main.o
                                        0x238 (size before relaxing)
 .rodata.init.str1.1
                0x000000000000482b      0x86b bin/obj/main.o
 .rodata.main.str1.1
                0x0000000000005096      0x1cf bin/obj/main.o
 *fill*         0x0000000000005265        0x3 
 .rodata.pow10.5152
                0x0000000000005268       0x50 bin/obj/printf/printf.o
 *(.glue_7)
 .glue_7        0x00000000000052b8        0x0 linker stubs
 *(.glue_7t)
 .glue_7t       0x00000000000052b8        0x0 linker stubs
 *(.init)
 *(.fini)
                0x00000000000052b8                . = ALIGN (0x4)
                0x00000000000052b8                _etext = .

.vfp11_veneer   0x00000000000052b8        0x0
 .vfp11_veneer  0x00000000000052b8        0x0 linker stubs

.v4_bx          0x00000000000052b8        0x0
 .v4_bx         0x00000000000052b8        0x0 linker stubs

.iplt           0x00000000000052b8        0x0
 .iplt          0x00000000000052b8        0x0 bin/obj/cmu.o

.ARM.extab
 *(.ARM.extab* .gnu.linkonce.armextab.*)

.ARM            0x00000000000052b8        0x8
                0x00000000000052b8                __exidx_start = .
 *(.ARM.exidx*)
 .ARM.exidx     0x00000000000052b8        0x8 /etc/gcc-arm-none-eabi-8-2018-q4-major/bin/../lib/gcc/arm-none-eabi/8.2.1/thumb/v7e-m+fp/hard/libgcc.a(_udivmoddi4.o)
                0x00000000000052c0                __exidx_end = .

.rel.dyn        0x00000000000052c0        0x0
 .rel.iplt      0x00000000000052c0        0x0 bin/obj/cmu.o

.ARM.attributes
                0x00000000000052c0       0x34
 *(.ARM.attributes)
 .ARM.attributes
                0x00000000000052c0       0x34 bin/obj/cmu.o
 .ARM.attributes
                0x00000000000052f4       0x34 bin/obj/crc.o
 .ARM.attributes
                0x0000000000005328       0x34 bin/obj/dbg.o
 .ARM.attributes
                0x000000000000535c       0x34 bin/obj/crypto.o
 .ARM.attributes
                0x0000000000005390       0x34 bin/obj/exc_handler.o
 .ARM.attributes
                0x00000000000053c4       0x34 bin/obj/msc.o
 .ARM.attributes
                0x00000000000053f8       0x34 bin/obj/qspi.o
 .ARM.attributes
                0x000000000000542c       0x34 bin/obj/emu.o
 .ARM.attributes
                0x0000000000005460       0x34 bin/obj/main.o
 .ARM.attributes
                0x0000000000005494       0x34 bin/obj/rtcc.o
 .ARM.attributes
                0x00000000000054c8       0x34 bin/obj/systick.o
 .ARM.attributes
                0x00000000000054fc       0x34 bin/obj/i2c.o
 .ARM.attributes
                0x0000000000005530       0x34 bin/obj/startup.o
 .ARM.attributes
                0x0000000000005564       0x34 bin/obj/adc.o
 .ARM.attributes
                0x0000000000005598       0x34 bin/obj/printf/printf.o
 .ARM.attributes
                0x00000000000055cc       0x34 /etc/gcc-arm-none-eabi-8-2018-q4-major/bin/../lib/gcc/arm-none-eabi/8.2.1/../../../../arm-none-eabi/lib/thumb/v7e-m+fp/hard/libm.a(lib_a-sf_round.o)
 .ARM.attributes
                0x0000000000005600       0x34 /etc/gcc-arm-none-eabi-8-2018-q4-major/bin/../lib/gcc/arm-none-eabi/8.2.1/../../../../arm-none-eabi/lib/thumb/v7e-m+fp/hard/libc_nano.a(lib_a-malloc.o)
 .ARM.attributes
                0x0000000000005634       0x34 /etc/gcc-arm-none-eabi-8-2018-q4-major/bin/../lib/gcc/arm-none-eabi/8.2.1/../../../../arm-none-eabi/lib/thumb/v7e-m+fp/hard/libc_nano.a(lib_a-nano-freer.o)
 .ARM.attributes
                0x0000000000005668       0x34 /etc/gcc-arm-none-eabi-8-2018-q4-major/bin/../lib/gcc/arm-none-eabi/8.2.1/../../../../arm-none-eabi/lib/thumb/v7e-m+fp/hard/libc_nano.a(lib_a-nano-mallocr.o)
 .ARM.attributes
                0x000000000000569c       0x34 /etc/gcc-arm-none-eabi-8-2018-q4-major/bin/../lib/gcc/arm-none-eabi/8.2.1/../../../../arm-none-eabi/lib/thumb/v7e-m+fp/hard/libc_nano.a(lib_a-sbrkr.o)
 .ARM.attributes
                0x00000000000056d0       0x32 /etc/gcc-arm-none-eabi-8-2018-q4-major/bin/../lib/gcc/arm-none-eabi/8.2.1/../../../../arm-none-eabi/lib/thumb/v7e-m+fp/hard/libc_nano.a(lib_a-impure.o)
 .ARM.attributes
                0x0000000000005702       0x34 /etc/gcc-arm-none-eabi-8-2018-q4-major/bin/../lib/gcc/arm-none-eabi/8.2.1/../../../../arm-none-eabi/lib/thumb/v7e-m+fp/hard/libc_nano.a(lib_a-mlock.o)
 .ARM.attributes
                0x0000000000005736       0x34 /etc/gcc-arm-none-eabi-8-2018-q4-major/bin/../lib/gcc/arm-none-eabi/8.2.1/../../../../arm-none-eabi/lib/thumb/v7e-m+fp/hard/libc_nano.a(lib_a-reent.o)
 .ARM.attributes
                0x000000000000576a       0x34 /etc/gcc-arm-none-eabi-8-2018-q4-major/bin/../lib/gcc/arm-none-eabi/8.2.1/../../../../arm-none-eabi/lib/thumb/v7e-m+fp/hard/libc_nano.a(lib_a-lock.o)
 .ARM.attributes
                0x000000000000579e       0x1e /etc/gcc-arm-none-eabi-8-2018-q4-major/bin/../lib/gcc/arm-none-eabi/8.2.1/thumb/v7e-m+fp/hard/libgcc.a(_arm_addsubdf3.o)
 .ARM.attributes
                0x00000000000057bc       0x1e /etc/gcc-arm-none-eabi-8-2018-q4-major/bin/../lib/gcc/arm-none-eabi/8.2.1/thumb/v7e-m+fp/hard/libgcc.a(_arm_muldivdf3.o)
 .ARM.attributes
                0x00000000000057da       0x1e /etc/gcc-arm-none-eabi-8-2018-q4-major/bin/../lib/gcc/arm-none-eabi/8.2.1/thumb/v7e-m+fp/hard/libgcc.a(_arm_cmpdf2.o)
 .ARM.attributes
                0x00000000000057f8       0x1e /etc/gcc-arm-none-eabi-8-2018-q4-major/bin/../lib/gcc/arm-none-eabi/8.2.1/thumb/v7e-m+fp/hard/libgcc.a(_arm_fixdfsi.o)
 .ARM.attributes
                0x0000000000005816       0x1e /etc/gcc-arm-none-eabi-8-2018-q4-major/bin/../lib/gcc/arm-none-eabi/8.2.1/thumb/v7e-m+fp/hard/libgcc.a(_arm_fixunsdfsi.o)
 .ARM.attributes
                0x0000000000005834       0x1e /etc/gcc-arm-none-eabi-8-2018-q4-major/bin/../lib/gcc/arm-none-eabi/8.2.1/thumb/v7e-m+fp/hard/libgcc.a(_aeabi_uldivmod.o)
 .ARM.attributes
                0x0000000000005852       0x34 /etc/gcc-arm-none-eabi-8-2018-q4-major/bin/../lib/gcc/arm-none-eabi/8.2.1/thumb/v7e-m+fp/hard/libgcc.a(_udivmoddi4.o)
 .ARM.attributes
                0x0000000000005886       0x1e /etc/gcc-arm-none-eabi-8-2018-q4-major/bin/../lib/gcc/arm-none-eabi/8.2.1/thumb/v7e-m+fp/hard/libgcc.a(_dvmd_tls.o)
 .ARM.attributes
                0x00000000000058a4       0x34 /etc/gcc-arm-none-eabi-8-2018-q4-major/bin/../lib/gcc/arm-none-eabi/8.2.1/../../../../arm-none-eabi/lib/thumb/v7e-m+fp/hard/libnosys.a(sbrk.o)

.preinit_array  0x00000000000052c0        0x0
                [!provide]                        PROVIDE (__preinit_array_start = .)
 *(.preinit_array*)
                [!provide]                        PROVIDE (__preinit_array_end = .)

.init_array     0x00000000000052c0        0x0
                [!provide]                        PROVIDE (__init_array_start = .)
 *(SORT_BY_NAME(.init_array.*))
 *(.init_array*)
                [!provide]                        PROVIDE (__init_array_end = .)

.fini_array     0x00000000000052c0        0x0
                [!provide]                        PROVIDE (__fini_array_start = .)
 *(.fini_array*)
 *(SORT_BY_NAME(.fini_array.*))
                [!provide]                        PROVIDE (__fini_array_end = .)
                0x00000000000052c0                _siiram0 = LOADADDR (.iram0.text)

.iram0.text     0x0000000010000000        0x0 load address 0x00000000000052c0
                0x0000000010000000                . = ALIGN (0x4)
                0x0000000010000000                _siram0 = .
 *(.iram0.text)
 *(.iram0.text*)
                0x0000000010000000                . = ALIGN (0x4)
                0x0000000010000000                _eiram0 = .

.irom1.text     0x000000000fe10000        0x0
                0x000000000fe10000                . = ALIGN (0x4)
                0x000000000fe10000                _sirom1 = .
 *(.irom1.text)
 *(.irom1.text*)
                0x000000000fe10000                . = ALIGN (0x4)
                0x000000000fe10000                _eirom1 = .

.irom2.text     0x0000000004000000        0x0
                0x0000000004000000                . = ALIGN (0x4)
                0x0000000004000000                _sirom2 = .
 *(.irom2.text)
 *(.irom2.text*)
                0x0000000004000000                . = ALIGN (0x4)
                0x0000000004000000                _eirom2 = .
                0x00000000000052c0                _sidata = LOADADDR (.data)

.data           0x0000000020000000       0x78 load address 0x00000000000052c0
                0x0000000020000000                . = ALIGN (0x4)
                0x0000000020000000                _sdata = .
 *(.data)
 *(.data*)
 .data.AUXHFRCO_VALUE
                0x0000000020000000        0x4 bin/obj/cmu.o
                0x0000000020000000                AUXHFRCO_VALUE
 .data.HFRCO_VALUE
                0x0000000020000004        0x4 bin/obj/cmu.o
                0x0000000020000004                HFRCO_VALUE
 .data.LFRCO_VALUE
                0x0000000020000008        0x4 bin/obj/cmu.o
                0x0000000020000008                LFRCO_VALUE
 .data.ULFRCO_VALUE
                0x000000002000000c        0x4 bin/obj/cmu.o
                0x000000002000000c                ULFRCO_VALUE
 .data.USHFRCO_VALUE
                0x0000000020000010        0x4 bin/obj/cmu.o
                0x0000000020000010                USHFRCO_VALUE
 .data._impure_ptr
                0x0000000020000014        0x4 /etc/gcc-arm-none-eabi-8-2018-q4-major/bin/../lib/gcc/arm-none-eabi/8.2.1/../../../../arm-none-eabi/lib/thumb/v7e-m+fp/hard/libc_nano.a(lib_a-impure.o)
                0x0000000020000014                _impure_ptr
 .data.impure_data
                0x0000000020000018       0x60 /etc/gcc-arm-none-eabi-8-2018-q4-major/bin/../lib/gcc/arm-none-eabi/8.2.1/../../../../arm-none-eabi/lib/thumb/v7e-m+fp/hard/libc_nano.a(lib_a-impure.o)
                0x0000000020000078                . = ALIGN (0x4)
                0x0000000020000078                _edata = .

.igot.plt       0x0000000020000078        0x0 load address 0x0000000000005338
 .igot.plt      0x0000000020000078        0x0 bin/obj/cmu.o

.drom0.data     0x000000000fe00000        0x0
                0x000000000fe00000                . = ALIGN (0x4)
                0x000000000fe00000                _sdrom0 = .
 *(.drom0.data)
 *(.drom0.data*)
                0x000000000fe00000                . = ALIGN (0x4)
                0x000000000fe00000                _edrom0 = .

.drom1.data     0x00000000c0000000        0x0
                0x00000000c0000000                . = ALIGN (0x4)
                0x00000000c0000000                _sdrom1 = .
 *(.drom1.data)
 *(.drom1.data*)
                0x00000000c0000000                . = ALIGN (0x4)
                0x00000000c0000000                _edrom1 = .

.bss            0x0000000020000078       0xa4
                0x0000000020000078                . = ALIGN (0x4)
                0x0000000020000078                _sbss = .
                0x0000000020000078                __bss_start__ = _sbss
 *(.bss)
 *(.bss*)
 .bss.g_ubAVDDLow
                0x0000000020000078        0x1 bin/obj/emu.o
                0x0000000020000078                g_ubAVDDLow
 .bss.g_ubAltAVDDLow
                0x0000000020000079        0x1 bin/obj/emu.o
                0x0000000020000079                g_ubAltAVDDLow
 .bss.g_ubDVDDLow
                0x000000002000007a        0x1 bin/obj/emu.o
                0x000000002000007a                g_ubDVDDLow
 .bss.g_ubIOVDDLow
                0x000000002000007b        0x1 bin/obj/emu.o
                0x000000002000007b                g_ubIOVDDLow
 *fill*         0x000000002000007c        0x4 
 .bss.g_ullSystemTick
                0x0000000020000080        0x8 bin/obj/systick.o
                0x0000000020000080                g_ullSystemTick
 .bss.__malloc_free_list
                0x0000000020000088        0x4 /etc/gcc-arm-none-eabi-8-2018-q4-major/bin/../lib/gcc/arm-none-eabi/8.2.1/../../../../arm-none-eabi/lib/thumb/v7e-m+fp/hard/libc_nano.a(lib_a-nano-mallocr.o)
                0x0000000020000088                __malloc_free_list
 .bss.__malloc_sbrk_start
                0x000000002000008c        0x4 /etc/gcc-arm-none-eabi-8-2018-q4-major/bin/../lib/gcc/arm-none-eabi/8.2.1/../../../../arm-none-eabi/lib/thumb/v7e-m+fp/hard/libc_nano.a(lib_a-nano-mallocr.o)
                0x000000002000008c                __malloc_sbrk_start
 .bss.heap_end.5501
                0x0000000020000090        0x4 /etc/gcc-arm-none-eabi-8-2018-q4-major/bin/../lib/gcc/arm-none-eabi/8.2.1/../../../../arm-none-eabi/lib/thumb/v7e-m+fp/hard/libnosys.a(sbrk.o)
 *(COMMON)
 COMMON         0x0000000020000094       0x78 bin/obj/cmu.o
                0x0000000020000094                LETIMER0_CLOCK_FREQ
                0x0000000020000098                USB_CLOCK_FREQ
                0x000000002000009c                CSEN_CLOCK_FREQ
                0x00000000200000a0                LFA_CLOCK_FREQ
                0x00000000200000a4                HFLE_CLOCK_FREQ
                0x00000000200000a8                SYSTICK_CLOCK_FREQ
                0x00000000200000ac                LETIMER1_CLOCK_FREQ
                0x00000000200000b0                ADC0_CLOCK_FREQ
                0x00000000200000b4                LFB_CLOCK_FREQ
                0x00000000200000b8                HFCORE_CLOCK_FREQ
                0x00000000200000bc                ADC1_CLOCK_FREQ
                0x00000000200000c0                RTCC_CLOCK_FREQ
                0x00000000200000c4                LEUART1_CLOCK_FREQ
                0x00000000200000c8                LFE_CLOCK_FREQ
                0x00000000200000cc                HFSRC_CLOCK_FREQ
                0x00000000200000d0                HFBUS_CLOCK_FREQ
                0x00000000200000d4                QSPI_CLOCK_FREQ
                0x00000000200000d8                HFPERC_CLOCK_FREQ
                0x00000000200000dc                HFEXP_CLOCK_FREQ
                0x00000000200000e0                HFPERB_CLOCK_FREQ
                0x00000000200000e4                LFC_CLOCK_FREQ
                0x00000000200000e8                AUX_CLOCK_FREQ
                0x00000000200000ec                HFPER_CLOCK_FREQ
                0x00000000200000f0                SDIO_CLOCK_FREQ
                0x00000000200000f4                HF_CLOCK_FREQ
                0x00000000200000f8                LESENSE_CLOCK_FREQ
                0x00000000200000fc                RTC_CLOCK_FREQ
                0x0000000020000100                LCD_CLOCK_FREQ
                0x0000000020000104                LEUART0_CLOCK_FREQ
                0x0000000020000108                DBG_CLOCK_FREQ
 COMMON         0x000000002000010c        0x4 /etc/gcc-arm-none-eabi-8-2018-q4-major/bin/../lib/gcc/arm-none-eabi/8.2.1/../../../../arm-none-eabi/lib/thumb/v7e-m+fp/hard/libc_nano.a(lib_a-reent.o)
                0x000000002000010c                errno
 COMMON         0x0000000020000110        0x9 /etc/gcc-arm-none-eabi-8-2018-q4-major/bin/../lib/gcc/arm-none-eabi/8.2.1/../../../../arm-none-eabi/lib/thumb/v7e-m+fp/hard/libc_nano.a(lib_a-lock.o)
                0x0000000020000110                __lock___atexit_recursive_mutex
                0x0000000020000111                __lock___arc4random_mutex
                0x0000000020000112                __lock___env_recursive_mutex
                0x0000000020000113                __lock___sinit_recursive_mutex
                0x0000000020000114                __lock___malloc_recursive_mutex
                0x0000000020000115                __lock___at_quick_exit_mutex
                0x0000000020000116                __lock___dd_hash_mutex
                0x0000000020000117                __lock___tz_mutex
                0x0000000020000118                __lock___sfp_recursive_mutex
                0x000000002000011c                . = ALIGN (0x4)
 *fill*         0x0000000020000119        0x3 
                0x000000002000011c                _ebss = .
                0x000000002000011c                __bss_end__ = _ebss
                0x000000002000011c                PROVIDE (end = _ebss)
                [!provide]                        PROVIDE (_end = _ebss)

.min_heap_stack
                0x000000002000011c      0xc00
                0x000000002000011c                . = ALIGN (0x4)
                0x000000002000091c                . = (. + _min_heap_size)
 *fill*         0x000000002000011c      0x800 
                0x0000000020000d1c                . = (. + _min_stack_size)
 *fill*         0x000000002000091c      0x400 
                0x0000000020000d1c                . = ALIGN (0x4)

/DISCARD/
 libc.a(*)
 libm.a(*)
 libgcc.a(*)
OUTPUT(bin/v1.test.elf elf32-littlearm)

.debug_info     0x0000000000000000     0xf41e
 .debug_info    0x0000000000000000     0x1425 bin/obj/cmu.o
 .debug_info    0x0000000000001425      0x6b8 bin/obj/crc.o
 .debug_info    0x0000000000001add      0xee4 bin/obj/dbg.o
 .debug_info    0x00000000000029c1      0xc2b bin/obj/crypto.o
 .debug_info    0x00000000000035ec      0xf6a bin/obj/exc_handler.o
 .debug_info    0x0000000000004556      0x38e bin/obj/msc.o
 .debug_info    0x00000000000048e4     0x23a3 bin/obj/qspi.o
 .debug_info    0x0000000000006c87     0x1cb3 bin/obj/emu.o
 .debug_info    0x000000000000893a     0x2ac4 bin/obj/main.o
 .debug_info    0x000000000000b3fe      0x94f bin/obj/rtcc.o
 .debug_info    0x000000000000bd4d      0x4fb bin/obj/systick.o
 .debug_info    0x000000000000c248      0xa55 bin/obj/i2c.o
 .debug_info    0x000000000000cc9d      0x409 bin/obj/startup.o
 .debug_info    0x000000000000d0a6     0x1106 bin/obj/adc.o
 .debug_info    0x000000000000e1ac     0x1272 bin/obj/printf/printf.o

.debug_abbrev   0x0000000000000000     0x2132
 .debug_abbrev  0x0000000000000000      0x2a9 bin/obj/cmu.o
 .debug_abbrev  0x00000000000002a9      0x154 bin/obj/crc.o
 .debug_abbrev  0x00000000000003fd      0x268 bin/obj/dbg.o
 .debug_abbrev  0x0000000000000665      0x1cf bin/obj/crypto.o
 .debug_abbrev  0x0000000000000834      0x1f8 bin/obj/exc_handler.o
 .debug_abbrev  0x0000000000000a2c      0x13f bin/obj/msc.o
 .debug_abbrev  0x0000000000000b6b      0x44b bin/obj/qspi.o
 .debug_abbrev  0x0000000000000fb6      0x33e bin/obj/emu.o
 .debug_abbrev  0x00000000000012f4      0x3ba bin/obj/main.o
 .debug_abbrev  0x00000000000016ae      0x160 bin/obj/rtcc.o
 .debug_abbrev  0x000000000000180e      0x127 bin/obj/systick.o
 .debug_abbrev  0x0000000000001935      0x152 bin/obj/i2c.o
 .debug_abbrev  0x0000000000001a87      0x172 bin/obj/startup.o
 .debug_abbrev  0x0000000000001bf9      0x13b bin/obj/adc.o
 .debug_abbrev  0x0000000000001d34      0x3fe bin/obj/printf/printf.o

.debug_loc      0x0000000000000000     0x4219
 .debug_loc     0x0000000000000000      0x333 bin/obj/cmu.o
 .debug_loc     0x0000000000000333       0xd7 bin/obj/crc.o
 .debug_loc     0x000000000000040a       0x64 bin/obj/dbg.o
 .debug_loc     0x000000000000046e      0x500 bin/obj/crypto.o
 .debug_loc     0x000000000000096e       0xe8 bin/obj/exc_handler.o
 .debug_loc     0x0000000000000a56      0x970 bin/obj/qspi.o
 .debug_loc     0x00000000000013c6      0x72c bin/obj/emu.o
 .debug_loc     0x0000000000001af2      0x25c bin/obj/main.o
 .debug_loc     0x0000000000001d4e       0x1a bin/obj/systick.o
 .debug_loc     0x0000000000001d68      0x4eb bin/obj/i2c.o
 .debug_loc     0x0000000000002253       0xdd bin/obj/startup.o
 .debug_loc     0x0000000000002330      0x25f bin/obj/adc.o
 .debug_loc     0x000000000000258f     0x1c8a bin/obj/printf/printf.o

.debug_aranges  0x0000000000000000      0x4d8
 .debug_aranges
                0x0000000000000000       0xa8 bin/obj/cmu.o
 .debug_aranges
                0x00000000000000a8       0x28 bin/obj/crc.o
 .debug_aranges
                0x00000000000000d0       0x50 bin/obj/dbg.o
 .debug_aranges
                0x0000000000000120       0x30 bin/obj/crypto.o
 .debug_aranges
                0x0000000000000150       0x58 bin/obj/exc_handler.o
 .debug_aranges
                0x00000000000001a8       0x40 bin/obj/msc.o
 .debug_aranges
                0x00000000000001e8       0xb8 bin/obj/qspi.o
 .debug_aranges
                0x00000000000002a0       0x60 bin/obj/emu.o
 .debug_aranges
                0x0000000000000300       0x30 bin/obj/main.o
 .debug_aranges
                0x0000000000000330       0x38 bin/obj/rtcc.o
 .debug_aranges
                0x0000000000000368       0x30 bin/obj/systick.o
 .debug_aranges
                0x0000000000000398       0x48 bin/obj/i2c.o
 .debug_aranges
                0x00000000000003e0       0x30 bin/obj/startup.o
 .debug_aranges
                0x0000000000000410       0x48 bin/obj/adc.o
 .debug_aranges
                0x0000000000000458       0x80 bin/obj/printf/printf.o

.debug_ranges   0x0000000000000000      0x7c0
 .debug_ranges  0x0000000000000000       0xb0 bin/obj/cmu.o
 .debug_ranges  0x00000000000000b0       0x18 bin/obj/crc.o
 .debug_ranges  0x00000000000000c8       0x40 bin/obj/dbg.o
 .debug_ranges  0x0000000000000108      0x120 bin/obj/crypto.o
 .debug_ranges  0x0000000000000228       0x48 bin/obj/exc_handler.o
 .debug_ranges  0x0000000000000270       0x30 bin/obj/msc.o
 .debug_ranges  0x00000000000002a0      0x188 bin/obj/qspi.o
 .debug_ranges  0x0000000000000428       0x50 bin/obj/emu.o
 .debug_ranges  0x0000000000000478       0x38 bin/obj/main.o
 .debug_ranges  0x00000000000004b0       0x28 bin/obj/rtcc.o
 .debug_ranges  0x00000000000004d8       0x20 bin/obj/systick.o
 .debug_ranges  0x00000000000004f8       0x38 bin/obj/i2c.o
 .debug_ranges  0x0000000000000530       0x20 bin/obj/startup.o
 .debug_ranges  0x0000000000000550       0x38 bin/obj/adc.o
 .debug_ranges  0x0000000000000588      0x238 bin/obj/printf/printf.o

.debug_line     0x0000000000000000     0x58bb
 .debug_line    0x0000000000000000      0xde4 bin/obj/cmu.o
 .debug_line    0x0000000000000de4      0x246 bin/obj/crc.o
 .debug_line    0x000000000000102a      0x30f bin/obj/dbg.o
 .debug_line    0x0000000000001339      0x5f3 bin/obj/crypto.o
 .debug_line    0x000000000000192c      0x471 bin/obj/exc_handler.o
 .debug_line    0x0000000000001d9d      0x282 bin/obj/msc.o
 .debug_line    0x000000000000201f      0x9a1 bin/obj/qspi.o
 .debug_line    0x00000000000029c0      0x6d2 bin/obj/emu.o
 .debug_line    0x0000000000003092      0x825 bin/obj/main.o
 .debug_line    0x00000000000038b7      0x291 bin/obj/rtcc.o
 .debug_line    0x0000000000003b48      0x20c bin/obj/systick.o
 .debug_line    0x0000000000003d54      0x731 bin/obj/i2c.o
 .debug_line    0x0000000000004485      0x241 bin/obj/startup.o
 .debug_line    0x00000000000046c6      0x5b8 bin/obj/adc.o
 .debug_line    0x0000000000004c7e      0xc3d bin/obj/printf/printf.o

.debug_str      0x0000000000000000     0x2b77
 .debug_str     0x0000000000000000      0xc85 bin/obj/cmu.o
                                        0xd65 (size before relaxing)
 .debug_str     0x0000000000000c85       0x7e bin/obj/crc.o
                                        0x58c (size before relaxing)
 .debug_str     0x0000000000000d03      0x217 bin/obj/dbg.o
                                        0x98b (size before relaxing)
 .debug_str     0x0000000000000f1a      0x1b3 bin/obj/crypto.o
                                        0x6e9 (size before relaxing)
 .debug_str     0x00000000000010cd      0x1e9 bin/obj/exc_handler.o
                                        0x428 (size before relaxing)
 .debug_str     0x00000000000012b6       0x67 bin/obj/msc.o
                                        0x387 (size before relaxing)
 .debug_str     0x000000000000131d      0x8f3 bin/obj/qspi.o
                                       0x1099 (size before relaxing)
 .debug_str     0x0000000000001c10      0x7dc bin/obj/emu.o
                                       0x12a8 (size before relaxing)
 .debug_str     0x00000000000023ec      0x281 bin/obj/main.o
                                       0x14d1 (size before relaxing)
 .debug_str     0x000000000000266d       0x88 bin/obj/rtcc.o
                                        0x7eb (size before relaxing)
 .debug_str     0x00000000000026f5       0x49 bin/obj/systick.o
                                        0x4e5 (size before relaxing)
 .debug_str     0x000000000000273e       0xdf bin/obj/i2c.o
                                        0x829 (size before relaxing)
 .debug_str     0x000000000000281d       0xaf bin/obj/startup.o
                                        0x2ec (size before relaxing)
 .debug_str     0x00000000000028cc      0x155 bin/obj/adc.o
                                        0xced (size before relaxing)
 .debug_str     0x0000000000002a21      0x156 bin/obj/printf/printf.o
                                        0x347 (size before relaxing)

.comment        0x0000000000000000       0x75
 .comment       0x0000000000000000       0x75 bin/obj/cmu.o
                                         0x76 (size before relaxing)
 .comment       0x0000000000000075       0x76 bin/obj/crc.o
 .comment       0x0000000000000075       0x76 bin/obj/dbg.o
 .comment       0x0000000000000075       0x76 bin/obj/crypto.o
 .comment       0x0000000000000075       0x76 bin/obj/exc_handler.o
 .comment       0x0000000000000075       0x76 bin/obj/msc.o
 .comment       0x0000000000000075       0x76 bin/obj/qspi.o
 .comment       0x0000000000000075       0x76 bin/obj/emu.o
 .comment       0x0000000000000075       0x76 bin/obj/main.o
 .comment       0x0000000000000075       0x76 bin/obj/rtcc.o
 .comment       0x0000000000000075       0x76 bin/obj/systick.o
 .comment       0x0000000000000075       0x76 bin/obj/i2c.o
 .comment       0x0000000000000075       0x76 bin/obj/startup.o
 .comment       0x0000000000000075       0x76 bin/obj/adc.o
 .comment       0x0000000000000075       0x76 bin/obj/printf/printf.o

.debug_frame    0x0000000000000000     0x106c
 .debug_frame   0x0000000000000000      0x160 bin/obj/cmu.o
 .debug_frame   0x0000000000000160       0x3c bin/obj/crc.o
 .debug_frame   0x000000000000019c       0x98 bin/obj/dbg.o
 .debug_frame   0x0000000000000234       0x78 bin/obj/crypto.o
 .debug_frame   0x00000000000002ac       0xb0 bin/obj/exc_handler.o
 .debug_frame   0x000000000000035c       0x70 bin/obj/msc.o
 .debug_frame   0x00000000000003cc      0x254 bin/obj/qspi.o
 .debug_frame   0x0000000000000620      0x10c bin/obj/emu.o
 .debug_frame   0x000000000000072c       0x94 bin/obj/main.o
 .debug_frame   0x00000000000007c0       0x58 bin/obj/rtcc.o
 .debug_frame   0x0000000000000818       0x60 bin/obj/systick.o
 .debug_frame   0x0000000000000878       0xac bin/obj/i2c.o
 .debug_frame   0x0000000000000924       0x48 bin/obj/startup.o
 .debug_frame   0x000000000000096c       0x78 bin/obj/adc.o
 .debug_frame   0x00000000000009e4      0x1cc bin/obj/printf/printf.o
 .debug_frame   0x0000000000000bb0       0x34 /etc/gcc-arm-none-eabi-8-2018-q4-major/bin/../lib/gcc/arm-none-eabi/8.2.1/../../../../arm-none-eabi/lib/thumb/v7e-m+fp/hard/libm.a(lib_a-sf_round.o)
 .debug_frame   0x0000000000000be4       0x30 /etc/gcc-arm-none-eabi-8-2018-q4-major/bin/../lib/gcc/arm-none-eabi/8.2.1/../../../../arm-none-eabi/lib/thumb/v7e-m+fp/hard/libc_nano.a(lib_a-malloc.o)
 .debug_frame   0x0000000000000c14       0x38 /etc/gcc-arm-none-eabi-8-2018-q4-major/bin/../lib/gcc/arm-none-eabi/8.2.1/../../../../arm-none-eabi/lib/thumb/v7e-m+fp/hard/libc_nano.a(lib_a-nano-freer.o)
 .debug_frame   0x0000000000000c4c       0x30 /etc/gcc-arm-none-eabi-8-2018-q4-major/bin/../lib/gcc/arm-none-eabi/8.2.1/../../../../arm-none-eabi/lib/thumb/v7e-m+fp/hard/libc_nano.a(lib_a-nano-mallocr.o)
 .debug_frame   0x0000000000000c7c       0x2c /etc/gcc-arm-none-eabi-8-2018-q4-major/bin/../lib/gcc/arm-none-eabi/8.2.1/../../../../arm-none-eabi/lib/thumb/v7e-m+fp/hard/libc_nano.a(lib_a-sbrkr.o)
 .debug_frame   0x0000000000000ca8       0x30 /etc/gcc-arm-none-eabi-8-2018-q4-major/bin/../lib/gcc/arm-none-eabi/8.2.1/../../../../arm-none-eabi/lib/thumb/v7e-m+fp/hard/libc_nano.a(lib_a-mlock.o)
 .debug_frame   0x0000000000000cd8       0x5c /etc/gcc-arm-none-eabi-8-2018-q4-major/bin/../lib/gcc/arm-none-eabi/8.2.1/../../../../arm-none-eabi/lib/thumb/v7e-m+fp/hard/libc_nano.a(lib_a-reent.o)
 .debug_frame   0x0000000000000d34       0xb0 /etc/gcc-arm-none-eabi-8-2018-q4-major/bin/../lib/gcc/arm-none-eabi/8.2.1/../../../../arm-none-eabi/lib/thumb/v7e-m+fp/hard/libc_nano.a(lib_a-lock.o)
 .debug_frame   0x0000000000000de4       0xac /etc/gcc-arm-none-eabi-8-2018-q4-major/bin/../lib/gcc/arm-none-eabi/8.2.1/thumb/v7e-m+fp/hard/libgcc.a(_arm_addsubdf3.o)
 .debug_frame   0x0000000000000e90       0x50 /etc/gcc-arm-none-eabi-8-2018-q4-major/bin/../lib/gcc/arm-none-eabi/8.2.1/thumb/v7e-m+fp/hard/libgcc.a(_arm_muldivdf3.o)
 .debug_frame   0x0000000000000ee0       0xc4 /etc/gcc-arm-none-eabi-8-2018-q4-major/bin/../lib/gcc/arm-none-eabi/8.2.1/thumb/v7e-m+fp/hard/libgcc.a(_arm_cmpdf2.o)
 .debug_frame   0x0000000000000fa4       0x24 /etc/gcc-arm-none-eabi-8-2018-q4-major/bin/../lib/gcc/arm-none-eabi/8.2.1/thumb/v7e-m+fp/hard/libgcc.a(_arm_fixdfsi.o)
 .debug_frame   0x0000000000000fc8       0x24 /etc/gcc-arm-none-eabi-8-2018-q4-major/bin/../lib/gcc/arm-none-eabi/8.2.1/thumb/v7e-m+fp/hard/libgcc.a(_arm_fixunsdfsi.o)
 .debug_frame   0x0000000000000fec       0x2c /etc/gcc-arm-none-eabi-8-2018-q4-major/bin/../lib/gcc/arm-none-eabi/8.2.1/thumb/v7e-m+fp/hard/libgcc.a(_aeabi_uldivmod.o)
 .debug_frame   0x0000000000001018       0x34 /etc/gcc-arm-none-eabi-8-2018-q4-major/bin/../lib/gcc/arm-none-eabi/8.2.1/thumb/v7e-m+fp/hard/libgcc.a(_udivmoddi4.o)
 .debug_frame   0x000000000000104c       0x20 /etc/gcc-arm-none-eabi-8-2018-q4-major/bin/../lib/gcc/arm-none-eabi/8.2.1/../../../../arm-none-eabi/lib/thumb/v7e-m+fp/hard/libnosys.a(sbrk.o)
